<?xml version="1.0"?>
<link_info>
   <banner>TI ARM Linker PC v16.9.4.LTS</banner>
   <copyright>Copyright (c) 1996-2017 Texas Instruments Incorporated</copyright>
   <link_time>0x5cf5936a</link_time>
   <link_errors>0x0</link_errors>
   <output_file>node3.out</output_file>
   <entry_point>
      <name>_c_int00</name>
      <address>0x3ca1</address>
   </entry_point>
   <input_file_list>
      <input_file id="fl-2">
         <path>.\</path>
         <kind>object</kind>
         <file>main.obj</file>
         <name>main.obj</name>
      </input_file>
      <input_file id="fl-3">
         <path>.\</path>
         <kind>object</kind>
         <file>tm4c123gh6pm_startup_ccs.obj</file>
         <name>tm4c123gh6pm_startup_ccs.obj</name>
      </input_file>
      <input_file id="fl-4">
         <path>.\ECU_AL\ECU_CAN\</path>
         <kind>object</kind>
         <file>CAN_TRX.obj</file>
         <name>CAN_TRX.obj</name>
      </input_file>
      <input_file id="fl-5">
         <path>.\ECU_AL\PC_DISPLAY\</path>
         <kind>object</kind>
         <file>uartstdio.obj</file>
         <name>uartstdio.obj</name>
      </input_file>
      <input_file id="fl-6">
         <path>.\MCAL\CAN\</path>
         <kind>object</kind>
         <file>CAN.obj</file>
         <name>CAN.obj</name>
      </input_file>
      <input_file id="fl-7">
         <path>.\MCAL\DIO\</path>
         <kind>object</kind>
         <file>LED.obj</file>
         <name>LED.obj</name>
      </input_file>
      <input_file id="fl-8">
         <path>.\MCAL\systick_timer\</path>
         <kind>object</kind>
         <file>systick_Timer .obj</file>
         <name>systick_Timer .obj</name>
      </input_file>
      <input_file id="fl-9">
         <path>.\MCAL\uart\</path>
         <kind>object</kind>
         <file>uart.obj</file>
         <name>uart.obj</name>
      </input_file>
      <input_file id="fl-a">
         <path>.\Servicelayer\comm\</path>
         <kind>object</kind>
         <file>comm.obj</file>
         <name>comm.obj</name>
      </input_file>
      <input_file id="fl-b">
         <path>.\Servicelayer\diagnostic_manager\</path>
         <kind>object</kind>
         <file>diagnostic.obj</file>
         <name>diagnostic.obj</name>
      </input_file>
      <input_file id="fl-c">
         <path>.\Servicelayer\print\</path>
         <kind>object</kind>
         <file>print.obj</file>
         <name>print.obj</name>
      </input_file>
      <input_file id="fl-d">
         <path>.\application\ADAS\</path>
         <kind>object</kind>
         <file>ADAS.obj</file>
         <name>ADAS.obj</name>
      </input_file>
      <input_file id="fl-e">
         <path>.\application\token_ring\</path>
         <kind>object</kind>
         <file>token_ring.obj</file>
         <name>token_ring.obj</name>
      </input_file>
      <input_file id="fl-f">
         <path>.\driverlib\</path>
         <kind>object</kind>
         <file>adc.obj</file>
         <name>adc.obj</name>
      </input_file>
      <input_file id="fl-10">
         <path>.\driverlib\</path>
         <kind>object</kind>
         <file>aes.obj</file>
         <name>aes.obj</name>
      </input_file>
      <input_file id="fl-11">
         <path>.\driverlib\</path>
         <kind>object</kind>
         <file>can.obj</file>
         <name>can.obj</name>
      </input_file>
      <input_file id="fl-12">
         <path>.\driverlib\</path>
         <kind>object</kind>
         <file>comp.obj</file>
         <name>comp.obj</name>
      </input_file>
      <input_file id="fl-13">
         <path>.\driverlib\</path>
         <kind>object</kind>
         <file>cpu.obj</file>
         <name>cpu.obj</name>
      </input_file>
      <input_file id="fl-14">
         <path>.\driverlib\</path>
         <kind>object</kind>
         <file>crc.obj</file>
         <name>crc.obj</name>
      </input_file>
      <input_file id="fl-15">
         <path>.\driverlib\</path>
         <kind>object</kind>
         <file>des.obj</file>
         <name>des.obj</name>
      </input_file>
      <input_file id="fl-16">
         <path>.\driverlib\</path>
         <kind>object</kind>
         <file>eeprom.obj</file>
         <name>eeprom.obj</name>
      </input_file>
      <input_file id="fl-17">
         <path>.\driverlib\</path>
         <kind>object</kind>
         <file>emac.obj</file>
         <name>emac.obj</name>
      </input_file>
      <input_file id="fl-18">
         <path>.\driverlib\</path>
         <kind>object</kind>
         <file>epi.obj</file>
         <name>epi.obj</name>
      </input_file>
      <input_file id="fl-19">
         <path>.\driverlib\</path>
         <kind>object</kind>
         <file>epi_workaround_ccs.obj</file>
         <name>epi_workaround_ccs.obj</name>
      </input_file>
      <input_file id="fl-1a">
         <path>.\driverlib\</path>
         <kind>object</kind>
         <file>flash.obj</file>
         <name>flash.obj</name>
      </input_file>
      <input_file id="fl-1b">
         <path>.\driverlib\</path>
         <kind>object</kind>
         <file>fpu.obj</file>
         <name>fpu.obj</name>
      </input_file>
      <input_file id="fl-1c">
         <path>.\driverlib\</path>
         <kind>object</kind>
         <file>gpio.obj</file>
         <name>gpio.obj</name>
      </input_file>
      <input_file id="fl-1d">
         <path>.\driverlib\</path>
         <kind>object</kind>
         <file>hibernate.obj</file>
         <name>hibernate.obj</name>
      </input_file>
      <input_file id="fl-1e">
         <path>.\driverlib\</path>
         <kind>object</kind>
         <file>i2c.obj</file>
         <name>i2c.obj</name>
      </input_file>
      <input_file id="fl-1f">
         <path>.\driverlib\</path>
         <kind>object</kind>
         <file>interrupt.obj</file>
         <name>interrupt.obj</name>
      </input_file>
      <input_file id="fl-20">
         <path>.\driverlib\</path>
         <kind>object</kind>
         <file>lcd.obj</file>
         <name>lcd.obj</name>
      </input_file>
      <input_file id="fl-21">
         <path>.\driverlib\</path>
         <kind>object</kind>
         <file>mpu.obj</file>
         <name>mpu.obj</name>
      </input_file>
      <input_file id="fl-22">
         <path>.\driverlib\</path>
         <kind>object</kind>
         <file>onewire.obj</file>
         <name>onewire.obj</name>
      </input_file>
      <input_file id="fl-23">
         <path>.\driverlib\</path>
         <kind>object</kind>
         <file>pwm.obj</file>
         <name>pwm.obj</name>
      </input_file>
      <input_file id="fl-24">
         <path>.\driverlib\</path>
         <kind>object</kind>
         <file>qei.obj</file>
         <name>qei.obj</name>
      </input_file>
      <input_file id="fl-25">
         <path>.\driverlib\</path>
         <kind>object</kind>
         <file>shamd5.obj</file>
         <name>shamd5.obj</name>
      </input_file>
      <input_file id="fl-26">
         <path>.\driverlib\</path>
         <kind>object</kind>
         <file>ssi.obj</file>
         <name>ssi.obj</name>
      </input_file>
      <input_file id="fl-27">
         <path>.\driverlib\</path>
         <kind>object</kind>
         <file>sw_crc.obj</file>
         <name>sw_crc.obj</name>
      </input_file>
      <input_file id="fl-28">
         <path>.\driverlib\</path>
         <kind>object</kind>
         <file>sysctl.obj</file>
         <name>sysctl.obj</name>
      </input_file>
      <input_file id="fl-29">
         <path>.\driverlib\</path>
         <kind>object</kind>
         <file>sysexc.obj</file>
         <name>sysexc.obj</name>
      </input_file>
      <input_file id="fl-2a">
         <path>.\driverlib\</path>
         <kind>object</kind>
         <file>systick.obj</file>
         <name>systick.obj</name>
      </input_file>
      <input_file id="fl-2b">
         <path>.\driverlib\</path>
         <kind>object</kind>
         <file>timer.obj</file>
         <name>timer.obj</name>
      </input_file>
      <input_file id="fl-2c">
         <path>.\driverlib\</path>
         <kind>object</kind>
         <file>uart.obj</file>
         <name>uart.obj</name>
      </input_file>
      <input_file id="fl-2d">
         <path>.\driverlib\</path>
         <kind>object</kind>
         <file>udma.obj</file>
         <name>udma.obj</name>
      </input_file>
      <input_file id="fl-2e">
         <path>.\driverlib\</path>
         <kind>object</kind>
         <file>usb.obj</file>
         <name>usb.obj</name>
      </input_file>
      <input_file id="fl-2f">
         <path>.\driverlib\</path>
         <kind>object</kind>
         <file>watchdog.obj</file>
         <name>watchdog.obj</name>
      </input_file>
      <input_file id="fl-30">
         <path>.\utils\</path>
         <kind>object</kind>
         <file>ustdlib.obj</file>
         <name>ustdlib.obj</name>
      </input_file>
      <input_file id="fl-38">
         <kind>object</kind>
         <file>&lt;internal&gt;</file>
         <name>&lt;internal&gt;</name>
      </input_file>
      <input_file id="fl-ee">
         <path>C:\ti\ccsv7\tools\compiler\ti-cgt-arm_16.9.4.LTS\lib\</path>
         <kind>archive</kind>
         <file>rtsv7M4_T_le_v4SPD16_eabi.lib</file>
         <name>boot.obj</name>
      </input_file>
      <input_file id="fl-ef">
         <path>C:\ti\ccsv7\tools\compiler\ti-cgt-arm_16.9.4.LTS\lib\</path>
         <kind>archive</kind>
         <file>rtsv7M4_T_le_v4SPD16_eabi.lib</file>
         <name>copy_decompress_lzss.obj</name>
      </input_file>
      <input_file id="fl-f0">
         <path>C:\ti\ccsv7\tools\compiler\ti-cgt-arm_16.9.4.LTS\lib\</path>
         <kind>archive</kind>
         <file>rtsv7M4_T_le_v4SPD16_eabi.lib</file>
         <name>copy_decompress_none.obj</name>
      </input_file>
      <input_file id="fl-f1">
         <path>C:\ti\ccsv7\tools\compiler\ti-cgt-arm_16.9.4.LTS\lib\</path>
         <kind>archive</kind>
         <file>rtsv7M4_T_le_v4SPD16_eabi.lib</file>
         <name>copy_zero_init.obj</name>
      </input_file>
      <input_file id="fl-f2">
         <path>C:\ti\ccsv7\tools\compiler\ti-cgt-arm_16.9.4.LTS\lib\</path>
         <kind>archive</kind>
         <file>rtsv7M4_T_le_v4SPD16_eabi.lib</file>
         <name>exit.obj</name>
      </input_file>
      <input_file id="fl-f3">
         <path>C:\ti\ccsv7\tools\compiler\ti-cgt-arm_16.9.4.LTS\lib\</path>
         <kind>archive</kind>
         <file>rtsv7M4_T_le_v4SPD16_eabi.lib</file>
         <name>memcpy_t2.obj</name>
      </input_file>
      <input_file id="fl-f4">
         <path>C:\ti\ccsv7\tools\compiler\ti-cgt-arm_16.9.4.LTS\lib\</path>
         <kind>archive</kind>
         <file>rtsv7M4_T_le_v4SPD16_eabi.lib</file>
         <name>memset_t2.obj</name>
      </input_file>
      <input_file id="fl-f5">
         <path>C:\ti\ccsv7\tools\compiler\ti-cgt-arm_16.9.4.LTS\lib\</path>
         <kind>archive</kind>
         <file>rtsv7M4_T_le_v4SPD16_eabi.lib</file>
         <name>mpu_init.obj</name>
      </input_file>
      <input_file id="fl-f6">
         <path>C:\ti\ccsv7\tools\compiler\ti-cgt-arm_16.9.4.LTS\lib\</path>
         <kind>archive</kind>
         <file>rtsv7M4_T_le_v4SPD16_eabi.lib</file>
         <name>pre_init.obj</name>
      </input_file>
      <input_file id="fl-f7">
         <path>C:\ti\ccsv7\tools\compiler\ti-cgt-arm_16.9.4.LTS\lib\</path>
         <kind>archive</kind>
         <file>rtsv7M4_T_le_v4SPD16_eabi.lib</file>
         <name>stkdepth_vars.obj</name>
      </input_file>
      <input_file id="fl-f8">
         <path>C:\ti\ccsv7\tools\compiler\ti-cgt-arm_16.9.4.LTS\lib\</path>
         <kind>archive</kind>
         <file>rtsv7M4_T_le_v4SPD16_eabi.lib</file>
         <name>u_divt2.obj</name>
      </input_file>
      <input_file id="fl-f9">
         <path>C:\ti\ccsv7\tools\compiler\ti-cgt-arm_16.9.4.LTS\lib\</path>
         <kind>archive</kind>
         <file>rtsv7M4_T_le_v4SPD16_eabi.lib</file>
         <name>_lock.obj</name>
      </input_file>
      <input_file id="fl-fa">
         <path>C:\ti\ccsv7\tools\compiler\ti-cgt-arm_16.9.4.LTS\lib\</path>
         <kind>archive</kind>
         <file>rtsv7M4_T_le_v4SPD16_eabi.lib</file>
         <name>args_main.obj</name>
      </input_file>
      <input_file id="fl-fb">
         <path>C:\ti\ccsv7\tools\compiler\ti-cgt-arm_16.9.4.LTS\lib\</path>
         <kind>archive</kind>
         <file>rtsv7M4_T_le_v4SPD16_eabi.lib</file>
         <name>autoinit.obj</name>
      </input_file>
      <input_file id="fl-fc">
         <path>C:\ti\ccsv7\tools\compiler\ti-cgt-arm_16.9.4.LTS\lib\</path>
         <kind>archive</kind>
         <file>rtsv7M4_T_le_v4SPD16_eabi.lib</file>
         <name>cpy_tbl.obj</name>
      </input_file>
      <input_file id="fl-fd">
         <path>C:\ti\ccsv7\tools\compiler\ti-cgt-arm_16.9.4.LTS\lib\</path>
         <kind>archive</kind>
         <file>rtsv7M4_T_le_v4SPD16_eabi.lib</file>
         <name>i_div0.obj</name>
      </input_file>
      <input_file id="fl-fe">
         <path>C:\ti\ccsv7\tools\compiler\ti-cgt-arm_16.9.4.LTS\lib\</path>
         <kind>archive</kind>
         <file>rtsv7M4_T_le_v4SPD16_eabi.lib</file>
         <name>startup.obj</name>
      </input_file>
   </input_file_list>
   <object_component_list>
      <object_component id="oc-f">
         <name>.intvecs</name>
         <load_address>0x0</load_address>
         <run_address>0x0</run_address>
         <size>0x26c</size>
         <input_file_ref idref="fl-3"/>
      </object_component>
      <object_component id="oc-86">
         <name>.text</name>
         <load_address>0x26c</load_address>
         <run_address>0x26c</run_address>
         <size>0xf88</size>
         <input_file_ref idref="fl-28"/>
      </object_component>
      <object_component id="oc-152">
         <name>.text</name>
         <load_address>0x11f4</load_address>
         <run_address>0x11f4</run_address>
         <size>0xba0</size>
         <input_file_ref idref="fl-1c"/>
      </object_component>
      <object_component id="oc-1a4">
         <name>.text</name>
         <load_address>0x1d94</load_address>
         <run_address>0x1d94</run_address>
         <size>0xa30</size>
         <input_file_ref idref="fl-11"/>
      </object_component>
      <object_component id="oc-1be">
         <name>.text</name>
         <load_address>0x27c4</load_address>
         <run_address>0x27c4</run_address>
         <size>0x638</size>
         <input_file_ref idref="fl-2c"/>
      </object_component>
      <object_component id="oc-1c4">
         <name>.text</name>
         <load_address>0x2dfc</load_address>
         <run_address>0x2dfc</run_address>
         <size>0x49c</size>
         <input_file_ref idref="fl-5"/>
      </object_component>
      <object_component id="oc-92">
         <name>.text</name>
         <load_address>0x3298</load_address>
         <run_address>0x3298</run_address>
         <size>0x3c0</size>
         <input_file_ref idref="fl-1f"/>
      </object_component>
      <object_component id="oc-130">
         <name>.text</name>
         <load_address>0x3658</load_address>
         <run_address>0x3658</run_address>
         <size>0x1a0</size>
         <input_file_ref idref="fl-6"/>
      </object_component>
      <object_component id="oc-159">
         <name>.text</name>
         <load_address>0x37f8</load_address>
         <run_address>0x37f8</run_address>
         <size>0xd8</size>
         <input_file_ref idref="fl-4"/>
      </object_component>
      <object_component id="oc-45">
         <name>.text</name>
         <load_address>0x38d0</load_address>
         <run_address>0x38d0</run_address>
         <size>0x9c</size>
         <input_file_ref idref="fl-f3"/>
      </object_component>
      <object_component id="oc-165">
         <name>.text</name>
         <load_address>0x396c</load_address>
         <run_address>0x396c</run_address>
         <size>0x90</size>
         <input_file_ref idref="fl-b"/>
      </object_component>
      <object_component id="oc-8c">
         <name>.text</name>
         <load_address>0x39fc</load_address>
         <run_address>0x39fc</run_address>
         <size>0x88</size>
         <input_file_ref idref="fl-2a"/>
      </object_component>
      <object_component id="oc-51">
         <name>.text</name>
         <load_address>0x3a84</load_address>
         <run_address>0x3a84</run_address>
         <size>0x7a</size>
         <input_file_ref idref="fl-f4"/>
      </object_component>
      <object_component id="oc-269">
         <name>.text</name>
         <load_address>0x3afe</load_address>
         <run_address>0x3afe</run_address>
         <size>0x2</size>
         <input_file_ref idref="fl-fd"/>
      </object_component>
      <object_component id="oc-69">
         <name>.text</name>
         <load_address>0x3b00</load_address>
         <run_address>0x3b00</run_address>
         <size>0x70</size>
         <input_file_ref idref="fl-fb"/>
      </object_component>
      <object_component id="oc-15f">
         <name>.text</name>
         <load_address>0x3b70</load_address>
         <run_address>0x3b70</run_address>
         <size>0x6c</size>
         <input_file_ref idref="fl-d"/>
      </object_component>
      <object_component id="oc-12">
         <name>.text:decompress:lzss</name>
         <load_address>0x3bdc</load_address>
         <run_address>0x3bdc</run_address>
         <size>0x68</size>
         <input_file_ref idref="fl-ef"/>
      </object_component>
      <object_component id="oc-df">
         <name>.text</name>
         <load_address>0x3c44</load_address>
         <run_address>0x3c44</run_address>
         <size>0x5c</size>
         <input_file_ref idref="fl-a"/>
      </object_component>
      <object_component id="oc-24">
         <name>.text</name>
         <load_address>0x3ca0</load_address>
         <run_address>0x3ca0</run_address>
         <size>0x54</size>
         <input_file_ref idref="fl-ee"/>
      </object_component>
      <object_component id="oc-75">
         <name>.text</name>
         <load_address>0x3cf4</load_address>
         <run_address>0x3cf4</run_address>
         <size>0x54</size>
         <input_file_ref idref="fl-f2"/>
      </object_component>
      <object_component id="oc-d9">
         <name>.text</name>
         <load_address>0x3d48</load_address>
         <run_address>0x3d48</run_address>
         <size>0x50</size>
         <input_file_ref idref="fl-7"/>
      </object_component>
      <object_component id="oc-136">
         <name>.text</name>
         <load_address>0x3d98</load_address>
         <run_address>0x3d98</run_address>
         <size>0x4c</size>
         <input_file_ref idref="fl-9"/>
      </object_component>
      <object_component id="oc-b8">
         <name>.text</name>
         <load_address>0x3de4</load_address>
         <run_address>0x3de4</run_address>
         <size>0x4c</size>
         <input_file_ref idref="fl-fc"/>
      </object_component>
      <object_component id="oc-224">
         <name>.text</name>
         <load_address>0x3e30</load_address>
         <run_address>0x3e30</run_address>
         <size>0x40</size>
         <input_file_ref idref="fl-f8"/>
      </object_component>
      <object_component id="oc-ef">
         <name>.text</name>
         <load_address>0x3e70</load_address>
         <run_address>0x3e70</run_address>
         <size>0x3e</size>
         <input_file_ref idref="fl-13"/>
      </object_component>
      <object_component id="oc-5d">
         <name>.text</name>
         <load_address>0x3eae</load_address>
         <run_address>0x3eae</run_address>
         <size>0x2</size>
         <input_file_ref idref="fl-f5"/>
      </object_component>
      <object_component id="oc-80">
         <name>.text</name>
         <load_address>0x3eb0</load_address>
         <run_address>0x3eb0</run_address>
         <size>0x3c</size>
         <input_file_ref idref="fl-e"/>
      </object_component>
      <object_component id="oc-31">
         <name>.text</name>
         <load_address>0x3eec</load_address>
         <run_address>0x3eec</run_address>
         <size>0x34</size>
         <input_file_ref idref="fl-8"/>
      </object_component>
      <object_component id="oc-1e4">
         <name>.text</name>
         <load_address>0x3f20</load_address>
         <run_address>0x3f20</run_address>
         <size>0x28</size>
         <input_file_ref idref="fl-c"/>
      </object_component>
      <object_component id="oc-6f">
         <name>.text</name>
         <load_address>0x3f48</load_address>
         <run_address>0x3f48</run_address>
         <size>0x18</size>
         <input_file_ref idref="fl-fa"/>
      </object_component>
      <object_component id="oc-c6">
         <name>.text</name>
         <load_address>0x3f60</load_address>
         <run_address>0x3f60</run_address>
         <size>0x14</size>
         <input_file_ref idref="fl-2"/>
      </object_component>
      <object_component id="oc-146">
         <name>.text</name>
         <load_address>0x3f74</load_address>
         <run_address>0x3f74</run_address>
         <size>0x14</size>
         <input_file_ref idref="fl-f9"/>
      </object_component>
      <object_component id="oc-18">
         <name>.text:decompress:none</name>
         <load_address>0x3f88</load_address>
         <run_address>0x3f88</run_address>
         <size>0xe</size>
         <input_file_ref idref="fl-f0"/>
      </object_component>
      <object_component id="oc-1e">
         <name>.text:decompress:ZI</name>
         <load_address>0x3f96</load_address>
         <run_address>0x3f96</run_address>
         <size>0xc</size>
         <input_file_ref idref="fl-f1"/>
      </object_component>
      <object_component id="oc-2b">
         <name>.text</name>
         <load_address>0x3fa2</load_address>
         <run_address>0x3fa2</run_address>
         <size>0xc</size>
         <input_file_ref idref="fl-3"/>
      </object_component>
      <object_component id="oc-fe">
         <name>.text:SysCtlDelay</name>
         <load_address>0x3fae</load_address>
         <run_address>0x3fae</run_address>
         <size>0x6</size>
         <input_file_ref idref="fl-28"/>
      </object_component>
      <object_component id="oc-63">
         <name>.text</name>
         <load_address>0x3fb4</load_address>
         <run_address>0x3fb4</run_address>
         <size>0x4</size>
         <input_file_ref idref="fl-f6"/>
      </object_component>
      <object_component id="oc-be">
         <name>.text</name>
         <load_address>0x3fb8</load_address>
         <run_address>0x3fb8</run_address>
         <size>0x2</size>
         <input_file_ref idref="fl-fe"/>
      </object_component>
      <object_component id="oc-fb">
         <name>.const:g_pppui32XTALtoVCO</name>
         <load_address>0x3fbc</load_address>
         <run_address>0x3fbc</run_address>
         <size>0x1b0</size>
         <input_file_ref idref="fl-28"/>
      </object_component>
      <object_component id="oc-1d4">
         <name>.const:g_ppui32GPIOIntMapSnowflake</name>
         <load_address>0x416c</load_address>
         <run_address>0x416c</run_address>
         <size>0xd8</size>
         <input_file_ref idref="fl-1c"/>
      </object_component>
      <object_component id="oc-1ce">
         <name>.const:g_ppui32GPIOIntMapBlizzard</name>
         <load_address>0x4244</load_address>
         <run_address>0x4244</run_address>
         <size>0xc0</size>
         <input_file_ref idref="fl-1c"/>
      </object_component>
      <object_component id="oc-10e">
         <name>.const:g_pui32Regs</name>
         <load_address>0x4304</load_address>
         <run_address>0x4304</run_address>
         <size>0x9c</size>
         <input_file_ref idref="fl-1f"/>
      </object_component>
      <object_component id="oc-1d7">
         <name>.const:g_pui32GPIOBaseAddrs</name>
         <load_address>0x43a0</load_address>
         <run_address>0x43a0</run_address>
         <size>0x90</size>
         <input_file_ref idref="fl-1c"/>
      </object_component>
      <object_component id="oc-f5">
         <name>.const:g_pui32Xtals</name>
         <load_address>0x4430</load_address>
         <run_address>0x4430</run_address>
         <size>0x6c</size>
         <input_file_ref idref="fl-28"/>
      </object_component>
      <object_component id="oc-210">
         <name>.const:g_ppui32UARTIntMap</name>
         <load_address>0x449c</load_address>
         <run_address>0x449c</run_address>
         <size>0x40</size>
         <input_file_ref idref="fl-2c"/>
      </object_component>
      <object_component id="oc-216">
         <name>.const:g_ppui32UARTIntMapSnowflake</name>
         <load_address>0x44dc</load_address>
         <run_address>0x44dc</run_address>
         <size>0x40</size>
         <input_file_ref idref="fl-2c"/>
      </object_component>
      <object_component id="oc-24e">
         <name>.const:.string</name>
         <load_address>0x451c</load_address>
         <run_address>0x451c</run_address>
         <size>0x36</size>
         <input_file_ref idref="fl-d"/>
      </object_component>
      <object_component id="oc-ec">
         <name>.const:g_sXTALtoMEMTIM</name>
         <load_address>0x4554</load_address>
         <run_address>0x4554</run_address>
         <size>0x30</size>
         <input_file_ref idref="fl-28"/>
      </object_component>
      <object_component id="oc-10b">
         <name>.const:g_pui32Priority</name>
         <load_address>0x4584</load_address>
         <run_address>0x4584</run_address>
         <size>0x20</size>
         <input_file_ref idref="fl-1f"/>
      </object_component>
      <object_component id="oc-204">
         <name>.const:g_ui16CANBitValues</name>
         <load_address>0x45a4</load_address>
         <run_address>0x45a4</run_address>
         <size>0x20</size>
         <input_file_ref idref="fl-11"/>
      </object_component>
      <object_component id="oc-114">
         <name>.const:g_pui32Dii16Regs</name>
         <load_address>0x45c4</load_address>
         <run_address>0x45c4</run_address>
         <size>0x14</size>
         <input_file_ref idref="fl-1f"/>
      </object_component>
      <object_component id="oc-111">
         <name>.const:g_pui32EnRegs</name>
         <load_address>0x45d8</load_address>
         <run_address>0x45d8</run_address>
         <size>0x14</size>
         <input_file_ref idref="fl-1f"/>
      </object_component>
      <object_component id="oc-117">
         <name>.const:g_pui32PendRegs</name>
         <load_address>0x45ec</load_address>
         <run_address>0x45ec</run_address>
         <size>0x14</size>
         <input_file_ref idref="fl-1f"/>
      </object_component>
      <object_component id="oc-11a">
         <name>.const:g_pui32UnpendRegs</name>
         <load_address>0x4600</load_address>
         <run_address>0x4600</run_address>
         <size>0x14</size>
         <input_file_ref idref="fl-1f"/>
      </object_component>
      <object_component id="oc-270">
         <name>.const:.string</name>
         <load_address>0x4614</load_address>
         <run_address>0x4614</run_address>
         <size>0x12</size>
         <input_file_ref idref="fl-5"/>
      </object_component>
      <object_component id="oc-221">
         <name>.const:g_ui32UARTBase</name>
         <load_address>0x4628</load_address>
         <run_address>0x4628</run_address>
         <size>0xc</size>
         <input_file_ref idref="fl-5"/>
      </object_component>
      <object_component id="oc-21b">
         <name>.const:g_ui32UARTPeriph</name>
         <load_address>0x4634</load_address>
         <run_address>0x4634</run_address>
         <size>0xc</size>
         <input_file_ref idref="fl-5"/>
      </object_component>
      <object_component id="oc-213">
         <name>.const</name>
         <load_address>0x4640</load_address>
         <run_address>0x4640</run_address>
         <size>0x8</size>
         <input_file_ref idref="fl-2c"/>
      </object_component>
      <object_component id="oc-f8">
         <name>.const:g_pui32VCOFrequencies</name>
         <load_address>0x4648</load_address>
         <run_address>0x4648</run_address>
         <size>0x8</size>
         <input_file_ref idref="fl-28"/>
      </object_component>
      <object_component id="oc-1d1">
         <name>.const</name>
         <load_address>0x4650</load_address>
         <run_address>0x4650</run_address>
         <size>0x8</size>
         <input_file_ref idref="fl-1c"/>
      </object_component>
      <object_component id="oc-229">
         <name>.const</name>
         <load_address>0x4658</load_address>
         <run_address>0x4658</run_address>
         <size>0x4</size>
         <input_file_ref idref="fl-5"/>
      </object_component>
      <object_component id="oc-29a">
         <name>.cinit..data.load</name>
         <load_address>0x4660</load_address>
         <run_address>0x4660</run_address>
         <size>0x5f</size>
      </object_component>
      <object_component id="oc-297">
         <name>__TI_handler_table</name>
         <load_address>0x46c0</load_address>
         <run_address>0x46c0</run_address>
         <size>0xc</size>
      </object_component>
      <object_component id="oc-29b">
         <name>.cinit..bss.load</name>
         <load_address>0x46d0</load_address>
         <run_address>0x46d0</run_address>
         <size>0x8</size>
      </object_component>
      <object_component id="oc-299">
         <name>.cinit..vtable.load</name>
         <load_address>0x46d8</load_address>
         <run_address>0x46d8</run_address>
         <size>0x8</size>
      </object_component>
      <object_component id="oc-298">
         <name>__TI_cinit_table</name>
         <load_address>0x46e0</load_address>
         <run_address>0x46e0</run_address>
         <size>0x18</size>
      </object_component>
      <object_component id="oc-108">
         <name>.vtable</name>
         <uninitialized>true</uninitialized>
         <run_address>0x20000000</run_address>
         <size>0x26c</size>
         <input_file_ref idref="fl-1f"/>
      </object_component>
      <object_component id="oc-1dc">
         <name>.data:Tx_MAP</name>
         <load_address>0x200004b4</load_address>
         <run_address>0x200004b4</run_address>
         <size>0x18</size>
         <input_file_ref idref="fl-4"/>
      </object_component>
      <object_component id="oc-1df">
         <name>.data:Rx_MAP</name>
         <load_address>0x2000049c</load_address>
         <run_address>0x2000049c</run_address>
         <size>0x18</size>
         <input_file_ref idref="fl-4"/>
      </object_component>
      <object_component id="oc-21e">
         <name>.data</name>
         <load_address>0x20000504</load_address>
         <run_address>0x20000504</run_address>
         <size>0x5</size>
         <input_file_ref idref="fl-5"/>
      </object_component>
      <object_component id="oc-1ad">
         <name>.data:tx_objects</name>
         <load_address>0x200004e0</load_address>
         <run_address>0x200004e0</run_address>
         <size>0x10</size>
         <input_file_ref idref="fl-6"/>
      </object_component>
      <object_component id="oc-1b0">
         <name>.data:rx_objects</name>
         <load_address>0x2000046c</load_address>
         <run_address>0x2000046c</run_address>
         <size>0x30</size>
         <input_file_ref idref="fl-6"/>
      </object_component>
      <object_component id="oc-16e">
         <name>.data:Transmit_PDUs_length</name>
         <load_address>0x20000510</load_address>
         <run_address>0x20000510</run_address>
         <size>0x2</size>
         <input_file_ref idref="fl-a"/>
      </object_component>
      <object_component id="oc-1f0">
         <name>.data:command</name>
         <load_address>0x200004cc</load_address>
         <run_address>0x200004cc</run_address>
         <size>0x14</size>
         <input_file_ref idref="fl-d"/>
      </object_component>
      <object_component id="oc-1ed">
         <name>.data</name>
         <load_address>0x20000514</load_address>
         <run_address>0x20000514</run_address>
         <size>0x1</size>
         <input_file_ref idref="fl-d"/>
      </object_component>
      <object_component id="oc-1ea">
         <name>.data:reading</name>
         <load_address>0x20000512</load_address>
         <run_address>0x20000512</run_address>
         <size>0x2</size>
         <input_file_ref idref="fl-d"/>
      </object_component>
      <object_component id="oc-e8">
         <name>.data:passed_data</name>
         <load_address>0x20000509</load_address>
         <run_address>0x20000509</run_address>
         <size>0x3</size>
         <input_file_ref idref="fl-e"/>
      </object_component>
      <object_component id="oc-e5">
         <name>.data</name>
         <load_address>0x20000515</load_address>
         <run_address>0x20000515</run_address>
         <size>0x1</size>
         <input_file_ref idref="fl-e"/>
      </object_component>
      <object_component id="oc-ce">
         <name>.data:$O1$$</name>
         <load_address>0x200004f0</load_address>
         <run_address>0x200004f0</run_address>
         <size>0xc</size>
         <input_file_ref idref="fl-f2"/>
      </object_component>
      <object_component id="oc-7b">
         <name>.data</name>
         <load_address>0x2000050c</load_address>
         <run_address>0x2000050c</run_address>
         <size>0x4</size>
         <input_file_ref idref="fl-f7"/>
      </object_component>
      <object_component id="oc-d1">
         <name>.data:$O1$$</name>
         <load_address>0x200004fc</load_address>
         <run_address>0x200004fc</run_address>
         <size>0x8</size>
         <input_file_ref idref="fl-f9"/>
      </object_component>
      <object_component id="oc-1aa">
         <name>.common:buffer</name>
         <uninitialized>true</uninitialized>
         <run_address>0x20000520</run_address>
         <size>0x8</size>
      </object_component>
      <object_component id="oc-16b">
         <name>.common:PDU_TX</name>
         <uninitialized>true</uninitialized>
         <run_address>0x20000518</run_address>
         <size>0x8</size>
      </object_component>
      <object_component id="oc-1f5">
         <name>.common:response</name>
         <uninitialized>true</uninitialized>
         <run_address>0x20000528</run_address>
         <size>0x4</size>
      </object_component>
      <object_component id="oc-2a">
         <name>.stack</name>
         <uninitialized>true</uninitialized>
         <run_address>0x2000026c</run_address>
         <size>0x0</size>
         <input_file_ref idref="fl-ee"/>
      </object_component>
      <object_component id="oc-29c">
         <name>.stack</name>
         <uninitialized>true</uninitialized>
         <run_address>0x2000026c</run_address>
         <size>0x0</size>
      </object_component>
      <object_component id="oc-20f">
         <name>.debug_info</name>
         <load_address>0x0</load_address>
         <run_address>0x0</run_address>
         <size>0x2ad</size>
         <input_file_ref idref="fl-2"/>
      </object_component>
      <object_component id="oc-c7">
         <name>.debug_info</name>
         <load_address>0x2ad</load_address>
         <run_address>0x2ad</run_address>
         <size>0x121</size>
         <input_file_ref idref="fl-2"/>
      </object_component>
      <object_component id="oc-1b9">
         <name>.debug_info</name>
         <load_address>0x3ce</load_address>
         <run_address>0x3ce</run_address>
         <size>0x1b4</size>
         <input_file_ref idref="fl-2"/>
      </object_component>
      <object_component id="oc-243">
         <name>.debug_info</name>
         <load_address>0x582</load_address>
         <run_address>0x582</run_address>
         <size>0xb1</size>
         <input_file_ref idref="fl-2"/>
      </object_component>
      <object_component id="oc-1fb">
         <name>.debug_info</name>
         <load_address>0x633</load_address>
         <run_address>0x633</run_address>
         <size>0x5e</size>
         <input_file_ref idref="fl-2"/>
      </object_component>
      <object_component id="oc-1b4">
         <name>.debug_info</name>
         <load_address>0x691</load_address>
         <run_address>0x691</run_address>
         <size>0x157</size>
         <input_file_ref idref="fl-2"/>
      </object_component>
      <object_component id="oc-40">
         <name>.debug_info</name>
         <load_address>0x7e8</load_address>
         <run_address>0x7e8</run_address>
         <size>0x84</size>
         <input_file_ref idref="fl-2"/>
      </object_component>
      <object_component id="oc-9b">
         <name>.debug_info</name>
         <load_address>0x86c</load_address>
         <run_address>0x86c</run_address>
         <size>0x18b</size>
         <input_file_ref idref="fl-2"/>
      </object_component>
      <object_component id="oc-22e">
         <name>.debug_info</name>
         <load_address>0x9f7</load_address>
         <run_address>0x9f7</run_address>
         <size>0x4e</size>
         <input_file_ref idref="fl-2"/>
      </object_component>
      <object_component id="oc-39">
         <name>.debug_info</name>
         <load_address>0xa45</load_address>
         <run_address>0xa45</run_address>
         <size>0x2b7</size>
         <input_file_ref idref="fl-3"/>
      </object_component>
      <object_component id="oc-10">
         <name>.debug_info</name>
         <load_address>0xcfc</load_address>
         <run_address>0xcfc</run_address>
         <size>0xde</size>
         <input_file_ref idref="fl-3"/>
      </object_component>
      <object_component id="oc-2c">
         <name>.debug_info</name>
         <load_address>0xdda</load_address>
         <run_address>0xdda</run_address>
         <size>0x25a</size>
         <input_file_ref idref="fl-3"/>
      </object_component>
      <object_component id="oc-1e3">
         <name>.debug_info</name>
         <load_address>0x1034</load_address>
         <run_address>0x1034</run_address>
         <size>0x2dd</size>
         <input_file_ref idref="fl-4"/>
      </object_component>
      <object_component id="oc-1dd">
         <name>.debug_info</name>
         <load_address>0x1311</load_address>
         <run_address>0x1311</run_address>
         <size>0xd0</size>
         <input_file_ref idref="fl-4"/>
      </object_component>
      <object_component id="oc-1e0">
         <name>.debug_info</name>
         <load_address>0x13e1</load_address>
         <run_address>0x13e1</run_address>
         <size>0xd0</size>
         <input_file_ref idref="fl-4"/>
      </object_component>
      <object_component id="oc-15d">
         <name>.debug_info</name>
         <load_address>0x14b1</load_address>
         <run_address>0x14b1</run_address>
         <size>0x2aa</size>
         <input_file_ref idref="fl-4"/>
      </object_component>
      <object_component id="oc-22d">
         <name>.debug_info</name>
         <load_address>0x175b</load_address>
         <run_address>0x175b</run_address>
         <size>0x3d9</size>
         <input_file_ref idref="fl-5"/>
      </object_component>
      <object_component id="oc-21f">
         <name>.debug_info</name>
         <load_address>0x1b34</load_address>
         <run_address>0x1b34</run_address>
         <size>0xdc</size>
         <input_file_ref idref="fl-5"/>
      </object_component>
      <object_component id="oc-22a">
         <name>.debug_info</name>
         <load_address>0x1c10</load_address>
         <run_address>0x1c10</run_address>
         <size>0xd6</size>
         <input_file_ref idref="fl-5"/>
      </object_component>
      <object_component id="oc-222">
         <name>.debug_info</name>
         <load_address>0x1ce6</load_address>
         <run_address>0x1ce6</run_address>
         <size>0xe4</size>
         <input_file_ref idref="fl-5"/>
      </object_component>
      <object_component id="oc-21c">
         <name>.debug_info</name>
         <load_address>0x1dca</load_address>
         <run_address>0x1dca</run_address>
         <size>0xe8</size>
         <input_file_ref idref="fl-5"/>
      </object_component>
      <object_component id="oc-1c6">
         <name>.debug_info</name>
         <load_address>0x1eb2</load_address>
         <run_address>0x1eb2</run_address>
         <size>0x85d</size>
         <input_file_ref idref="fl-5"/>
      </object_component>
      <object_component id="oc-100">
         <name>.debug_info</name>
         <load_address>0x270f</load_address>
         <run_address>0x270f</run_address>
         <size>0x8b</size>
         <input_file_ref idref="fl-5"/>
      </object_component>
      <object_component id="oc-1ab">
         <name>.debug_info</name>
         <load_address>0x279a</load_address>
         <run_address>0x279a</run_address>
         <size>0x5c4</size>
         <input_file_ref idref="fl-6"/>
      </object_component>
      <object_component id="oc-1ae">
         <name>.debug_info</name>
         <load_address>0x2d5e</load_address>
         <run_address>0x2d5e</run_address>
         <size>0xce</size>
         <input_file_ref idref="fl-6"/>
      </object_component>
      <object_component id="oc-1b1">
         <name>.debug_info</name>
         <load_address>0x2e2c</load_address>
         <run_address>0x2e2c</run_address>
         <size>0xce</size>
         <input_file_ref idref="fl-6"/>
      </object_component>
      <object_component id="oc-131">
         <name>.debug_info</name>
         <load_address>0x2efa</load_address>
         <run_address>0x2efa</run_address>
         <size>0x494</size>
         <input_file_ref idref="fl-6"/>
      </object_component>
      <object_component id="oc-da">
         <name>.debug_info</name>
         <load_address>0x338e</load_address>
         <run_address>0x338e</run_address>
         <size>0x259</size>
         <input_file_ref idref="fl-7"/>
      </object_component>
      <object_component id="oc-33">
         <name>.debug_info</name>
         <load_address>0x35e7</load_address>
         <run_address>0x35e7</run_address>
         <size>0x283</size>
         <input_file_ref idref="fl-8"/>
      </object_component>
      <object_component id="oc-137">
         <name>.debug_info</name>
         <load_address>0x386a</load_address>
         <run_address>0x386a</run_address>
         <size>0x1b9</size>
         <input_file_ref idref="fl-9"/>
      </object_component>
      <object_component id="oc-16c">
         <name>.debug_info</name>
         <load_address>0x3a23</load_address>
         <run_address>0x3a23</run_address>
         <size>0x323</size>
         <input_file_ref idref="fl-a"/>
      </object_component>
      <object_component id="oc-16f">
         <name>.debug_info</name>
         <load_address>0x3d46</load_address>
         <run_address>0x3d46</run_address>
         <size>0xec</size>
         <input_file_ref idref="fl-a"/>
      </object_component>
      <object_component id="oc-e0">
         <name>.debug_info</name>
         <load_address>0x3e32</load_address>
         <run_address>0x3e32</run_address>
         <size>0x292</size>
         <input_file_ref idref="fl-a"/>
      </object_component>
      <object_component id="oc-1f6">
         <name>.debug_info</name>
         <load_address>0x40c4</load_address>
         <run_address>0x40c4</run_address>
         <size>0x303</size>
         <input_file_ref idref="fl-b"/>
      </object_component>
      <object_component id="oc-167">
         <name>.debug_info</name>
         <load_address>0x43c7</load_address>
         <run_address>0x43c7</run_address>
         <size>0x1a9</size>
         <input_file_ref idref="fl-b"/>
      </object_component>
      <object_component id="oc-249">
         <name>.debug_info</name>
         <load_address>0x4570</load_address>
         <run_address>0x4570</run_address>
         <size>0x28d</size>
         <input_file_ref idref="fl-c"/>
      </object_component>
      <object_component id="oc-1e5">
         <name>.debug_info</name>
         <load_address>0x47fd</load_address>
         <run_address>0x47fd</run_address>
         <size>0x20f</size>
         <input_file_ref idref="fl-c"/>
      </object_component>
      <object_component id="oc-1f4">
         <name>.debug_info</name>
         <load_address>0x4a0c</load_address>
         <run_address>0x4a0c</run_address>
         <size>0x2c4</size>
         <input_file_ref idref="fl-d"/>
      </object_component>
      <object_component id="oc-1f1">
         <name>.debug_info</name>
         <load_address>0x4cd0</load_address>
         <run_address>0x4cd0</run_address>
         <size>0xd1</size>
         <input_file_ref idref="fl-d"/>
      </object_component>
      <object_component id="oc-1ee">
         <name>.debug_info</name>
         <load_address>0x4da1</load_address>
         <run_address>0x4da1</run_address>
         <size>0xcd</size>
         <input_file_ref idref="fl-d"/>
      </object_component>
      <object_component id="oc-1eb">
         <name>.debug_info</name>
         <load_address>0x4e6e</load_address>
         <run_address>0x4e6e</run_address>
         <size>0xd1</size>
         <input_file_ref idref="fl-d"/>
      </object_component>
      <object_component id="oc-162">
         <name>.debug_info</name>
         <load_address>0x4f3f</load_address>
         <run_address>0x4f3f</run_address>
         <size>0x180</size>
         <input_file_ref idref="fl-d"/>
      </object_component>
      <object_component id="oc-176">
         <name>.debug_info</name>
         <load_address>0x50bf</load_address>
         <run_address>0x50bf</run_address>
         <size>0x315</size>
         <input_file_ref idref="fl-e"/>
      </object_component>
      <object_component id="oc-e9">
         <name>.debug_info</name>
         <load_address>0x53d4</load_address>
         <run_address>0x53d4</run_address>
         <size>0xe5</size>
         <input_file_ref idref="fl-e"/>
      </object_component>
      <object_component id="oc-e6">
         <name>.debug_info</name>
         <load_address>0x54b9</load_address>
         <run_address>0x54b9</run_address>
         <size>0xe3</size>
         <input_file_ref idref="fl-e"/>
      </object_component>
      <object_component id="oc-81">
         <name>.debug_info</name>
         <load_address>0x559c</load_address>
         <run_address>0x559c</run_address>
         <size>0x220</size>
         <input_file_ref idref="fl-e"/>
      </object_component>
      <object_component id="oc-208">
         <name>.debug_info</name>
         <load_address>0x57bc</load_address>
         <run_address>0x57bc</run_address>
         <size>0x31a</size>
         <input_file_ref idref="fl-11"/>
      </object_component>
      <object_component id="oc-205">
         <name>.debug_info</name>
         <load_address>0x5ad6</load_address>
         <run_address>0x5ad6</run_address>
         <size>0xde</size>
         <input_file_ref idref="fl-11"/>
      </object_component>
      <object_component id="oc-1a5">
         <name>.debug_info</name>
         <load_address>0x5bb4</load_address>
         <run_address>0x5bb4</run_address>
         <size>0x1837</size>
         <input_file_ref idref="fl-11"/>
      </object_component>
      <object_component id="oc-f2">
         <name>.debug_info</name>
         <load_address>0x73eb</load_address>
         <run_address>0x73eb</run_address>
         <size>0x32b</size>
         <input_file_ref idref="fl-13"/>
      </object_component>
      <object_component id="oc-1db">
         <name>.debug_info</name>
         <load_address>0x7716</load_address>
         <run_address>0x7716</run_address>
         <size>0x342</size>
         <input_file_ref idref="fl-1c"/>
      </object_component>
      <object_component id="oc-1cf">
         <name>.debug_info</name>
         <load_address>0x7a58</load_address>
         <run_address>0x7a58</run_address>
         <size>0xef</size>
         <input_file_ref idref="fl-1c"/>
      </object_component>
      <object_component id="oc-1d2">
         <name>.debug_info</name>
         <load_address>0x7b47</load_address>
         <run_address>0x7b47</run_address>
         <size>0x13d</size>
         <input_file_ref idref="fl-1c"/>
      </object_component>
      <object_component id="oc-1d5">
         <name>.debug_info</name>
         <load_address>0x7c84</load_address>
         <run_address>0x7c84</run_address>
         <size>0xf1</size>
         <input_file_ref idref="fl-1c"/>
      </object_component>
      <object_component id="oc-1d8">
         <name>.debug_info</name>
         <load_address>0x7d75</load_address>
         <run_address>0x7d75</run_address>
         <size>0xe3</size>
         <input_file_ref idref="fl-1c"/>
      </object_component>
      <object_component id="oc-155">
         <name>.debug_info</name>
         <load_address>0x7e58</load_address>
         <run_address>0x7e58</run_address>
         <size>0x3112</size>
         <input_file_ref idref="fl-1c"/>
      </object_component>
      <object_component id="oc-11e">
         <name>.debug_info</name>
         <load_address>0xaf6a</load_address>
         <run_address>0xaf6a</run_address>
         <size>0x31a</size>
         <input_file_ref idref="fl-1f"/>
      </object_component>
      <object_component id="oc-10c">
         <name>.debug_info</name>
         <load_address>0xb284</load_address>
         <run_address>0xb284</run_address>
         <size>0xde</size>
         <input_file_ref idref="fl-1f"/>
      </object_component>
      <object_component id="oc-10f">
         <name>.debug_info</name>
         <load_address>0xb362</load_address>
         <run_address>0xb362</run_address>
         <size>0xd6</size>
         <input_file_ref idref="fl-1f"/>
      </object_component>
      <object_component id="oc-112">
         <name>.debug_info</name>
         <load_address>0xb438</load_address>
         <run_address>0xb438</run_address>
         <size>0xda</size>
         <input_file_ref idref="fl-1f"/>
      </object_component>
      <object_component id="oc-115">
         <name>.debug_info</name>
         <load_address>0xb512</load_address>
         <run_address>0xb512</run_address>
         <size>0xe0</size>
         <input_file_ref idref="fl-1f"/>
      </object_component>
      <object_component id="oc-118">
         <name>.debug_info</name>
         <load_address>0xb5f2</load_address>
         <run_address>0xb5f2</run_address>
         <size>0xde</size>
         <input_file_ref idref="fl-1f"/>
      </object_component>
      <object_component id="oc-11b">
         <name>.debug_info</name>
         <load_address>0xb6d0</load_address>
         <run_address>0xb6d0</run_address>
         <size>0xe2</size>
         <input_file_ref idref="fl-1f"/>
      </object_component>
      <object_component id="oc-109">
         <name>.debug_info</name>
         <load_address>0xb7b2</load_address>
         <run_address>0xb7b2</run_address>
         <size>0xdf</size>
         <input_file_ref idref="fl-1f"/>
      </object_component>
      <object_component id="oc-95">
         <name>.debug_info</name>
         <load_address>0xb891</load_address>
         <run_address>0xb891</run_address>
         <size>0xcdf</size>
         <input_file_ref idref="fl-1f"/>
      </object_component>
      <object_component id="oc-105">
         <name>.debug_info</name>
         <load_address>0xc570</load_address>
         <run_address>0xc570</run_address>
         <size>0x39f</size>
         <input_file_ref idref="fl-28"/>
      </object_component>
      <object_component id="oc-f6">
         <name>.debug_info</name>
         <load_address>0xc90f</load_address>
         <run_address>0xc90f</run_address>
         <size>0xd5</size>
         <input_file_ref idref="fl-28"/>
      </object_component>
      <object_component id="oc-fc">
         <name>.debug_info</name>
         <load_address>0xc9e4</load_address>
         <run_address>0xc9e4</run_address>
         <size>0xe1</size>
         <input_file_ref idref="fl-28"/>
      </object_component>
      <object_component id="oc-ed">
         <name>.debug_info</name>
         <load_address>0xcac5</load_address>
         <run_address>0xcac5</run_address>
         <size>0xdb</size>
         <input_file_ref idref="fl-28"/>
      </object_component>
      <object_component id="oc-f9">
         <name>.debug_info</name>
         <load_address>0xcba0</load_address>
         <run_address>0xcba0</run_address>
         <size>0xe8</size>
         <input_file_ref idref="fl-28"/>
      </object_component>
      <object_component id="oc-88">
         <name>.debug_info</name>
         <load_address>0xcc88</load_address>
         <run_address>0xcc88</run_address>
         <size>0x2b25</size>
         <input_file_ref idref="fl-28"/>
      </object_component>
      <object_component id="oc-182">
         <name>.debug_info</name>
         <load_address>0xf7ad</load_address>
         <run_address>0xf7ad</run_address>
         <size>0x51</size>
         <input_file_ref idref="fl-28"/>
      </object_component>
      <object_component id="oc-107">
         <name>.debug_info</name>
         <load_address>0xf7fe</load_address>
         <run_address>0xf7fe</run_address>
         <size>0x2a9</size>
         <input_file_ref idref="fl-2a"/>
      </object_component>
      <object_component id="oc-8e">
         <name>.debug_info</name>
         <load_address>0xfaa7</load_address>
         <run_address>0xfaa7</run_address>
         <size>0x534</size>
         <input_file_ref idref="fl-2a"/>
      </object_component>
      <object_component id="oc-21a">
         <name>.debug_info</name>
         <load_address>0xffdb</load_address>
         <run_address>0xffdb</run_address>
         <size>0x324</size>
         <input_file_ref idref="fl-2c"/>
      </object_component>
      <object_component id="oc-211">
         <name>.debug_info</name>
         <load_address>0x102ff</load_address>
         <run_address>0x102ff</run_address>
         <size>0xdf</size>
         <input_file_ref idref="fl-2c"/>
      </object_component>
      <object_component id="oc-214">
         <name>.debug_info</name>
         <load_address>0x103de</load_address>
         <run_address>0x103de</run_address>
         <size>0x129</size>
         <input_file_ref idref="fl-2c"/>
      </object_component>
      <object_component id="oc-217">
         <name>.debug_info</name>
         <load_address>0x10507</load_address>
         <run_address>0x10507</run_address>
         <size>0xf1</size>
         <input_file_ref idref="fl-2c"/>
      </object_component>
      <object_component id="oc-1bf">
         <name>.debug_info</name>
         <load_address>0x105f8</load_address>
         <run_address>0x105f8</run_address>
         <size>0x26f1</size>
         <input_file_ref idref="fl-2c"/>
      </object_component>
      <object_component id="oc-26">
         <name>.debug_info</name>
         <load_address>0x12ce9</load_address>
         <run_address>0x12ce9</run_address>
         <size>0x160</size>
         <input_file_ref idref="fl-ee"/>
      </object_component>
      <object_component id="oc-a5">
         <name>.debug_info</name>
         <load_address>0x12e49</load_address>
         <run_address>0x12e49</run_address>
         <size>0x293</size>
         <input_file_ref idref="fl-ef"/>
      </object_component>
      <object_component id="oc-13">
         <name>.debug_info</name>
         <load_address>0x130dc</load_address>
         <run_address>0x130dc</run_address>
         <size>0x245</size>
         <input_file_ref idref="fl-ef"/>
      </object_component>
      <object_component id="oc-3b">
         <name>.debug_info</name>
         <load_address>0x13321</load_address>
         <run_address>0x13321</run_address>
         <size>0x60</size>
         <input_file_ref idref="fl-ef"/>
      </object_component>
      <object_component id="oc-a0">
         <name>.debug_info</name>
         <load_address>0x13381</load_address>
         <run_address>0x13381</run_address>
         <size>0x46</size>
         <input_file_ref idref="fl-ef"/>
      </object_component>
      <object_component id="oc-50">
         <name>.debug_info</name>
         <load_address>0x133c7</load_address>
         <run_address>0x133c7</run_address>
         <size>0x2da</size>
         <input_file_ref idref="fl-f0"/>
      </object_component>
      <object_component id="oc-19">
         <name>.debug_info</name>
         <load_address>0x136a1</load_address>
         <run_address>0x136a1</run_address>
         <size>0x1df</size>
         <input_file_ref idref="fl-f0"/>
      </object_component>
      <object_component id="oc-4b">
         <name>.debug_info</name>
         <load_address>0x13880</load_address>
         <run_address>0x13880</run_address>
         <size>0x46</size>
         <input_file_ref idref="fl-f0"/>
      </object_component>
      <object_component id="oc-a7">
         <name>.debug_info</name>
         <load_address>0x138c6</load_address>
         <run_address>0x138c6</run_address>
         <size>0x2c</size>
         <input_file_ref idref="fl-f0"/>
      </object_component>
      <object_component id="oc-5c">
         <name>.debug_info</name>
         <load_address>0x138f2</load_address>
         <run_address>0x138f2</run_address>
         <size>0x2c9</size>
         <input_file_ref idref="fl-f1"/>
      </object_component>
      <object_component id="oc-1f">
         <name>.debug_info</name>
         <load_address>0x13bbb</load_address>
         <run_address>0x13bbb</run_address>
         <size>0x1aa</size>
         <input_file_ref idref="fl-f1"/>
      </object_component>
      <object_component id="oc-57">
         <name>.debug_info</name>
         <load_address>0x13d65</load_address>
         <run_address>0x13d65</run_address>
         <size>0x46</size>
         <input_file_ref idref="fl-f1"/>
      </object_component>
      <object_component id="oc-af">
         <name>.debug_info</name>
         <load_address>0x13dab</load_address>
         <run_address>0x13dab</run_address>
         <size>0x2c</size>
         <input_file_ref idref="fl-f1"/>
      </object_component>
      <object_component id="oc-d5">
         <name>.debug_info</name>
         <load_address>0x13dd7</load_address>
         <run_address>0x13dd7</run_address>
         <size>0x3ce</size>
         <input_file_ref idref="fl-f2"/>
      </object_component>
      <object_component id="oc-cf">
         <name>.debug_info</name>
         <load_address>0x141a5</load_address>
         <run_address>0x141a5</run_address>
         <size>0x185</size>
         <input_file_ref idref="fl-f2"/>
      </object_component>
      <object_component id="oc-76">
         <name>.debug_info</name>
         <load_address>0x1432a</load_address>
         <run_address>0x1432a</run_address>
         <size>0x214</size>
         <input_file_ref idref="fl-f2"/>
      </object_component>
      <object_component id="oc-46">
         <name>.debug_info</name>
         <load_address>0x1453e</load_address>
         <run_address>0x1453e</run_address>
         <size>0x111</size>
         <input_file_ref idref="fl-f3"/>
      </object_component>
      <object_component id="oc-54">
         <name>.debug_info</name>
         <load_address>0x1464f</load_address>
         <run_address>0x1464f</run_address>
         <size>0x13f</size>
         <input_file_ref idref="fl-f4"/>
      </object_component>
      <object_component id="oc-5e">
         <name>.debug_info</name>
         <load_address>0x1478e</load_address>
         <run_address>0x1478e</run_address>
         <size>0x138</size>
         <input_file_ref idref="fl-f5"/>
      </object_component>
      <object_component id="oc-64">
         <name>.debug_info</name>
         <load_address>0x148c6</load_address>
         <run_address>0x148c6</run_address>
         <size>0x148</size>
         <input_file_ref idref="fl-f6"/>
      </object_component>
      <object_component id="oc-7c">
         <name>.debug_info</name>
         <load_address>0x14a0e</load_address>
         <run_address>0x14a0e</run_address>
         <size>0x109</size>
         <input_file_ref idref="fl-f7"/>
      </object_component>
      <object_component id="oc-225">
         <name>.debug_info</name>
         <load_address>0x14b17</load_address>
         <run_address>0x14b17</run_address>
         <size>0x13a</size>
         <input_file_ref idref="fl-f8"/>
      </object_component>
      <object_component id="oc-14e">
         <name>.debug_info</name>
         <load_address>0x14c51</load_address>
         <run_address>0x14c51</run_address>
         <size>0x2be</size>
         <input_file_ref idref="fl-f9"/>
      </object_component>
      <object_component id="oc-d2">
         <name>.debug_info</name>
         <load_address>0x14f0f</load_address>
         <run_address>0x14f0f</run_address>
         <size>0x113</size>
         <input_file_ref idref="fl-f9"/>
      </object_component>
      <object_component id="oc-147">
         <name>.debug_info</name>
         <load_address>0x15022</load_address>
         <run_address>0x15022</run_address>
         <size>0x21f</size>
         <input_file_ref idref="fl-f9"/>
      </object_component>
      <object_component id="oc-cd">
         <name>.debug_info</name>
         <load_address>0x15241</load_address>
         <run_address>0x15241</run_address>
         <size>0x300</size>
         <input_file_ref idref="fl-fa"/>
      </object_component>
      <object_component id="oc-70">
         <name>.debug_info</name>
         <load_address>0x15541</load_address>
         <run_address>0x15541</run_address>
         <size>0x167</size>
         <input_file_ref idref="fl-fa"/>
      </object_component>
      <object_component id="oc-13f">
         <name>.debug_info</name>
         <load_address>0x156a8</load_address>
         <run_address>0x156a8</run_address>
         <size>0x5e</size>
         <input_file_ref idref="fl-fa"/>
      </object_component>
      <object_component id="oc-c5">
         <name>.debug_info</name>
         <load_address>0x15706</load_address>
         <run_address>0x15706</run_address>
         <size>0x483</size>
         <input_file_ref idref="fl-fb"/>
      </object_component>
      <object_component id="oc-6d">
         <name>.debug_info</name>
         <load_address>0x15b89</load_address>
         <run_address>0x15b89</run_address>
         <size>0x190</size>
         <input_file_ref idref="fl-fb"/>
      </object_component>
      <object_component id="oc-126">
         <name>.debug_info</name>
         <load_address>0x15d19</load_address>
         <run_address>0x15d19</run_address>
         <size>0x39</size>
         <input_file_ref idref="fl-fb"/>
      </object_component>
      <object_component id="oc-19f">
         <name>.debug_info</name>
         <load_address>0x15d52</load_address>
         <run_address>0x15d52</run_address>
         <size>0x39</size>
         <input_file_ref idref="fl-fb"/>
      </object_component>
      <object_component id="oc-12b">
         <name>.debug_info</name>
         <load_address>0x15d8b</load_address>
         <run_address>0x15d8b</run_address>
         <size>0xcd</size>
         <input_file_ref idref="fl-fb"/>
      </object_component>
      <object_component id="oc-122">
         <name>.debug_info</name>
         <load_address>0x15e58</load_address>
         <run_address>0x15e58</run_address>
         <size>0x37a</size>
         <input_file_ref idref="fl-fc"/>
      </object_component>
      <object_component id="oc-b9">
         <name>.debug_info</name>
         <load_address>0x161d2</load_address>
         <run_address>0x161d2</run_address>
         <size>0x183</size>
         <input_file_ref idref="fl-fc"/>
      </object_component>
      <object_component id="oc-19a">
         <name>.debug_info</name>
         <load_address>0x16355</load_address>
         <run_address>0x16355</run_address>
         <size>0x2c</size>
         <input_file_ref idref="fl-fc"/>
      </object_component>
      <object_component id="oc-26a">
         <name>.debug_info</name>
         <load_address>0x16381</load_address>
         <run_address>0x16381</run_address>
         <size>0x147</size>
         <input_file_ref idref="fl-fd"/>
      </object_component>
      <object_component id="oc-bf">
         <name>.debug_info</name>
         <load_address>0x164c8</load_address>
         <run_address>0x164c8</run_address>
         <size>0x145</size>
         <input_file_ref idref="fl-fe"/>
      </object_component>
      <object_component id="oc-29d">
         <name>.debug_info</name>
         <load_address>0x1660d</load_address>
         <run_address>0x1660d</run_address>
         <size>0x94</size>
      </object_component>
      <object_component id="oc-25a">
         <name>.debug_line</name>
         <load_address>0x0</load_address>
         <run_address>0x0</run_address>
         <size>0xe1</size>
         <input_file_ref idref="fl-2"/>
      </object_component>
      <object_component id="oc-cb">
         <name>.debug_line</name>
         <load_address>0xe1</load_address>
         <run_address>0xe1</run_address>
         <size>0x45</size>
         <input_file_ref idref="fl-2"/>
      </object_component>
      <object_component id="oc-1bc">
         <name>.debug_line</name>
         <load_address>0x126</load_address>
         <run_address>0x126</run_address>
         <size>0x53</size>
         <input_file_ref idref="fl-2"/>
      </object_component>
      <object_component id="oc-246">
         <name>.debug_line</name>
         <load_address>0x179</load_address>
         <run_address>0x179</run_address>
         <size>0x60</size>
         <input_file_ref idref="fl-2"/>
      </object_component>
      <object_component id="oc-1fe">
         <name>.debug_line</name>
         <load_address>0x1d9</load_address>
         <run_address>0x1d9</run_address>
         <size>0x7d</size>
         <input_file_ref idref="fl-2"/>
      </object_component>
      <object_component id="oc-1b7">
         <name>.debug_line</name>
         <load_address>0x256</load_address>
         <run_address>0x256</run_address>
         <size>0x56</size>
         <input_file_ref idref="fl-2"/>
      </object_component>
      <object_component id="oc-43">
         <name>.debug_line</name>
         <load_address>0x2ac</load_address>
         <run_address>0x2ac</run_address>
         <size>0x20</size>
         <input_file_ref idref="fl-2"/>
      </object_component>
      <object_component id="oc-9e">
         <name>.debug_line</name>
         <load_address>0x2cc</load_address>
         <run_address>0x2cc</run_address>
         <size>0x65</size>
         <input_file_ref idref="fl-2"/>
      </object_component>
      <object_component id="oc-231">
         <name>.debug_line</name>
         <load_address>0x331</load_address>
         <run_address>0x331</run_address>
         <size>0x65</size>
         <input_file_ref idref="fl-2"/>
      </object_component>
      <object_component id="oc-9a">
         <name>.debug_line</name>
         <load_address>0x396</load_address>
         <run_address>0x396</run_address>
         <size>0x41</size>
         <input_file_ref idref="fl-3"/>
      </object_component>
      <object_component id="oc-38">
         <name>.debug_line</name>
         <load_address>0x3d7</load_address>
         <run_address>0x3d7</run_address>
         <size>0x41</size>
         <input_file_ref idref="fl-3"/>
      </object_component>
      <object_component id="oc-2f">
         <name>.debug_line</name>
         <load_address>0x418</load_address>
         <run_address>0x418</run_address>
         <size>0xa1</size>
         <input_file_ref idref="fl-3"/>
      </object_component>
      <object_component id="oc-242">
         <name>.debug_line</name>
         <load_address>0x4b9</load_address>
         <run_address>0x4b9</run_address>
         <size>0x8e</size>
         <input_file_ref idref="fl-4"/>
      </object_component>
      <object_component id="oc-23e">
         <name>.debug_line</name>
         <load_address>0x547</load_address>
         <run_address>0x547</run_address>
         <size>0x3f</size>
         <input_file_ref idref="fl-4"/>
      </object_component>
      <object_component id="oc-240">
         <name>.debug_line</name>
         <load_address>0x586</load_address>
         <run_address>0x586</run_address>
         <size>0x3f</size>
         <input_file_ref idref="fl-4"/>
      </object_component>
      <object_component id="oc-15c">
         <name>.debug_line</name>
         <load_address>0x5c5</load_address>
         <run_address>0x5c5</run_address>
         <size>0x94</size>
         <input_file_ref idref="fl-4"/>
      </object_component>
      <object_component id="oc-274">
         <name>.debug_line</name>
         <load_address>0x659</load_address>
         <run_address>0x659</run_address>
         <size>0x8a</size>
         <input_file_ref idref="fl-5"/>
      </object_component>
      <object_component id="oc-266">
         <name>.debug_line</name>
         <load_address>0x6e3</load_address>
         <run_address>0x6e3</run_address>
         <size>0x44</size>
         <input_file_ref idref="fl-5"/>
      </object_component>
      <object_component id="oc-272">
         <name>.debug_line</name>
         <load_address>0x727</load_address>
         <run_address>0x727</run_address>
         <size>0x44</size>
         <input_file_ref idref="fl-5"/>
      </object_component>
      <object_component id="oc-268">
         <name>.debug_line</name>
         <load_address>0x76b</load_address>
         <run_address>0x76b</run_address>
         <size>0x44</size>
         <input_file_ref idref="fl-5"/>
      </object_component>
      <object_component id="oc-264">
         <name>.debug_line</name>
         <load_address>0x7af</load_address>
         <run_address>0x7af</run_address>
         <size>0x44</size>
         <input_file_ref idref="fl-5"/>
      </object_component>
      <object_component id="oc-1c8">
         <name>.debug_line</name>
         <load_address>0x7f3</load_address>
         <run_address>0x7f3</run_address>
         <size>0x295</size>
         <input_file_ref idref="fl-5"/>
      </object_component>
      <object_component id="oc-103">
         <name>.debug_line</name>
         <load_address>0xa88</load_address>
         <run_address>0xa88</run_address>
         <size>0x20</size>
         <input_file_ref idref="fl-5"/>
      </object_component>
      <object_component id="oc-20a">
         <name>.debug_line</name>
         <load_address>0xaa8</load_address>
         <run_address>0xaa8</run_address>
         <size>0x147</size>
         <input_file_ref idref="fl-6"/>
      </object_component>
      <object_component id="oc-20c">
         <name>.debug_line</name>
         <load_address>0xbef</load_address>
         <run_address>0xbef</run_address>
         <size>0x35</size>
         <input_file_ref idref="fl-6"/>
      </object_component>
      <object_component id="oc-20e">
         <name>.debug_line</name>
         <load_address>0xc24</load_address>
         <run_address>0xc24</run_address>
         <size>0x35</size>
         <input_file_ref idref="fl-6"/>
      </object_component>
      <object_component id="oc-134">
         <name>.debug_line</name>
         <load_address>0xc59</load_address>
         <run_address>0xc59</run_address>
         <size>0xc2</size>
         <input_file_ref idref="fl-6"/>
      </object_component>
      <object_component id="oc-de">
         <name>.debug_line</name>
         <load_address>0xd1b</load_address>
         <run_address>0xd1b</run_address>
         <size>0x7b</size>
         <input_file_ref idref="fl-7"/>
      </object_component>
      <object_component id="oc-32">
         <name>.debug_line</name>
         <load_address>0xd96</load_address>
         <run_address>0xd96</run_address>
         <size>0x7c</size>
         <input_file_ref idref="fl-8"/>
      </object_component>
      <object_component id="oc-13a">
         <name>.debug_line</name>
         <load_address>0xe12</load_address>
         <run_address>0xe12</run_address>
         <size>0x52</size>
         <input_file_ref idref="fl-9"/>
      </object_component>
      <object_component id="oc-1fa">
         <name>.debug_line</name>
         <load_address>0xe64</load_address>
         <run_address>0xe64</run_address>
         <size>0x14d</size>
         <input_file_ref idref="fl-a"/>
      </object_component>
      <object_component id="oc-201">
         <name>.debug_line</name>
         <load_address>0xfb1</load_address>
         <run_address>0xfb1</run_address>
         <size>0x3f</size>
         <input_file_ref idref="fl-a"/>
      </object_component>
      <object_component id="oc-e3">
         <name>.debug_line</name>
         <load_address>0xff0</load_address>
         <run_address>0xff0</run_address>
         <size>0x81</size>
         <input_file_ref idref="fl-a"/>
      </object_component>
      <object_component id="oc-254">
         <name>.debug_line</name>
         <load_address>0x1071</load_address>
         <run_address>0x1071</run_address>
         <size>0xca</size>
         <input_file_ref idref="fl-b"/>
      </object_component>
      <object_component id="oc-169">
         <name>.debug_line</name>
         <load_address>0x113b</load_address>
         <run_address>0x113b</run_address>
         <size>0x8c</size>
         <input_file_ref idref="fl-b"/>
      </object_component>
      <object_component id="oc-276">
         <name>.debug_line</name>
         <load_address>0x11c7</load_address>
         <run_address>0x11c7</run_address>
         <size>0x61</size>
         <input_file_ref idref="fl-c"/>
      </object_component>
      <object_component id="oc-1e8">
         <name>.debug_line</name>
         <load_address>0x1228</load_address>
         <run_address>0x1228</run_address>
         <size>0x6e</size>
         <input_file_ref idref="fl-c"/>
      </object_component>
      <object_component id="oc-252">
         <name>.debug_line</name>
         <load_address>0x1296</load_address>
         <run_address>0x1296</run_address>
         <size>0x5e</size>
         <input_file_ref idref="fl-d"/>
      </object_component>
      <object_component id="oc-250">
         <name>.debug_line</name>
         <load_address>0x12f4</load_address>
         <run_address>0x12f4</run_address>
         <size>0x3e</size>
         <input_file_ref idref="fl-d"/>
      </object_component>
      <object_component id="oc-24d">
         <name>.debug_line</name>
         <load_address>0x1332</load_address>
         <run_address>0x1332</run_address>
         <size>0x3e</size>
         <input_file_ref idref="fl-d"/>
      </object_component>
      <object_component id="oc-24b">
         <name>.debug_line</name>
         <load_address>0x1370</load_address>
         <run_address>0x1370</run_address>
         <size>0x3e</size>
         <input_file_ref idref="fl-d"/>
      </object_component>
      <object_component id="oc-160">
         <name>.debug_line</name>
         <load_address>0x13ae</load_address>
         <run_address>0x13ae</run_address>
         <size>0x65</size>
         <input_file_ref idref="fl-d"/>
      </object_component>
      <object_component id="oc-203">
         <name>.debug_line</name>
         <load_address>0x1413</load_address>
         <run_address>0x1413</run_address>
         <size>0xc5</size>
         <input_file_ref idref="fl-e"/>
      </object_component>
      <object_component id="oc-175">
         <name>.debug_line</name>
         <load_address>0x14d8</load_address>
         <run_address>0x14d8</run_address>
         <size>0x4a</size>
         <input_file_ref idref="fl-e"/>
      </object_component>
      <object_component id="oc-173">
         <name>.debug_line</name>
         <load_address>0x1522</load_address>
         <run_address>0x1522</run_address>
         <size>0x4a</size>
         <input_file_ref idref="fl-e"/>
      </object_component>
      <object_component id="oc-84">
         <name>.debug_line</name>
         <load_address>0x156c</load_address>
         <run_address>0x156c</run_address>
         <size>0x79</size>
         <input_file_ref idref="fl-e"/>
      </object_component>
      <object_component id="oc-258">
         <name>.debug_line</name>
         <load_address>0x15e5</load_address>
         <run_address>0x15e5</run_address>
         <size>0x59</size>
         <input_file_ref idref="fl-11"/>
      </object_component>
      <object_component id="oc-256">
         <name>.debug_line</name>
         <load_address>0x163e</load_address>
         <run_address>0x163e</run_address>
         <size>0x36</size>
         <input_file_ref idref="fl-11"/>
      </object_component>
      <object_component id="oc-1a8">
         <name>.debug_line</name>
         <load_address>0x1674</load_address>
         <run_address>0x1674</run_address>
         <size>0x662</size>
         <input_file_ref idref="fl-11"/>
      </object_component>
      <object_component id="oc-f1">
         <name>.debug_line</name>
         <load_address>0x1cd6</load_address>
         <run_address>0x1cd6</run_address>
         <size>0xd9</size>
         <input_file_ref idref="fl-13"/>
      </object_component>
      <object_component id="oc-23c">
         <name>.debug_line</name>
         <load_address>0x1daf</load_address>
         <run_address>0x1daf</run_address>
         <size>0x59</size>
         <input_file_ref idref="fl-1c"/>
      </object_component>
      <object_component id="oc-234">
         <name>.debug_line</name>
         <load_address>0x1e08</load_address>
         <run_address>0x1e08</run_address>
         <size>0x37</size>
         <input_file_ref idref="fl-1c"/>
      </object_component>
      <object_component id="oc-236">
         <name>.debug_line</name>
         <load_address>0x1e3f</load_address>
         <run_address>0x1e3f</run_address>
         <size>0x37</size>
         <input_file_ref idref="fl-1c"/>
      </object_component>
      <object_component id="oc-238">
         <name>.debug_line</name>
         <load_address>0x1e76</load_address>
         <run_address>0x1e76</run_address>
         <size>0x37</size>
         <input_file_ref idref="fl-1c"/>
      </object_component>
      <object_component id="oc-23a">
         <name>.debug_line</name>
         <load_address>0x1ead</load_address>
         <run_address>0x1ead</run_address>
         <size>0x37</size>
         <input_file_ref idref="fl-1c"/>
      </object_component>
      <object_component id="oc-154">
         <name>.debug_line</name>
         <load_address>0x1ee4</load_address>
         <run_address>0x1ee4</run_address>
         <size>0x632</size>
         <input_file_ref idref="fl-1c"/>
      </object_component>
      <object_component id="oc-197">
         <name>.debug_line</name>
         <load_address>0x2516</load_address>
         <run_address>0x2516</run_address>
         <size>0x53</size>
         <input_file_ref idref="fl-1f"/>
      </object_component>
      <object_component id="oc-18b">
         <name>.debug_line</name>
         <load_address>0x2569</load_address>
         <run_address>0x2569</run_address>
         <size>0x3c</size>
         <input_file_ref idref="fl-1f"/>
      </object_component>
      <object_component id="oc-18d">
         <name>.debug_line</name>
         <load_address>0x25a5</load_address>
         <run_address>0x25a5</run_address>
         <size>0x3c</size>
         <input_file_ref idref="fl-1f"/>
      </object_component>
      <object_component id="oc-18f">
         <name>.debug_line</name>
         <load_address>0x25e1</load_address>
         <run_address>0x25e1</run_address>
         <size>0x3c</size>
         <input_file_ref idref="fl-1f"/>
      </object_component>
      <object_component id="oc-191">
         <name>.debug_line</name>
         <load_address>0x261d</load_address>
         <run_address>0x261d</run_address>
         <size>0x3c</size>
         <input_file_ref idref="fl-1f"/>
      </object_component>
      <object_component id="oc-193">
         <name>.debug_line</name>
[...]
      </symbol>
      <symbol id="sm-5ab">
         <name>SysCtlMOSCConfigSet</name>
         <value>0x80f</value>
         <object_component_ref idref="oc-86"/>
      </symbol>
      <symbol id="sm-5ac">
         <name>SysCtlPeripheralEnable</name>
         <value>0x50d</value>
         <object_component_ref idref="oc-86"/>
      </symbol>
      <symbol id="sm-5ad">
         <name>SysCtlIntEnable</name>
         <value>0x721</value>
         <object_component_ref idref="oc-86"/>
      </symbol>
      <symbol id="sm-5ae">
         <name>SysCtlNMIClear</name>
         <value>0x1179</value>
         <object_component_ref idref="oc-86"/>
      </symbol>
      <symbol id="sm-5af">
         <name>SysCtlPeripheralPowerOff</name>
         <value>0x449</value>
         <object_component_ref idref="oc-86"/>
      </symbol>
      <symbol id="sm-5b0">
         <name>SysCtlSleepPowerSet</name>
         <value>0x7a5</value>
         <object_component_ref idref="oc-86"/>
      </symbol>
      <symbol id="sm-5b1">
         <name>SysCtlDeepSleep</name>
         <value>0x7d9</value>
         <object_component_ref idref="oc-86"/>
      </symbol>
      <symbol id="sm-5b2">
         <name>SysCtlLDODeepSleepSet</name>
         <value>0x78f</value>
         <object_component_ref idref="oc-86"/>
      </symbol>
      <symbol id="sm-5b3">
         <name>SysCtlPeripheralPowerOn</name>
         <value>0x40d</value>
         <object_component_ref idref="oc-86"/>
      </symbol>
      <symbol id="sm-5b4">
         <name>SysCtlPeripheralDeepSleepDisable</name>
         <value>0x65d</value>
         <object_component_ref idref="oc-86"/>
      </symbol>
      <symbol id="sm-5b5">
         <name>SysCtlPeripheralSleepDisable</name>
         <value>0x5d1</value>
         <object_component_ref idref="oc-86"/>
      </symbol>
      <symbol id="sm-5b6">
         <name>SysCtlVCOGet</name>
         <value>0x10a9</value>
         <object_component_ref idref="oc-86"/>
      </symbol>
      <symbol id="sm-5b7">
         <name>SysCtlResetBehaviorSet</name>
         <value>0x875</value>
         <object_component_ref idref="oc-86"/>
      </symbol>
      <symbol id="sm-5b8">
         <name>SysCtlReset</name>
         <value>0x7c9</value>
         <object_component_ref idref="oc-86"/>
      </symbol>
      <symbol id="sm-5b9">
         <name>SysCtlGPIOAHBDisable</name>
         <value>0x103b</value>
         <object_component_ref idref="oc-86"/>
      </symbol>
      <symbol id="sm-5ba">
         <name>SysCtlSRAMSizeGet</name>
         <value>0x32f</value>
         <object_component_ref idref="oc-86"/>
      </symbol>
      <symbol id="sm-5bb">
         <name>SysCtlClockGet</name>
         <value>0xd9d</value>
         <object_component_ref idref="oc-86"/>
      </symbol>
      <symbol id="sm-5bc">
         <name>SysCtlPeripheralDisable</name>
         <value>0x549</value>
         <object_component_ref idref="oc-86"/>
      </symbol>
      <symbol id="sm-5bd">
         <name>SysCtlPWMClockSet</name>
         <value>0xfef</value>
         <object_component_ref idref="oc-86"/>
      </symbol>
      <symbol id="sm-5be">
         <name>SysCtlUSBPLLEnable</name>
         <value>0x1057</value>
         <object_component_ref idref="oc-86"/>
      </symbol>
      <symbol id="sm-5bf">
         <name>SysCtlPeripheralSleepEnable</name>
         <value>0x58d</value>
         <object_component_ref idref="oc-86"/>
      </symbol>
      <symbol id="sm-5c0">
         <name>SysCtlIntUnregister</name>
         <value>0x711</value>
         <object_component_ref idref="oc-86"/>
      </symbol>
      <symbol id="sm-5c1">
         <name>SysCtlUSBPLLDisable</name>
         <value>0x1063</value>
         <object_component_ref idref="oc-86"/>
      </symbol>
      <symbol id="sm-5c2">
         <name>SysCtlPeripheralReady</name>
         <value>0x3cd</value>
         <object_component_ref idref="oc-86"/>
      </symbol>
      <symbol id="sm-5c3">
         <name>SysCtlPIOSCCalibrate</name>
         <value>0x825</value>
         <object_component_ref idref="oc-86"/>
      </symbol>
      <symbol id="sm-5c4">
         <name>SysCtlResetCauseClear</name>
         <value>0x7fb</value>
         <object_component_ref idref="oc-86"/>
      </symbol>
      <symbol id="sm-5c5">
         <name>SysCtlLDOSleepGet</name>
         <value>0x789</value>
         <object_component_ref idref="oc-86"/>
      </symbol>
      <symbol id="sm-5c6">
         <name>SysCtlClockFreqSet</name>
         <value>0x8d5</value>
         <object_component_ref idref="oc-86"/>
      </symbol>
      <symbol id="sm-5c7">
         <name>SysCtlPeripheralReset</name>
         <value>0x485</value>
         <object_component_ref idref="oc-86"/>
      </symbol>
      <symbol id="sm-5e1">
         <name>SysTickIntDisable</name>
         <value>0x3a4d</value>
         <object_component_ref idref="oc-8c"/>
      </symbol>
      <symbol id="sm-5e2">
         <name>SysTickEnable</name>
         <value>0x39fd</value>
         <object_component_ref idref="oc-8c"/>
      </symbol>
      <symbol id="sm-5e3">
         <name>SysTickPeriodGet</name>
         <value>0x3a6b</value>
         <object_component_ref idref="oc-8c"/>
      </symbol>
      <symbol id="sm-5e4">
         <name>SysTickIntRegister</name>
         <value>0x3a15</value>
         <object_component_ref idref="oc-8c"/>
      </symbol>
      <symbol id="sm-5e5">
         <name>SysTickIntEnable</name>
         <value>0x3a41</value>
         <object_component_ref idref="oc-8c"/>
      </symbol>
      <symbol id="sm-5e6">
         <name>SysTickValueGet</name>
         <value>0x3a73</value>
         <object_component_ref idref="oc-8c"/>
      </symbol>
      <symbol id="sm-5e7">
         <name>SysTickIntUnregister</name>
         <value>0x3a2d</value>
         <object_component_ref idref="oc-8c"/>
      </symbol>
      <symbol id="sm-5e8">
         <name>SysTickPeriodSet</name>
         <value>0x3a59</value>
         <object_component_ref idref="oc-8c"/>
      </symbol>
      <symbol id="sm-5e9">
         <name>SysTickDisable</name>
         <value>0x3a09</value>
         <object_component_ref idref="oc-8c"/>
      </symbol>
      <symbol id="sm-668">
         <name>UARTClockSourceGet</name>
         <value>0x2d3d</value>
         <object_component_ref idref="oc-1be"/>
      </symbol>
      <symbol id="sm-669">
         <name>UARTCharPutNonBlocking</name>
         <value>0x2bb1</value>
         <object_component_ref idref="oc-1be"/>
      </symbol>
      <symbol id="sm-66a">
         <name>UARTDMAEnable</name>
         <value>0x2cd7</value>
         <object_component_ref idref="oc-1be"/>
      </symbol>
      <symbol id="sm-66b">
         <name>UARTTxIntModeSet</name>
         <value>0x2b15</value>
         <object_component_ref idref="oc-1be"/>
      </symbol>
      <symbol id="sm-66c">
         <name>UARTFIFODisable</name>
         <value>0x29bb</value>
         <object_component_ref idref="oc-1be"/>
      </symbol>
      <symbol id="sm-66d">
         <name>UARTIntUnregister</name>
         <value>0x2c5d</value>
         <object_component_ref idref="oc-1be"/>
      </symbol>
      <symbol id="sm-66e">
         <name>UARTRxErrorClear</name>
         <value>0x2d19</value>
         <object_component_ref idref="oc-1be"/>
      </symbol>
      <symbol id="sm-66f">
         <name>UARTModemControlSet</name>
         <value>0x2a5d</value>
         <object_component_ref idref="oc-1be"/>
      </symbol>
      <symbol id="sm-670">
         <name>UARTFlowControlSet</name>
         <value>0x2ae7</value>
         <object_component_ref idref="oc-1be"/>
      </symbol>
      <symbol id="sm-671">
         <name>UARTConfigSetExpClk</name>
         <value>0x2895</value>
         <object_component_ref idref="oc-1be"/>
      </symbol>
      <symbol id="sm-672">
         <name>UARTSmartCardDisable</name>
         <value>0x2a47</value>
         <object_component_ref idref="oc-1be"/>
      </symbol>
      <symbol id="sm-673">
         <name>UARTDisable</name>
         <value>0x297b</value>
         <object_component_ref idref="oc-1be"/>
      </symbol>
      <symbol id="sm-674">
         <name>UART9BitDisable</name>
         <value>0x2d63</value>
         <object_component_ref idref="oc-1be"/>
      </symbol>
      <symbol id="sm-675">
         <name>UARTFIFOLevelGet</name>
         <value>0x286d</value>
         <object_component_ref idref="oc-1be"/>
      </symbol>
      <symbol id="sm-676">
         <name>UARTBusy</name>
         <value>0x2c1d</value>
         <object_component_ref idref="oc-1be"/>
      </symbol>
      <symbol id="sm-677">
         <name>UARTDisableSIR</name>
         <value>0x29ff</value>
         <object_component_ref idref="oc-1be"/>
      </symbol>
      <symbol id="sm-678">
         <name>UARTLoopbackEnable</name>
         <value>0x2de7</value>
         <object_component_ref idref="oc-1be"/>
      </symbol>
      <symbol id="sm-679">
         <name>UARTIntEnable</name>
         <value>0x2c77</value>
         <object_component_ref idref="oc-1be"/>
      </symbol>
      <symbol id="sm-67a">
         <name>UARTCharsAvail</name>
         <value>0x2b43</value>
         <object_component_ref idref="oc-1be"/>
      </symbol>
      <symbol id="sm-67b">
         <name>UARTCharGetNonBlocking</name>
         <value>0x2b7f</value>
         <object_component_ref idref="oc-1be"/>
      </symbol>
      <symbol id="sm-67c">
         <name>UARTClockSourceSet</name>
         <value>0x2d29</value>
         <object_component_ref idref="oc-1be"/>
      </symbol>
      <symbol id="sm-67d">
         <name>UARTTxIntModeGet</name>
         <value>0x2b31</value>
         <object_component_ref idref="oc-1be"/>
      </symbol>
      <symbol id="sm-67e">
         <name>UARTModemStatusGet</name>
         <value>0x2ad3</value>
         <object_component_ref idref="oc-1be"/>
      </symbol>
      <symbol id="sm-67f">
         <name>UARTIntDisable</name>
         <value>0x2c8f</value>
         <object_component_ref idref="oc-1be"/>
      </symbol>
      <symbol id="sm-680">
         <name>UARTCharPut</name>
         <value>0x2bd5</value>
         <object_component_ref idref="oc-1be"/>
      </symbol>
      <symbol id="sm-681">
         <name>UARTParityModeSet</name>
         <value>0x2827</value>
         <object_component_ref idref="oc-1be"/>
      </symbol>
      <symbol id="sm-682">
         <name>UARTRxErrorGet</name>
         <value>0x2d07</value>
         <object_component_ref idref="oc-1be"/>
      </symbol>
      <symbol id="sm-683">
         <name>UARTConfigGetExpClk</name>
         <value>0x290b</value>
         <object_component_ref idref="oc-1be"/>
      </symbol>
      <symbol id="sm-684">
         <name>UARTEnableSIR</name>
         <value>0x29d1</value>
         <object_component_ref idref="oc-1be"/>
      </symbol>
      <symbol id="sm-685">
         <name>UARTEnable</name>
         <value>0x2957</value>
         <object_component_ref idref="oc-1be"/>
      </symbol>
      <symbol id="sm-686">
         <name>UART9BitAddrSend</name>
         <value>0x2d9f</value>
         <object_component_ref idref="oc-1be"/>
      </symbol>
      <symbol id="sm-687">
         <name>UARTModemControlGet</name>
         <value>0x2ac1</value>
         <object_component_ref idref="oc-1be"/>
      </symbol>
      <symbol id="sm-688">
         <name>UARTSmartCardEnable</name>
         <value>0x2a15</value>
         <object_component_ref idref="oc-1be"/>
      </symbol>
      <symbol id="sm-689">
         <name>UARTFlowControlGet</name>
         <value>0x2b03</value>
         <object_component_ref idref="oc-1be"/>
      </symbol>
      <symbol id="sm-68a">
         <name>UARTFIFOEnable</name>
         <value>0x29a5</value>
         <object_component_ref idref="oc-1be"/>
      </symbol>
      <symbol id="sm-68b">
         <name>UARTIntClear</name>
         <value>0x2cc5</value>
         <object_component_ref idref="oc-1be"/>
      </symbol>
      <symbol id="sm-68c">
         <name>UARTIntStatus</name>
         <value>0x2ca7</value>
         <object_component_ref idref="oc-1be"/>
      </symbol>
      <symbol id="sm-68d">
         <name>UARTDMADisable</name>
         <value>0x2cef</value>
         <object_component_ref idref="oc-1be"/>
      </symbol>
      <symbol id="sm-68e">
         <name>UART9BitEnable</name>
         <value>0x2d4d</value>
         <object_component_ref idref="oc-1be"/>
      </symbol>
      <symbol id="sm-68f">
         <name>UARTSpaceAvail</name>
         <value>0x2b61</value>
         <object_component_ref idref="oc-1be"/>
      </symbol>
      <symbol id="sm-690">
         <name>UARTCharGet</name>
         <value>0x2b9b</value>
         <object_component_ref idref="oc-1be"/>
      </symbol>
      <symbol id="sm-691">
         <name>UARTFIFOLevelSet</name>
         <value>0x2855</value>
         <object_component_ref idref="oc-1be"/>
      </symbol>
      <symbol id="sm-692">
         <name>UARTModemControlClear</name>
         <value>0x2a9d</value>
         <object_component_ref idref="oc-1be"/>
      </symbol>
      <symbol id="sm-693">
         <name>UARTParityModeGet</name>
         <value>0x2843</value>
         <object_component_ref idref="oc-1be"/>
      </symbol>
      <symbol id="sm-694">
         <name>UARTIntRegister</name>
         <value>0x2c3b</value>
         <object_component_ref idref="oc-1be"/>
      </symbol>
      <symbol id="sm-695">
         <name>UARTBreakCtl</name>
         <value>0x2bf3</value>
         <object_component_ref idref="oc-1be"/>
      </symbol>
      <symbol id="sm-696">
         <name>UART9BitAddrSet</name>
         <value>0x2d79</value>
         <object_component_ref idref="oc-1be"/>
      </symbol>
      <symbol id="sm-6ab">
         <name>_c_int00</name>
         <value>0x3ca1</value>
         <object_component_ref idref="oc-24"/>
      </symbol>
      <symbol id="sm-6ac">
         <name>__stack</name>
         <value>0x2000026c</value>
         <object_component_ref idref="oc-2a"/>
      </symbol>
      <symbol id="sm-6ca">
         <name>__TI_decompress_lzss</name>
         <value>0x3bdd</value>
         <object_component_ref idref="oc-12"/>
      </symbol>
      <symbol id="sm-6e1">
         <name>__TI_decompress_none</name>
         <value>0x3f89</value>
         <object_component_ref idref="oc-18"/>
      </symbol>
      <symbol id="sm-6f8">
         <name>__TI_zero_init</name>
         <value>0x3f97</value>
         <object_component_ref idref="oc-1e"/>
      </symbol>
      <symbol id="sm-719">
         <name>C$$EXIT</name>
         <value>0x3cf5</value>
         <object_component_ref idref="oc-75"/>
      </symbol>
      <symbol id="sm-71a">
         <name>abort</name>
         <value>0x3cf9</value>
         <object_component_ref idref="oc-75"/>
      </symbol>
      <symbol id="sm-71b">
         <name>exit</name>
         <value>0x3d01</value>
         <object_component_ref idref="oc-75"/>
      </symbol>
      <symbol id="sm-71c">
         <name>__TI_dtors_ptr</name>
         <value>0x200004f4</value>
         <object_component_ref idref="oc-ce"/>
      </symbol>
      <symbol id="sm-71d">
         <name>__TI_cleanup_ptr</name>
         <value>0x200004f0</value>
         <object_component_ref idref="oc-ce"/>
      </symbol>
      <symbol id="sm-71e">
         <name>__TI_enable_exit_profile_output</name>
         <value>0x200004f8</value>
         <object_component_ref idref="oc-ce"/>
      </symbol>
      <symbol id="sm-739">
         <name>memcpy</name>
         <value>0x38d1</value>
         <object_component_ref idref="oc-45"/>
      </symbol>
      <symbol id="sm-73a">
         <name>__aeabi_memcpy</name>
         <value>0x38d1</value>
         <object_component_ref idref="oc-45"/>
      </symbol>
      <symbol id="sm-73b">
         <name>__aeabi_memcpy8</name>
         <value>0x38d1</value>
         <object_component_ref idref="oc-45"/>
      </symbol>
      <symbol id="sm-73c">
         <name>__aeabi_memcpy4</name>
         <value>0x38d1</value>
         <object_component_ref idref="oc-45"/>
      </symbol>
      <symbol id="sm-74b">
         <name>__aeabi_memset</name>
         <value>0x3a87</value>
         <object_component_ref idref="oc-51"/>
      </symbol>
      <symbol id="sm-74c">
         <name>memset</name>
         <value>0x3a8d</value>
         <object_component_ref idref="oc-51"/>
      </symbol>
      <symbol id="sm-74d">
         <name>__aeabi_memset8</name>
         <value>0x3a87</value>
         <object_component_ref idref="oc-51"/>
      </symbol>
      <symbol id="sm-74e">
         <name>__aeabi_memset4</name>
         <value>0x3a87</value>
         <object_component_ref idref="oc-51"/>
      </symbol>
      <symbol id="sm-74f">
         <name>__aeabi_memclr8</name>
         <value>0x3a85</value>
         <object_component_ref idref="oc-51"/>
      </symbol>
      <symbol id="sm-750">
         <name>__aeabi_memclr4</name>
         <value>0x3a85</value>
         <object_component_ref idref="oc-51"/>
      </symbol>
      <symbol id="sm-751">
         <name>__aeabi_memclr</name>
         <value>0x3a85</value>
         <object_component_ref idref="oc-51"/>
      </symbol>
      <symbol id="sm-75b">
         <name>__mpu_init</name>
         <value>0x3eaf</value>
         <object_component_ref idref="oc-5d"/>
      </symbol>
      <symbol id="sm-765">
         <name>_system_pre_init</name>
         <value>0x3fb5</value>
         <object_component_ref idref="oc-63"/>
      </symbol>
      <symbol id="sm-76d">
         <name>main_func_sp</name>
         <value>0x2000050c</value>
         <object_component_ref idref="oc-7b"/>
      </symbol>
      <symbol id="sm-77c">
         <name>__aeabi_uidivmod</name>
         <value>0x3e31</value>
         <object_component_ref idref="oc-224"/>
      </symbol>
      <symbol id="sm-77d">
         <name>__aeabi_uidiv</name>
         <value>0x3e31</value>
         <object_component_ref idref="oc-224"/>
      </symbol>
      <symbol id="sm-796">
         <name>_nop</name>
         <value>0x3f83</value>
         <object_component_ref idref="oc-146"/>
      </symbol>
      <symbol id="sm-797">
         <name>_lock</name>
         <value>0x200004fc</value>
         <object_component_ref idref="oc-d1"/>
      </symbol>
      <symbol id="sm-798">
         <name>_unlock</name>
         <value>0x20000500</value>
         <object_component_ref idref="oc-d1"/>
      </symbol>
      <symbol id="sm-799">
         <name>_register_lock</name>
         <value>0x3f7b</value>
         <object_component_ref idref="oc-146"/>
      </symbol>
      <symbol id="sm-79a">
         <name>_register_unlock</name>
         <value>0x3f75</value>
         <object_component_ref idref="oc-146"/>
      </symbol>
      <symbol id="sm-7ae">
         <name>_args_main</name>
         <value>0x3f49</value>
         <object_component_ref idref="oc-6f"/>
      </symbol>
      <symbol id="sm-7d8">
         <name>__TI_auto_init</name>
         <value>0x3b01</value>
         <object_component_ref idref="oc-69"/>
      </symbol>
      <symbol id="sm-7f2">
         <name>copy_in</name>
         <value>0x3de5</value>
         <object_component_ref idref="oc-b8"/>
      </symbol>
      <symbol id="sm-7fc">
         <name>__aeabi_idiv0</name>
         <value>0x3aff</value>
         <object_component_ref idref="oc-269"/>
      </symbol>
      <symbol id="sm-806">
         <name>_system_post_cinit</name>
         <value>0x3fb9</value>
         <object_component_ref idref="oc-be"/>
      </symbol>
      <symbol id="sm-807">
         <name>__TI_static_base__</name>
         <value>0x0</value>
      </symbol>
      <symbol id="sm-80a">
         <name>SHT$$INIT_ARRAY$$Limit</name>
         <value>0x0</value>
      </symbol>
      <symbol id="sm-80b">
         <name>SHT$$INIT_ARRAY$$Base</name>
         <value>0x0</value>
      </symbol>
   </symbol_table>
   <title>Link successful</title>
</link_info>
