******************************************************************************
                  TI ARM Linker PC v16.9.4                     
******************************************************************************
>> Linked Mon Jun 03 23:38:50 2019

OUTPUT FILE NAME:   <node3.out>
ENTRY POINT SYMBOL: "_c_int00"  address: 00003ca1


MEMORY CONFIGURATION

         name            origin    length      used     unused   attr    fill
----------------------  --------  ---------  --------  --------  ----  --------
  FLASH                 00000000   00040000  000046f2  0003b90e  R  X
  SRAM                  20000000   00008000  0000052a  00007ad6  RW X


SEGMENT ALLOCATION MAP

run origin  load origin   length   init length attrs members
----------  ----------- ---------- ----------- ----- -------
00000000    00000000    000046f8   000046f8    r-x
  00000000    00000000    0000026c   0000026c    r-- .intvecs
  0000026c    0000026c    00003d4e   00003d4e    r-x .text
  00003fbc    00003fbc    000006a0   000006a0    r-- .const
  00004660    00004660    00000098   00000098    r-- .cinit
20000000    20000000    0000052c   00000000    rw-
  20000000    20000000    0000026c   00000000    rw- .vtable
  2000026c    2000026c    00000200   00000000    rw- .stack
  2000046c    2000046c    000000aa   00000000    rw- .data
  20000518    20000518    00000014   00000000    rw- .bss


SECTION ALLOCATION MAP

 output                                  attributes/
section   page    origin      length       input sections
--------  ----  ----------  ----------   ----------------
.intvecs   0    00000000    0000026c     
                  00000000    0000026c     tm4c123gh6pm_startup_ccs.obj (.intvecs)

.text      0    0000026c    00003d4e     
                  0000026c    00000f88     sysctl.obj (.text)
                  000011f4    00000ba0     gpio.obj (.text)
                  00001d94    00000a30     can.obj (.text)
                  000027c4    00000638     uart.obj (.text)
                  00002dfc    0000049c     uartstdio.obj (.text)
                  00003298    000003c0     interrupt.obj (.text)
                  00003658    000001a0     CAN.obj (.text)
                  000037f8    000000d8     CAN_TRX.obj (.text)
                  000038d0    0000009c     rtsv7M4_T_le_v4SPD16_eabi.lib : memcpy_t2.obj (.text)
                  0000396c    00000090     diagnostic.obj (.text)
                  000039fc    00000088     systick.obj (.text)
                  00003a84    0000007a     rtsv7M4_T_le_v4SPD16_eabi.lib : memset_t2.obj (.text)
                  00003afe    00000002                                   : i_div0.obj (.text)
                  00003b00    00000070                                   : autoinit.obj (.text)
                  00003b70    0000006c     ADAS.obj (.text)
                  00003bdc    00000068     rtsv7M4_T_le_v4SPD16_eabi.lib : copy_decompress_lzss.obj (.text:decompress:lzss)
                  00003c44    0000005c     comm.obj (.text)
                  00003ca0    00000054     rtsv7M4_T_le_v4SPD16_eabi.lib : boot.obj (.text)
                  00003cf4    00000054                                   : exit.obj (.text)
                  00003d48    00000050     LED.obj (.text)
                  00003d98    0000004c     uart.obj (.text)
                  00003de4    0000004c     rtsv7M4_T_le_v4SPD16_eabi.lib : cpy_tbl.obj (.text)
                  00003e30    00000040                                   : u_divt2.obj (.text)
                  00003e70    0000003e     cpu.obj (.text)
                  00003eae    00000002     rtsv7M4_T_le_v4SPD16_eabi.lib : mpu_init.obj (.text)
                  00003eb0    0000003c     token_ring.obj (.text)
                  00003eec    00000034     systick_Timer .obj (.text)
                  00003f20    00000028     print.obj (.text)
                  00003f48    00000018     rtsv7M4_T_le_v4SPD16_eabi.lib : args_main.obj (.text)
                  00003f60    00000014     main.obj (.text)
                  00003f74    00000014     rtsv7M4_T_le_v4SPD16_eabi.lib : _lock.obj (.text)
                  00003f88    0000000e                                   : copy_decompress_none.obj (.text:decompress:none)
                  00003f96    0000000c                                   : copy_zero_init.obj (.text:decompress:ZI)
                  00003fa2    0000000c     tm4c123gh6pm_startup_ccs.obj (.text)
                  00003fae    00000006     sysctl.obj (.text:SysCtlDelay)
                  00003fb4    00000004     rtsv7M4_T_le_v4SPD16_eabi.lib : pre_init.obj (.text)
                  00003fb8    00000002                                   : startup.obj (.text)

.const     0    00003fbc    000006a0     
                  00003fbc    000001b0     sysctl.obj (.const:g_pppui32XTALtoVCO)
                  0000416c    000000d8     gpio.obj (.const:g_ppui32GPIOIntMapSnowflake)
                  00004244    000000c0     gpio.obj (.const:g_ppui32GPIOIntMapBlizzard)
                  00004304    0000009c     interrupt.obj (.const:g_pui32Regs)
                  000043a0    00000090     gpio.obj (.const:g_pui32GPIOBaseAddrs)
                  00004430    0000006c     sysctl.obj (.const:g_pui32Xtals)
                  0000449c    00000040     uart.obj (.const:g_ppui32UARTIntMap)
                  000044dc    00000040     uart.obj (.const:g_ppui32UARTIntMapSnowflake)
                  0000451c    00000036     ADAS.obj (.const:.string)
                  00004552    00000002     --HOLE-- [fill = 0]
                  00004554    00000030     sysctl.obj (.const:g_sXTALtoMEMTIM)
                  00004584    00000020     interrupt.obj (.const:g_pui32Priority)
                  000045a4    00000020     can.obj (.const:g_ui16CANBitValues)
                  000045c4    00000014     interrupt.obj (.const:g_pui32Dii16Regs)
                  000045d8    00000014     interrupt.obj (.const:g_pui32EnRegs)
                  000045ec    00000014     interrupt.obj (.const:g_pui32PendRegs)
                  00004600    00000014     interrupt.obj (.const:g_pui32UnpendRegs)
                  00004614    00000012     uartstdio.obj (.const:.string)
                  00004626    00000002     --HOLE-- [fill = 0]
                  00004628    0000000c     uartstdio.obj (.const:g_ui32UARTBase)
                  00004634    0000000c     uartstdio.obj (.const:g_ui32UARTPeriph)
                  00004640    00000008     uart.obj (.const)
                  00004648    00000008     sysctl.obj (.const:g_pui32VCOFrequencies)
                  00004650    00000008     gpio.obj (.const)
                  00004658    00000004     uartstdio.obj (.const)

.cinit     0    00004660    00000098     
                  00004660    0000005f     (.cinit..data.load) [load image, compression = lzss]
                  000046bf    00000001     --HOLE-- [fill = 0]
                  000046c0    0000000c     (__TI_handler_table)
                  000046cc    00000004     --HOLE-- [fill = 0]
                  000046d0    00000008     (.cinit..bss.load) [load image, compression = zero_init]
                  000046d8    00000008     (.cinit..vtable.load) [load image, compression = zero_init]
                  000046e0    00000018     (__TI_cinit_table)

.init_array 
*          0    00000000    00000000     UNINITIALIZED

.vtable    0    20000000    0000026c     UNINITIALIZED
                  20000000    0000026c     interrupt.obj (.vtable)

.stack     0    2000026c    00000200     UNINITIALIZED
                  2000026c    00000200     --HOLE--

.data      0    2000046c    000000aa     UNINITIALIZED
                  2000046c    00000030     CAN.obj (.data:rx_objects)
                  2000049c    00000018     CAN_TRX.obj (.data:Rx_MAP)
                  200004b4    00000018     CAN_TRX.obj (.data:Tx_MAP)
                  200004cc    00000014     ADAS.obj (.data:command)
                  200004e0    00000010     CAN.obj (.data:tx_objects)
                  200004f0    0000000c     rtsv7M4_T_le_v4SPD16_eabi.lib : exit.obj (.data:$O1$$)
                  200004fc    00000008                                   : _lock.obj (.data:$O1$$)
                  20000504    00000005     uartstdio.obj (.data)
                  20000509    00000003     token_ring.obj (.data:passed_data)
                  2000050c    00000004     rtsv7M4_T_le_v4SPD16_eabi.lib : stkdepth_vars.obj (.data)
                  20000510    00000002     comm.obj (.data:Transmit_PDUs_length)
                  20000512    00000002     ADAS.obj (.data:reading)
                  20000514    00000001     ADAS.obj (.data)
                  20000515    00000001     token_ring.obj (.data)

.bss       0    20000518    00000014     UNINITIALIZED
                  20000518    00000008     (.common:PDU_TX)
                  20000520    00000008     (.common:buffer)
                  20000528    00000004     (.common:response)

MODULE SUMMARY

       Module                         code    ro data   rw data
       ------                         ----    -------   -------
    .\
       tm4c123gh6pm_startup_ccs.obj   12      620       0      
       main.obj                       20      0         0      
    +--+------------------------------+-------+---------+---------+
       Total:                         32      620       0      
                                                               
    .\ECU_AL\ECU_CAN\
       CAN_TRX.obj                    216     0         48     
    +--+------------------------------+-------+---------+---------+
       Total:                         216     0         48     
                                                               
    .\ECU_AL\PC_DISPLAY\
       uartstdio.obj                  1180    46        5      
    +--+------------------------------+-------+---------+---------+
       Total:                         1180    46        5      
                                                               
    .\MCAL\CAN\
       CAN.obj                        416     0         72     
    +--+------------------------------+-------+---------+---------+
       Total:                         416     0         72     
                                                               
    .\MCAL\DIO\
       LED.obj                        80      0         0      
    +--+------------------------------+-------+---------+---------+
       Total:                         80      0         0      
                                                               
    .\MCAL\systick_timer\
       systick_Timer .obj             52      0         0      
    +--+------------------------------+-------+---------+---------+
       Total:                         52      0         0      
                                                               
    .\MCAL\uart\
       uart.obj                       76      0         0      
    +--+------------------------------+-------+---------+---------+
       Total:                         76      0         0      
                                                               
    .\Servicelayer\comm\
       comm.obj                       92      0         10     
    +--+------------------------------+-------+---------+---------+
       Total:                         92      0         10     
                                                               
    .\Servicelayer\diagnostic_manager\
       diagnostic.obj                 144     0         4      
    +--+------------------------------+-------+---------+---------+
       Total:                         144     0         4      
                                                               
    .\Servicelayer\print\
       print.obj                      40      0         0      
    +--+------------------------------+-------+---------+---------+
       Total:                         40      0         0      
                                                               
    .\application\ADAS\
       ADAS.obj                       108     54        23     
    +--+------------------------------+-------+---------+---------+
       Total:                         108     54        23     
                                                               
    .\application\token_ring\
       token_ring.obj                 60      0         4      
    +--+------------------------------+-------+---------+---------+
       Total:                         60      0         4      
                                                               
    .\driverlib\
       sysctl.obj                     3982    596       0      
       gpio.obj                       2976    560       0      
       can.obj                        2608    32        0      
       interrupt.obj                  960     268       620    
       uart.obj                       1592    136       0      
       systick.obj                    136     0         0      
       cpu.obj                        62      0         0      
    +--+------------------------------+-------+---------+---------+
       Total:                         12316   1592      620    
                                                               
    C:\ti\ccsv7\tools\compiler\ti-cgt-arm_16.9.4.LTS\lib\rtsv7M4_T_le_v4SPD16_eabi.lib
       memcpy_t2.obj                  156     0         0      
       memset_t2.obj                  122     0         0      
       autoinit.obj                   112     0         0      
       copy_decompress_lzss.obj       104     0         0      
       exit.obj                       84      0         12     
       boot.obj                       84      0         0      
       cpy_tbl.obj                    76      0         0      
       u_divt2.obj                    64      0         0      
       _lock.obj                      20      0         8      
       args_main.obj                  24      0         0      
       copy_decompress_none.obj       14      0         0      
       copy_zero_init.obj             12      0         0      
       pre_init.obj                   4       0         0      
       stkdepth_vars.obj              0       0         4      
       i_div0.obj                     2       0         0      
       mpu_init.obj                   2       0         0      
       startup.obj                    2       0         0      
    +--+------------------------------+-------+---------+---------+
       Total:                         882     0         24     
                                                               
       Stack:                         0       0         512    
       Linker Generated:              0       147       0      
    +--+------------------------------+-------+---------+---------+
       Grand Total:                   15694   2459      1322   


LINKER GENERATED COPY TABLES

__TI_cinit_table @ 000046e0 records: 3, size/record: 8, table size: 24
	.data: load addr=00004660, load size=0000005f bytes, run addr=2000046c, run size=000000aa bytes, compression=lzss
	.bss: load addr=000046d0, load size=00000008 bytes, run addr=20000518, run size=00000014 bytes, compression=zero_init
	.vtable: load addr=000046d8, load size=00000008 bytes, run addr=20000000, run size=0000026c bytes, compression=zero_init


LINKER GENERATED HANDLER TABLE

__TI_handler_table @ 000046c0 records: 3, size/record: 4, table size: 12
	index: 0, handler: __TI_zero_init
	index: 1, handler: __TI_decompress_lzss
	index: 2, handler: __TI_decompress_none


GLOBAL SYMBOLS: SORTED ALPHABETICALLY BY Name 

address   name                            
-------   ----                            
00003cf5  C$$EXIT                         
00001fad  CANBitRateSet                   
00001f3d  CANBitTimingGet                 
00002079  CANBitTimingSet                 
00001f29  CANDisable                      
00001f15  CANEnable                       
000022c3  CANErrCntrGet                   
00001e99  CANInit                         
000021b5  CANIntClear                     
00002155  CANIntDisable                   
0000213f  CANIntEnable                    
00003659  CANIntHandler                   
00002107  CANIntRegister                  
0000216b  CANIntStatus                    
00002125  CANIntUnregister                
00002795  CANMessageClear                 
0000258b  CANMessageGet                   
000022f9  CANMessageSet                   
00002221  CANRetryGet                     
000021ef  CANRetrySet                     
0000223d  CANStatusGet                    
00003703  CAN_Init                        
000036bd  CAN_Send                        
00003ea5  CPUbasepriGet                   
00003e97  CPUbasepriSet                   
00003e71  CPUcpsid                        
00003e87  CPUcpsie                        
00003e7d  CPUprimask                      
00003e93  CPUwfi                          
0000396d  Diag_service                    
0000386f  ECU_CAN_Receive                 
000037f9  ECU_CAN_Transmit                
00001d6d  GPIOADCTriggerDisable           
00001d4f  GPIOADCTriggerEnable            
00001d31  GPIODMATriggerDisable           
00001d13  GPIODMATriggerEnable            
000012b3  GPIODirModeGet                  
00001257  GPIODirModeSet                  
00001823  GPIOIntClear                    
000017e7  GPIOIntDisable                  
000017cd  GPIOIntEnable                   
00001837  GPIOIntRegister                 
0000186f  GPIOIntRegisterPin              
00001801  GPIOIntStatus                   
000013a3  GPIOIntTypeGet                  
000012ff  GPIOIntTypeSet                  
00001855  GPIOIntUnregister               
0000189d  GPIOIntUnregisterPin            
0000167b  GPIOPadConfigGet                
00001441  GPIOPadConfigSet                
00001cb5  GPIOPinConfigure                
000018c1  GPIOPinRead                     
000018f9  GPIOPinTypeADC                  
0000191d  GPIOPinTypeCAN                  
00001941  GPIOPinTypeComparator           
00001965  GPIOPinTypeComparatorOutput     
00001989  GPIOPinTypeDIVSCLK              
000019ad  GPIOPinTypeEPI                  
000019d1  GPIOPinTypeEthernetLED          
000019f5  GPIOPinTypeEthernetMII          
00001a19  GPIOPinTypeGPIOInput            
00001a3d  GPIOPinTypeGPIOOutput           
00001a61  GPIOPinTypeGPIOOutputOD         
00001a85  GPIOPinTypeHibernateRTCCLK      
00001aa9  GPIOPinTypeI2C                  
00001acd  GPIOPinTypeI2CSCL               
00001af1  GPIOPinTypeLCD                  
00001b15  GPIOPinTypeOneWire              
00001b39  GPIOPinTypePWM                  
00001b5d  GPIOPinTypeQEI                  
00001b81  GPIOPinTypeSSI                  
00001ba5  GPIOPinTypeTimer                
00001bc9  GPIOPinTypeTrace                
00001bed  GPIOPinTypeUART                 
00001c11  GPIOPinTypeUSBAnalog            
00001c35  GPIOPinTypeUSBDigital           
00001c59  GPIOPinTypeWakeHigh             
00001c7f  GPIOPinTypeWakeLow              
00001ca5  GPIOPinWakeStatus               
000018d9  GPIOPinWrite                    
00003d99  Init_uart                       
00003459  IntDisable                      
000033e7  IntEnable                       
000034cb  IntIsEnabled                    
000032ab  IntMasterDisable                
0000329b  IntMasterEnable                 
000035c1  IntPendClear                    
00003551  IntPendSet                      
000033c3  IntPriorityGet                  
0000333b  IntPriorityGroupingGet          
00003321  IntPriorityGroupingSet          
0000361b  IntPriorityMaskGet              
0000360f  IntPriorityMaskSet              
00003373  IntPrioritySet                  
000032bb  IntRegister                     
00003623  IntTrigger                      
0000330d  IntUnregister                   
00003d49  LED_Init                        
00003d81  LED_OFF                         
00003d6d  LED_ON                          
20000518  PDU_TX                          
00003fa3  ResetISR                        
2000049c  Rx_MAP                          
UNDEFED   SHT$$INIT_ARRAY$$Base           
UNDEFED   SHT$$INIT_ARRAY$$Limit          
000011b1  SysCtlAltClkConfig              
000008d5  SysCtlClockFreqSet              
00000d9d  SysCtlClockGet                  
00001195  SysCtlClockOutConfig            
00000bcd  SysCtlClockSet                  
000007d9  SysCtlDeepSleep                 
00000f65  SysCtlDeepSleepClockConfigSet   
00000f49  SysCtlDeepSleepClockSet         
000007b9  SysCtlDeepSleepPowerSet         
00003faf  SysCtlDelay                     
00000365  SysCtlFlashSectorSizeGet        
00000339  SysCtlFlashSizeGet              
0000103b  SysCtlGPIOAHBDisable            
0000101f  SysCtlGPIOAHBEnable             
0000074d  SysCtlIntClear                  
00000735  SysCtlIntDisable                
00000721  SysCtlIntEnable                 
000006f9  SysCtlIntRegister               
0000075d  SysCtlIntStatus                 
00000711  SysCtlIntUnregister             
0000079f  SysCtlLDODeepSleepGet           
0000078f  SysCtlLDODeepSleepSet           
00000789  SysCtlLDOSleepGet               
00000779  SysCtlLDOSleepSet               
0000080f  SysCtlMOSCConfigSet             
00001179  SysCtlNMIClear                  
00001169  SysCtlNMIStatus                 
00000825  SysCtlPIOSCCalibrate            
00001009  SysCtlPWMClockGet               
00000fef  SysCtlPWMClockSet               
000006a5  SysCtlPeripheralClockGating     
0000065d  SysCtlPeripheralDeepSleepDisable
0000060d  SysCtlPeripheralDeepSleepEnable 
00000549  SysCtlPeripheralDisable         
0000050d  SysCtlPeripheralEnable          
00000449  SysCtlPeripheralPowerOff        
0000040d  SysCtlPeripheralPowerOn         
0000038d  SysCtlPeripheralPresent         
000003cd  SysCtlPeripheralReady           
00000485  SysCtlPeripheralReset           
000005d1  SysCtlPeripheralSleepDisable    
0000058d  SysCtlPeripheralSleepEnable     
000007c9  SysCtlReset                     
00000885  SysCtlResetBehaviorGet          
00000875  SysCtlResetBehaviorSet          
000007fb  SysCtlResetCauseClear           
000007f5  SysCtlResetCauseGet             
0000032f  SysCtlSRAMSizeGet               
000007d1  SysCtlSleep                     
000007a5  SysCtlSleepPowerSet             
00001063  SysCtlUSBPLLDisable             
00001057  SysCtlUSBPLLEnable              
000010a9  SysCtlVCOGet                    
00001095  SysCtlVoltageEventClear         
00001075  SysCtlVoltageEventConfig        
00001089  SysCtlVoltageEventStatus        
00003a09  SysTickDisable                  
000039fd  SysTickEnable                   
00003a4d  SysTickIntDisable               
00003a41  SysTickIntEnable                
00003eed  SysTickIntHandler               
00003a15  SysTickIntRegister              
00003a2d  SysTickIntUnregister            
00003a6b  SysTickPeriodGet                
00003a59  SysTickPeriodSet                
00003a73  SysTickValueGet                 
00003ef5  Timer_Init                      
20000510  Transmit_PDUs_length            
200004b4  Tx_MAP                          
00002d9f  UART9BitAddrSend                
00002d79  UART9BitAddrSet                 
00002d63  UART9BitDisable                 
00002d4d  UART9BitEnable                  
00002bf3  UARTBreakCtl                    
00002c1d  UARTBusy                        
00002b9b  UARTCharGet                     
00002b7f  UARTCharGetNonBlocking          
00002bd5  UARTCharPut                     
00002bb1  UARTCharPutNonBlocking          
00002b43  UARTCharsAvail                  
00002d3d  UARTClockSourceGet              
00002d29  UARTClockSourceSet              
0000290b  UARTConfigGetExpClk             
00002895  UARTConfigSetExpClk             
00002cef  UARTDMADisable                  
00002cd7  UARTDMAEnable                   
0000297b  UARTDisable                     
000029ff  UARTDisableSIR                  
00002957  UARTEnable                      
000029d1  UARTEnableSIR                   
000029bb  UARTFIFODisable                 
000029a5  UARTFIFOEnable                  
0000286d  UARTFIFOLevelGet                
00002855  UARTFIFOLevelSet                
00002b03  UARTFlowControlGet              
00002ae7  UARTFlowControlSet              
00002cc5  UARTIntClear                    
00002c8f  UARTIntDisable                  
00002c77  UARTIntEnable                   
00002c3b  UARTIntRegister                 
00002ca7  UARTIntStatus                   
00002c5d  UARTIntUnregister               
00002de7  UARTLoopbackEnable              
00002a9d  UARTModemControlClear           
00002ac1  UARTModemControlGet             
00002a5d  UARTModemControlSet             
00002ad3  UARTModemStatusGet              
00002843  UARTParityModeGet               
00002827  UARTParityModeSet               
00002d19  UARTRxErrorClear                
00002d07  UARTRxErrorGet                  
00002a47  UARTSmartCardDisable            
00002a15  UARTSmartCardEnable             
00002b61  UARTSpaceAvail                  
00002dfd  UARTStdioConfig                 
00002b31  UARTTxIntModeGet                
00002b15  UARTTxIntModeSet                
00002f43  UARTgetc                        
00002e89  UARTgets                        
00003263  UARTprintf                      
00002f69  UARTvprintf                     
00002e43  UARTwrite                       
2000046c  __STACK_END                     
00000200  __STACK_SIZE                    
2000046c  __STACK_TOP                     
000046e0  __TI_CINIT_Base                 
000046f8  __TI_CINIT_Limit                
000046c0  __TI_Handler_Table_Base         
000046cc  __TI_Handler_Table_Limit        
00003b01  __TI_auto_init                  
200004f0  __TI_cleanup_ptr                
00003bdd  __TI_decompress_lzss            
00003f89  __TI_decompress_none            
200004f4  __TI_dtors_ptr                  
200004f8  __TI_enable_exit_profile_output 
ffffffff  __TI_pprof_out_hndl             
ffffffff  __TI_prof_data_size             
ffffffff  __TI_prof_data_start            
00000000  __TI_static_base__              
00003f97  __TI_zero_init                  
00003aff  __aeabi_idiv0                   
00003a85  __aeabi_memclr                  
00003a85  __aeabi_memclr4                 
00003a85  __aeabi_memclr8                 
000038d1  __aeabi_memcpy                  
000038d1  __aeabi_memcpy4                 
000038d1  __aeabi_memcpy8                 
00003a87  __aeabi_memset                  
00003a87  __aeabi_memset4                 
00003a87  __aeabi_memset8                 
00003e31  __aeabi_uidiv                   
00003e31  __aeabi_uidivmod                
ffffffff  __binit__                       
ffffffff  __c_args__                      
00003eaf  __mpu_init                      
2000026c  __stack                         
00003f49  _args_main                      
00003ca1  _c_int00                        
200004fc  _lock                           
00003f83  _nop                            
00003f7b  _register_lock                  
00003f75  _register_unlock                
00003fb9  _system_post_cinit              
00003fb5  _system_pre_init                
20000500  _unlock                         
00003cf9  abort                           
00003b71  app                             
ffffffff  binit                           
20000520  buffer                          
00003c65  comm_receive                    
00003c45  comm_send                       
200004cc  command                         
00003de5  copy_in                         
20000514  error                           
00003d01  exit                            
20000000  g_pfnRAMVectors                 
00000000  g_pfnVectors                    
00003f61  main                            
2000050c  main_func_sp                    
000038d1  memcpy                          
00003a8d  memset                          
00003ec5  pass_token                      
20000509  passed_data                     
00003f21  printnumber                     
00003f33  printstring                     
20000512  reading                         
00003eb1  receivetoken                    
20000528  response                        
2000046c  rx_objects                      
20000515  token_flag                      
200004e0  tx_objects                      


GLOBAL SYMBOLS: SORTED BY Symbol Address 

address   name                            
-------   ----                            
00000000  __TI_static_base__              
00000000  g_pfnVectors                    
00000200  __STACK_SIZE                    
0000032f  SysCtlSRAMSizeGet               
00000339  SysCtlFlashSizeGet              
00000365  SysCtlFlashSectorSizeGet        
0000038d  SysCtlPeripheralPresent         
000003cd  SysCtlPeripheralReady           
0000040d  SysCtlPeripheralPowerOn         
00000449  SysCtlPeripheralPowerOff        
00000485  SysCtlPeripheralReset           
0000050d  SysCtlPeripheralEnable          
00000549  SysCtlPeripheralDisable         
0000058d  SysCtlPeripheralSleepEnable     
000005d1  SysCtlPeripheralSleepDisable    
0000060d  SysCtlPeripheralDeepSleepEnable 
0000065d  SysCtlPeripheralDeepSleepDisable
000006a5  SysCtlPeripheralClockGating     
000006f9  SysCtlIntRegister               
00000711  SysCtlIntUnregister             
00000721  SysCtlIntEnable                 
00000735  SysCtlIntDisable                
0000074d  SysCtlIntClear                  
0000075d  SysCtlIntStatus                 
00000779  SysCtlLDOSleepSet               
00000789  SysCtlLDOSleepGet               
0000078f  SysCtlLDODeepSleepSet           
0000079f  SysCtlLDODeepSleepGet           
000007a5  SysCtlSleepPowerSet             
000007b9  SysCtlDeepSleepPowerSet         
000007c9  SysCtlReset                     
000007d1  SysCtlSleep                     
000007d9  SysCtlDeepSleep                 
000007f5  SysCtlResetCauseGet             
000007fb  SysCtlResetCauseClear           
0000080f  SysCtlMOSCConfigSet             
00000825  SysCtlPIOSCCalibrate            
00000875  SysCtlResetBehaviorSet          
00000885  SysCtlResetBehaviorGet          
000008d5  SysCtlClockFreqSet              
00000bcd  SysCtlClockSet                  
00000d9d  SysCtlClockGet                  
00000f49  SysCtlDeepSleepClockSet         
00000f65  SysCtlDeepSleepClockConfigSet   
00000fef  SysCtlPWMClockSet               
00001009  SysCtlPWMClockGet               
0000101f  SysCtlGPIOAHBEnable             
0000103b  SysCtlGPIOAHBDisable            
00001057  SysCtlUSBPLLEnable              
00001063  SysCtlUSBPLLDisable             
00001075  SysCtlVoltageEventConfig        
00001089  SysCtlVoltageEventStatus        
00001095  SysCtlVoltageEventClear         
000010a9  SysCtlVCOGet                    
00001169  SysCtlNMIStatus                 
00001179  SysCtlNMIClear                  
00001195  SysCtlClockOutConfig            
000011b1  SysCtlAltClkConfig              
00001257  GPIODirModeSet                  
000012b3  GPIODirModeGet                  
000012ff  GPIOIntTypeSet                  
000013a3  GPIOIntTypeGet                  
00001441  GPIOPadConfigSet                
0000167b  GPIOPadConfigGet                
000017cd  GPIOIntEnable                   
000017e7  GPIOIntDisable                  
00001801  GPIOIntStatus                   
00001823  GPIOIntClear                    
00001837  GPIOIntRegister                 
00001855  GPIOIntUnregister               
0000186f  GPIOIntRegisterPin              
0000189d  GPIOIntUnregisterPin            
000018c1  GPIOPinRead                     
000018d9  GPIOPinWrite                    
000018f9  GPIOPinTypeADC                  
0000191d  GPIOPinTypeCAN                  
00001941  GPIOPinTypeComparator           
00001965  GPIOPinTypeComparatorOutput     
00001989  GPIOPinTypeDIVSCLK              
000019ad  GPIOPinTypeEPI                  
000019d1  GPIOPinTypeEthernetLED          
000019f5  GPIOPinTypeEthernetMII          
00001a19  GPIOPinTypeGPIOInput            
00001a3d  GPIOPinTypeGPIOOutput           
00001a61  GPIOPinTypeGPIOOutputOD         
00001a85  GPIOPinTypeHibernateRTCCLK      
00001aa9  GPIOPinTypeI2C                  
00001acd  GPIOPinTypeI2CSCL               
00001af1  GPIOPinTypeLCD                  
00001b15  GPIOPinTypeOneWire              
00001b39  GPIOPinTypePWM                  
00001b5d  GPIOPinTypeQEI                  
00001b81  GPIOPinTypeSSI                  
00001ba5  GPIOPinTypeTimer                
00001bc9  GPIOPinTypeTrace                
00001bed  GPIOPinTypeUART                 
00001c11  GPIOPinTypeUSBAnalog            
00001c35  GPIOPinTypeUSBDigital           
00001c59  GPIOPinTypeWakeHigh             
00001c7f  GPIOPinTypeWakeLow              
00001ca5  GPIOPinWakeStatus               
00001cb5  GPIOPinConfigure                
00001d13  GPIODMATriggerEnable            
00001d31  GPIODMATriggerDisable           
00001d4f  GPIOADCTriggerEnable            
00001d6d  GPIOADCTriggerDisable           
00001e99  CANInit                         
00001f15  CANEnable                       
00001f29  CANDisable                      
00001f3d  CANBitTimingGet                 
00001fad  CANBitRateSet                   
00002079  CANBitTimingSet                 
00002107  CANIntRegister                  
00002125  CANIntUnregister                
0000213f  CANIntEnable                    
00002155  CANIntDisable                   
0000216b  CANIntStatus                    
000021b5  CANIntClear                     
000021ef  CANRetrySet                     
00002221  CANRetryGet                     
0000223d  CANStatusGet                    
000022c3  CANErrCntrGet                   
000022f9  CANMessageSet                   
0000258b  CANMessageGet                   
00002795  CANMessageClear                 
00002827  UARTParityModeSet               
00002843  UARTParityModeGet               
00002855  UARTFIFOLevelSet                
0000286d  UARTFIFOLevelGet                
00002895  UARTConfigSetExpClk             
0000290b  UARTConfigGetExpClk             
00002957  UARTEnable                      
0000297b  UARTDisable                     
000029a5  UARTFIFOEnable                  
000029bb  UARTFIFODisable                 
000029d1  UARTEnableSIR                   
000029ff  UARTDisableSIR                  
00002a15  UARTSmartCardEnable             
00002a47  UARTSmartCardDisable            
00002a5d  UARTModemControlSet             
00002a9d  UARTModemControlClear           
00002ac1  UARTModemControlGet             
00002ad3  UARTModemStatusGet              
00002ae7  UARTFlowControlSet              
00002b03  UARTFlowControlGet              
00002b15  UARTTxIntModeSet                
00002b31  UARTTxIntModeGet                
00002b43  UARTCharsAvail                  
00002b61  UARTSpaceAvail                  
00002b7f  UARTCharGetNonBlocking          
00002b9b  UARTCharGet                     
00002bb1  UARTCharPutNonBlocking          
00002bd5  UARTCharPut                     
00002bf3  UARTBreakCtl                    
00002c1d  UARTBusy                        
00002c3b  UARTIntRegister                 
00002c5d  UARTIntUnregister               
00002c77  UARTIntEnable                   
00002c8f  UARTIntDisable                  
00002ca7  UARTIntStatus                   
00002cc5  UARTIntClear                    
00002cd7  UARTDMAEnable                   
00002cef  UARTDMADisable                  
00002d07  UARTRxErrorGet                  
00002d19  UARTRxErrorClear                
00002d29  UARTClockSourceSet              
00002d3d  UARTClockSourceGet              
00002d4d  UART9BitEnable                  
00002d63  UART9BitDisable                 
00002d79  UART9BitAddrSet                 
00002d9f  UART9BitAddrSend                
00002de7  UARTLoopbackEnable              
00002dfd  UARTStdioConfig                 
00002e43  UARTwrite                       
00002e89  UARTgets                        
00002f43  UARTgetc                        
00002f69  UARTvprintf                     
00003263  UARTprintf                      
0000329b  IntMasterEnable                 
000032ab  IntMasterDisable                
000032bb  IntRegister                     
0000330d  IntUnregister                   
00003321  IntPriorityGroupingSet          
0000333b  IntPriorityGroupingGet          
00003373  IntPrioritySet                  
000033c3  IntPriorityGet                  
000033e7  IntEnable                       
00003459  IntDisable                      
000034cb  IntIsEnabled                    
00003551  IntPendSet                      
000035c1  IntPendClear                    
0000360f  IntPriorityMaskSet              
0000361b  IntPriorityMaskGet              
00003623  IntTrigger                      
00003659  CANIntHandler                   
000036bd  CAN_Send                        
00003703  CAN_Init                        
000037f9  ECU_CAN_Transmit                
0000386f  ECU_CAN_Receive                 
000038d1  __aeabi_memcpy                  
000038d1  __aeabi_memcpy4                 
000038d1  __aeabi_memcpy8                 
000038d1  memcpy                          
0000396d  Diag_service                    
000039fd  SysTickEnable                   
00003a09  SysTickDisable                  
00003a15  SysTickIntRegister              
00003a2d  SysTickIntUnregister            
00003a41  SysTickIntEnable                
00003a4d  SysTickIntDisable               
00003a59  SysTickPeriodSet                
00003a6b  SysTickPeriodGet                
00003a73  SysTickValueGet                 
00003a85  __aeabi_memclr                  
00003a85  __aeabi_memclr4                 
00003a85  __aeabi_memclr8                 
00003a87  __aeabi_memset                  
00003a87  __aeabi_memset4                 
00003a87  __aeabi_memset8                 
00003a8d  memset                          
00003aff  __aeabi_idiv0                   
00003b01  __TI_auto_init                  
00003b71  app                             
00003bdd  __TI_decompress_lzss            
00003c45  comm_send                       
00003c65  comm_receive                    
00003ca1  _c_int00                        
00003cf5  C$$EXIT                         
00003cf9  abort                           
00003d01  exit                            
00003d49  LED_Init                        
00003d6d  LED_ON                          
00003d81  LED_OFF                         
00003d99  Init_uart                       
00003de5  copy_in                         
00003e31  __aeabi_uidiv                   
00003e31  __aeabi_uidivmod                
00003e71  CPUcpsid                        
00003e7d  CPUprimask                      
00003e87  CPUcpsie                        
00003e93  CPUwfi                          
00003e97  CPUbasepriSet                   
00003ea5  CPUbasepriGet                   
00003eaf  __mpu_init                      
00003eb1  receivetoken                    
00003ec5  pass_token                      
00003eed  SysTickIntHandler               
00003ef5  Timer_Init                      
00003f21  printnumber                     
00003f33  printstring                     
00003f49  _args_main                      
00003f61  main                            
00003f75  _register_unlock                
00003f7b  _register_lock                  
00003f83  _nop                            
00003f89  __TI_decompress_none            
00003f97  __TI_zero_init                  
00003fa3  ResetISR                        
00003faf  SysCtlDelay                     
00003fb5  _system_pre_init                
00003fb9  _system_post_cinit              
000046c0  __TI_Handler_Table_Base         
000046cc  __TI_Handler_Table_Limit        
000046e0  __TI_CINIT_Base                 
000046f8  __TI_CINIT_Limit                
20000000  g_pfnRAMVectors                 
2000026c  __stack                         
2000046c  __STACK_END                     
2000046c  __STACK_TOP                     
2000046c  rx_objects                      
2000049c  Rx_MAP                          
200004b4  Tx_MAP                          
200004cc  command                         
200004e0  tx_objects                      
200004f0  __TI_cleanup_ptr                
200004f4  __TI_dtors_ptr                  
200004f8  __TI_enable_exit_profile_output 
200004fc  _lock                           
20000500  _unlock                         
20000509  passed_data                     
2000050c  main_func_sp                    
20000510  Transmit_PDUs_length            
20000512  reading                         
20000514  error                           
20000515  token_flag                      
20000518  PDU_TX                          
20000520  buffer                          
20000528  response                        
ffffffff  __TI_pprof_out_hndl             
ffffffff  __TI_prof_data_size             
ffffffff  __TI_prof_data_start            
ffffffff  __binit__                       
ffffffff  __c_args__                      
ffffffff  binit                           
UNDEFED   SHT$$INIT_ARRAY$$Base           
UNDEFED   SHT$$INIT_ARRAY$$Limit          

[296 symbols]
