******************************************************************************
                  TI ARM Linker PC v16.9.4                     
******************************************************************************
>> Linked Sat Feb 16 11:58:43 2019

OUTPUT FILE NAME:   <can_session.out>
ENTRY POINT SYMBOL: "_c_int00"  address: 000039dd


MEMORY CONFIGURATION

         name            origin    length      used     unused   attr    fill
----------------------  --------  ---------  --------  --------  ----  --------
  FLASH                 00000000   00040000  0000424e  0003bdb2  R  X
  SRAM                  20000000   00008000  00000494  00007b6c  RW X


SEGMENT ALLOCATION MAP

run origin  load origin   length   init length attrs members
----------  ----------- ---------- ----------- ----- -------
00000000    00000000    00004250   00004250    r-x
  00000000    00000000    0000026c   0000026c    r-- .intvecs
  0000026c    0000026c    00003942   00003942    r-x .text
  00003bb0    00003bb0    00000668   00000668    r-- .const
  00004218    00004218    00000038   00000038    r-- .cinit
20000000    20000000    00000494   00000000    rw-
  20000000    20000000    0000026c   00000000    rw- .vtable
  2000026c    2000026c    00000200   00000000    rw- .stack
  2000046c    2000046c    00000028   00000000    rw- .data


SECTION ALLOCATION MAP

 output                                  attributes/
section   page    origin      length       input sections
--------  ----  ----------  ----------   ----------------
.intvecs   0    00000000    0000026c     
                  00000000    0000026c     tm4c123gh6pm_startup_ccs.obj (.intvecs)

.text      0    0000026c    00003942     
                  0000026c    00000f88     sysctl.obj (.text)
                  000011f4    00000ba0     gpio.obj (.text)
                  00001d94    00000a30     can.obj (.text)
                  000027c4    00000638     uart.obj (.text)
                  00002dfc    0000049c     uartstdio.obj (.text)
                  00003298    000003c0     interrupt.obj (.text)
                  00003658    00000194     simple_rx.obj (.text)
                  000037ec    0000009c     rtsv7M4_T_le_v4SPD16_eabi.lib : memcpy_t2.obj (.text)
                  00003888    0000007a                                   : memset_t2.obj (.text)
                  00003902    00000002                                   : i_div0.obj (.text)
                  00003904    00000070                                   : autoinit.obj (.text)
                  00003974    00000068                                   : copy_decompress_lzss.obj (.text:decompress:lzss)
                  000039dc    00000054                                   : boot.obj (.text)
                  00003a30    00000054                                   : exit.obj (.text)
                  00003a84    0000004c                                   : cpy_tbl.obj (.text)
                  00003ad0    00000040                                   : u_divt2.obj (.text)
                  00003b10    0000003e     cpu.obj (.text)
                  00003b4e    00000002     rtsv7M4_T_le_v4SPD16_eabi.lib : mpu_init.obj (.text)
                  00003b50    00000018                                   : args_main.obj (.text)
                  00003b68    00000014                                   : _lock.obj (.text)
                  00003b7c    0000000e                                   : copy_decompress_none.obj (.text:decompress:none)
                  00003b8a    0000000c                                   : copy_zero_init.obj (.text:decompress:ZI)
                  00003b96    0000000c     tm4c123gh6pm_startup_ccs.obj (.text)
                  00003ba2    00000006     sysctl.obj (.text:SysCtlDelay)
                  00003ba8    00000004     rtsv7M4_T_le_v4SPD16_eabi.lib : pre_init.obj (.text)
                  00003bac    00000002                                   : startup.obj (.text)

.const     0    00003bb0    00000668     
                  00003bb0    000001b0     sysctl.obj (.const:g_pppui32XTALtoVCO)
                  00003d60    000000d8     gpio.obj (.const:g_ppui32GPIOIntMapSnowflake)
                  00003e38    000000c0     gpio.obj (.const:g_ppui32GPIOIntMapBlizzard)
                  00003ef8    0000009c     interrupt.obj (.const:g_pui32Regs)
                  00003f94    00000090     gpio.obj (.const:g_pui32GPIOBaseAddrs)
                  00004024    0000006c     sysctl.obj (.const:g_pui32Xtals)
                  00004090    00000040     uart.obj (.const:g_ppui32UARTIntMap)
                  000040d0    00000040     uart.obj (.const:g_ppui32UARTIntMapSnowflake)
                  00004110    00000030     sysctl.obj (.const:g_sXTALtoMEMTIM)
                  00004140    00000020     interrupt.obj (.const:g_pui32Priority)
                  00004160    00000020     can.obj (.const:g_ui16CANBitValues)
                  00004180    00000014     interrupt.obj (.const:g_pui32Dii16Regs)
                  00004194    00000014     interrupt.obj (.const:g_pui32EnRegs)
                  000041a8    00000014     interrupt.obj (.const:g_pui32PendRegs)
                  000041bc    00000014     interrupt.obj (.const:g_pui32UnpendRegs)
                  000041d0    00000012     uartstdio.obj (.const:.string)
                  000041e2    00000002     --HOLE-- [fill = 0]
                  000041e4    0000000c     uartstdio.obj (.const:g_ui32UARTBase)
                  000041f0    0000000c     uartstdio.obj (.const:g_ui32UARTPeriph)
                  000041fc    00000008     sysctl.obj (.const:g_pui32VCOFrequencies)
                  00004204    00000008     gpio.obj (.const)
                  0000420c    00000008     uart.obj (.const)
                  00004214    00000004     uartstdio.obj (.const)

.cinit     0    00004218    00000038     
                  00004218    00000012     (.cinit..data.load) [load image, compression = lzss]
                  0000422a    00000002     --HOLE-- [fill = 0]
                  0000422c    0000000c     (__TI_handler_table)
                  00004238    00000008     (.cinit..vtable.load) [load image, compression = zero_init]
                  00004240    00000010     (__TI_cinit_table)

.init_array 
*          0    00000000    00000000     UNINITIALIZED

.vtable    0    20000000    0000026c     UNINITIALIZED
                  20000000    0000026c     interrupt.obj (.vtable)

.stack     0    2000026c    00000200     UNINITIALIZED
                  2000026c    00000200     --HOLE--

.data      0    2000046c    00000028     UNINITIALIZED
                  2000046c    0000000c     rtsv7M4_T_le_v4SPD16_eabi.lib : exit.obj (.data:$O1$$)
                  20000478    00000008                                   : _lock.obj (.data:$O1$$)
                  20000480    00000006     simple_rx.obj (.data)
                  20000486    00000002     --HOLE--
                  20000488    00000005     uartstdio.obj (.data)
                  2000048d    00000003     --HOLE--
                  20000490    00000004     rtsv7M4_T_le_v4SPD16_eabi.lib : stkdepth_vars.obj (.data)

MODULE SUMMARY

       Module                         code    ro data   rw data
       ------                         ----    -------   -------
    .\
       tm4c123gh6pm_startup_ccs.obj   12      620       0      
       simple_rx.obj                  404     0         6      
    +--+------------------------------+-------+---------+---------+
       Total:                         416     620       6      
                                                               
    .\driverlib\
       sysctl.obj                     3982    596       0      
       gpio.obj                       2976    560       0      
       can.obj                        2608    32        0      
       interrupt.obj                  960     268       620    
       uart.obj                       1592    136       0      
       cpu.obj                        62      0         0      
    +--+------------------------------+-------+---------+---------+
       Total:                         12180   1592      620    
                                                               
    .\utils\
       uartstdio.obj                  1180    46        5      
    +--+------------------------------+-------+---------+---------+
       Total:                         1180    46        5      
                                                               
    C:\ti\ccsv7\tools\compiler\ti-cgt-arm_16.9.4.LTS\lib\rtsv7M4_T_le_v4SPD16_eabi.lib
       memcpy_t2.obj                  156     0         0      
       memset_t2.obj                  122     0         0      
       autoinit.obj                   112     0         0      
       copy_decompress_lzss.obj       104     0         0      
       exit.obj                       84      0         12     
       boot.obj                       84      0         0      
       cpy_tbl.obj                    76      0         0      
       u_divt2.obj                    64      0         0      
       _lock.obj                      20      0         8      
       args_main.obj                  24      0         0      
       copy_decompress_none.obj       14      0         0      
       copy_zero_init.obj             12      0         0      
       pre_init.obj                   4       0         0      
       stkdepth_vars.obj              0       0         4      
       i_div0.obj                     2       0         0      
       mpu_init.obj                   2       0         0      
       startup.obj                    2       0         0      
    +--+------------------------------+-------+---------+---------+
       Total:                         882     0         24     
                                                               
       Stack:                         0       0         512    
       Linker Generated:              0       54        0      
    +--+------------------------------+-------+---------+---------+
       Grand Total:                   14658   2312      1167   


LINKER GENERATED COPY TABLES

__TI_cinit_table @ 00004240 records: 2, size/record: 8, table size: 16
	.data: load addr=00004218, load size=00000012 bytes, run addr=2000046c, run size=00000028 bytes, compression=lzss
	.vtable: load addr=00004238, load size=00000008 bytes, run addr=20000000, run size=0000026c bytes, compression=zero_init


LINKER GENERATED HANDLER TABLE

__TI_handler_table @ 0000422c records: 3, size/record: 4, table size: 12
	index: 0, handler: __TI_zero_init
	index: 1, handler: __TI_decompress_lzss
	index: 2, handler: __TI_decompress_none


GLOBAL SYMBOLS: SORTED ALPHABETICALLY BY Name 

address   name                            
-------   ----                            
00003a31  C$$EXIT                         
00001fad  CANBitRateSet                   
00001f3d  CANBitTimingGet                 
00002079  CANBitTimingSet                 
00001f29  CANDisable                      
00001f15  CANEnable                       
000022c3  CANErrCntrGet                   
00001e99  CANInit                         
000021b5  CANIntClear                     
00002155  CANIntDisable                   
0000213f  CANIntEnable                    
00003695  CANIntHandler                   
00002107  CANIntRegister                  
0000216b  CANIntStatus                    
00002125  CANIntUnregister                
00002795  CANMessageClear                 
0000258b  CANMessageGet                   
000022f9  CANMessageSet                   
00002221  CANRetryGet                     
000021ef  CANRetrySet                     
0000223d  CANStatusGet                    
00003b45  CPUbasepriGet                   
00003b37  CPUbasepriSet                   
00003b11  CPUcpsid                        
00003b27  CPUcpsie                        
00003b1d  CPUprimask                      
00003b33  CPUwfi                          
00001d6d  GPIOADCTriggerDisable           
00001d4f  GPIOADCTriggerEnable            
00001d31  GPIODMATriggerDisable           
00001d13  GPIODMATriggerEnable            
000012b3  GPIODirModeGet                  
00001257  GPIODirModeSet                  
00001823  GPIOIntClear                    
000017e7  GPIOIntDisable                  
000017cd  GPIOIntEnable                   
00001837  GPIOIntRegister                 
0000186f  GPIOIntRegisterPin              
00001801  GPIOIntStatus                   
000013a3  GPIOIntTypeGet                  
000012ff  GPIOIntTypeSet                  
00001855  GPIOIntUnregister               
0000189d  GPIOIntUnregisterPin            
0000167b  GPIOPadConfigGet                
00001441  GPIOPadConfigSet                
00001cb5  GPIOPinConfigure                
000018c1  GPIOPinRead                     
000018f9  GPIOPinTypeADC                  
0000191d  GPIOPinTypeCAN                  
00001941  GPIOPinTypeComparator           
00001965  GPIOPinTypeComparatorOutput     
00001989  GPIOPinTypeDIVSCLK              
000019ad  GPIOPinTypeEPI                  
000019d1  GPIOPinTypeEthernetLED          
000019f5  GPIOPinTypeEthernetMII          
00001a19  GPIOPinTypeGPIOInput            
00001a3d  GPIOPinTypeGPIOOutput           
00001a61  GPIOPinTypeGPIOOutputOD         
00001a85  GPIOPinTypeHibernateRTCCLK      
00001aa9  GPIOPinTypeI2C                  
00001acd  GPIOPinTypeI2CSCL               
00001af1  GPIOPinTypeLCD                  
00001b15  GPIOPinTypeOneWire              
00001b39  GPIOPinTypePWM                  
00001b5d  GPIOPinTypeQEI                  
00001b81  GPIOPinTypeSSI                  
00001ba5  GPIOPinTypeTimer                
00001bc9  GPIOPinTypeTrace                
00001bed  GPIOPinTypeUART                 
00001c11  GPIOPinTypeUSBAnalog            
00001c35  GPIOPinTypeUSBDigital           
00001c59  GPIOPinTypeWakeHigh             
00001c7f  GPIOPinTypeWakeLow              
00001ca5  GPIOPinWakeStatus               
000018d9  GPIOPinWrite                    
00003659  InitConsole                     
00003459  IntDisable                      
000033e7  IntEnable                       
000034cb  IntIsEnabled                    
000032ab  IntMasterDisable                
0000329b  IntMasterEnable                 
000035c1  IntPendClear                    
00003551  IntPendSet                      
000033c3  IntPriorityGet                  
0000333b  IntPriorityGroupingGet          
00003321  IntPriorityGroupingSet          
0000361b  IntPriorityMaskGet              
0000360f  IntPriorityMaskSet              
00003373  IntPrioritySet                  
000032bb  IntRegister                     
00003623  IntTrigger                      
0000330d  IntUnregister                   
00003b97  ResetISR                        
UNDEFED   SHT$$INIT_ARRAY$$Base           
UNDEFED   SHT$$INIT_ARRAY$$Limit          
000011b1  SysCtlAltClkConfig              
000008d5  SysCtlClockFreqSet              
00000d9d  SysCtlClockGet                  
00001195  SysCtlClockOutConfig            
00000bcd  SysCtlClockSet                  
000007d9  SysCtlDeepSleep                 
00000f65  SysCtlDeepSleepClockConfigSet   
00000f49  SysCtlDeepSleepClockSet         
000007b9  SysCtlDeepSleepPowerSet         
00003ba3  SysCtlDelay                     
00000365  SysCtlFlashSectorSizeGet        
00000339  SysCtlFlashSizeGet              
0000103b  SysCtlGPIOAHBDisable            
0000101f  SysCtlGPIOAHBEnable             
0000074d  SysCtlIntClear                  
00000735  SysCtlIntDisable                
00000721  SysCtlIntEnable                 
000006f9  SysCtlIntRegister               
0000075d  SysCtlIntStatus                 
00000711  SysCtlIntUnregister             
0000079f  SysCtlLDODeepSleepGet           
0000078f  SysCtlLDODeepSleepSet           
00000789  SysCtlLDOSleepGet               
00000779  SysCtlLDOSleepSet               
0000080f  SysCtlMOSCConfigSet             
00001179  SysCtlNMIClear                  
00001169  SysCtlNMIStatus                 
00000825  SysCtlPIOSCCalibrate            
00001009  SysCtlPWMClockGet               
00000fef  SysCtlPWMClockSet               
000006a5  SysCtlPeripheralClockGating     
0000065d  SysCtlPeripheralDeepSleepDisable
0000060d  SysCtlPeripheralDeepSleepEnable 
00000549  SysCtlPeripheralDisable         
0000050d  SysCtlPeripheralEnable          
00000449  SysCtlPeripheralPowerOff        
0000040d  SysCtlPeripheralPowerOn         
0000038d  SysCtlPeripheralPresent         
000003cd  SysCtlPeripheralReady           
00000485  SysCtlPeripheralReset           
000005d1  SysCtlPeripheralSleepDisable    
0000058d  SysCtlPeripheralSleepEnable     
000007c9  SysCtlReset                     
00000885  SysCtlResetBehaviorGet          
00000875  SysCtlResetBehaviorSet          
000007fb  SysCtlResetCauseClear           
000007f5  SysCtlResetCauseGet             
0000032f  SysCtlSRAMSizeGet               
000007d1  SysCtlSleep                     
000007a5  SysCtlSleepPowerSet             
00001063  SysCtlUSBPLLDisable             
00001057  SysCtlUSBPLLEnable              
000010a9  SysCtlVCOGet                    
00001095  SysCtlVoltageEventClear         
00001075  SysCtlVoltageEventConfig        
00001089  SysCtlVoltageEventStatus        
00002d9f  UART9BitAddrSend                
00002d79  UART9BitAddrSet                 
00002d63  UART9BitDisable                 
00002d4d  UART9BitEnable                  
00002bf3  UARTBreakCtl                    
00002c1d  UARTBusy                        
00002b9b  UARTCharGet                     
00002b7f  UARTCharGetNonBlocking          
00002bd5  UARTCharPut                     
00002bb1  UARTCharPutNonBlocking          
00002b43  UARTCharsAvail                  
00002d3d  UARTClockSourceGet              
00002d29  UARTClockSourceSet              
0000290b  UARTConfigGetExpClk             
00002895  UARTConfigSetExpClk             
00002cef  UARTDMADisable                  
00002cd7  UARTDMAEnable                   
0000297b  UARTDisable                     
000029ff  UARTDisableSIR                  
00002957  UARTEnable                      
000029d1  UARTEnableSIR                   
000029bb  UARTFIFODisable                 
000029a5  UARTFIFOEnable                  
0000286d  UARTFIFOLevelGet                
00002855  UARTFIFOLevelSet                
00002b03  UARTFlowControlGet              
00002ae7  UARTFlowControlSet              
00002cc5  UARTIntClear                    
00002c8f  UARTIntDisable                  
00002c77  UARTIntEnable                   
00002c3b  UARTIntRegister                 
00002ca7  UARTIntStatus                   
00002c5d  UARTIntUnregister               
00002de7  UARTLoopbackEnable              
00002a9d  UARTModemControlClear           
00002ac1  UARTModemControlGet             
00002a5d  UARTModemControlSet             
00002ad3  UARTModemStatusGet              
00002843  UARTParityModeGet               
00002827  UARTParityModeSet               
00002d19  UARTRxErrorClear                
00002d07  UARTRxErrorGet                  
00002a47  UARTSmartCardDisable            
00002a15  UARTSmartCardEnable             
00002b61  UARTSpaceAvail                  
00002dfd  UARTStdioConfig                 
00002b31  UARTTxIntModeGet                
00002b15  UARTTxIntModeSet                
00002f43  UARTgetc                        
00002e89  UARTgets                        
00003263  UARTprintf                      
00002f69  UARTvprintf                     
00002e43  UARTwrite                       
2000046c  __STACK_END                     
00000200  __STACK_SIZE                    
2000046c  __STACK_TOP                     
00004240  __TI_CINIT_Base                 
00004250  __TI_CINIT_Limit                
0000422c  __TI_Handler_Table_Base         
00004238  __TI_Handler_Table_Limit        
00003905  __TI_auto_init                  
2000046c  __TI_cleanup_ptr                
00003975  __TI_decompress_lzss            
00003b7d  __TI_decompress_none            
20000470  __TI_dtors_ptr                  
20000474  __TI_enable_exit_profile_output 
ffffffff  __TI_pprof_out_hndl             
ffffffff  __TI_prof_data_size             
ffffffff  __TI_prof_data_start            
00000000  __TI_static_base__              
00003b8b  __TI_zero_init                  
00003903  __aeabi_idiv0                   
00003889  __aeabi_memclr                  
00003889  __aeabi_memclr4                 
00003889  __aeabi_memclr8                 
000037ed  __aeabi_memcpy                  
000037ed  __aeabi_memcpy4                 
000037ed  __aeabi_memcpy8                 
0000388b  __aeabi_memset                  
0000388b  __aeabi_memset4                 
0000388b  __aeabi_memset8                 
00003ad1  __aeabi_uidiv                   
00003ad1  __aeabi_uidivmod                
ffffffff  __binit__                       
ffffffff  __c_args__                      
00003b4f  __mpu_init                      
2000026c  __stack                         
00003b51  _args_main                      
000039dd  _c_int00                        
20000478  _lock                           
00003b77  _nop                            
00003b6f  _register_lock                  
00003b69  _register_unlock                
00003bad  _system_post_cinit              
00003ba9  _system_pre_init                
2000047c  _unlock                         
00003a35  abort                           
ffffffff  binit                           
00003a85  copy_in                         
00003a3d  exit                            
20000485  g_bErrFlag                      
20000484  g_bRXFlag                       
20000000  g_pfnRAMVectors                 
00000000  g_pfnVectors                    
20000480  g_ui32MsgCount                  
000036e1  main                            
20000490  main_func_sp                    
000037ed  memcpy                          
00003891  memset                          


GLOBAL SYMBOLS: SORTED BY Symbol Address 

address   name                            
-------   ----                            
00000000  __TI_static_base__              
00000000  g_pfnVectors                    
00000200  __STACK_SIZE                    
0000032f  SysCtlSRAMSizeGet               
00000339  SysCtlFlashSizeGet              
00000365  SysCtlFlashSectorSizeGet        
0000038d  SysCtlPeripheralPresent         
000003cd  SysCtlPeripheralReady           
0000040d  SysCtlPeripheralPowerOn         
00000449  SysCtlPeripheralPowerOff        
00000485  SysCtlPeripheralReset           
0000050d  SysCtlPeripheralEnable          
00000549  SysCtlPeripheralDisable         
0000058d  SysCtlPeripheralSleepEnable     
000005d1  SysCtlPeripheralSleepDisable    
0000060d  SysCtlPeripheralDeepSleepEnable 
0000065d  SysCtlPeripheralDeepSleepDisable
000006a5  SysCtlPeripheralClockGating     
000006f9  SysCtlIntRegister               
00000711  SysCtlIntUnregister             
00000721  SysCtlIntEnable                 
00000735  SysCtlIntDisable                
0000074d  SysCtlIntClear                  
0000075d  SysCtlIntStatus                 
00000779  SysCtlLDOSleepSet               
00000789  SysCtlLDOSleepGet               
0000078f  SysCtlLDODeepSleepSet           
0000079f  SysCtlLDODeepSleepGet           
000007a5  SysCtlSleepPowerSet             
000007b9  SysCtlDeepSleepPowerSet         
000007c9  SysCtlReset                     
000007d1  SysCtlSleep                     
000007d9  SysCtlDeepSleep                 
000007f5  SysCtlResetCauseGet             
000007fb  SysCtlResetCauseClear           
0000080f  SysCtlMOSCConfigSet             
00000825  SysCtlPIOSCCalibrate            
00000875  SysCtlResetBehaviorSet          
00000885  SysCtlResetBehaviorGet          
000008d5  SysCtlClockFreqSet              
00000bcd  SysCtlClockSet                  
00000d9d  SysCtlClockGet                  
00000f49  SysCtlDeepSleepClockSet         
00000f65  SysCtlDeepSleepClockConfigSet   
00000fef  SysCtlPWMClockSet               
00001009  SysCtlPWMClockGet               
0000101f  SysCtlGPIOAHBEnable             
0000103b  SysCtlGPIOAHBDisable            
00001057  SysCtlUSBPLLEnable              
00001063  SysCtlUSBPLLDisable             
00001075  SysCtlVoltageEventConfig        
00001089  SysCtlVoltageEventStatus        
00001095  SysCtlVoltageEventClear         
000010a9  SysCtlVCOGet                    
00001169  SysCtlNMIStatus                 
00001179  SysCtlNMIClear                  
00001195  SysCtlClockOutConfig            
000011b1  SysCtlAltClkConfig              
00001257  GPIODirModeSet                  
000012b3  GPIODirModeGet                  
000012ff  GPIOIntTypeSet                  
000013a3  GPIOIntTypeGet                  
00001441  GPIOPadConfigSet                
0000167b  GPIOPadConfigGet                
000017cd  GPIOIntEnable                   
000017e7  GPIOIntDisable                  
00001801  GPIOIntStatus                   
00001823  GPIOIntClear                    
00001837  GPIOIntRegister                 
00001855  GPIOIntUnregister               
0000186f  GPIOIntRegisterPin              
0000189d  GPIOIntUnregisterPin            
000018c1  GPIOPinRead                     
000018d9  GPIOPinWrite                    
000018f9  GPIOPinTypeADC                  
0000191d  GPIOPinTypeCAN                  
00001941  GPIOPinTypeComparator           
00001965  GPIOPinTypeComparatorOutput     
00001989  GPIOPinTypeDIVSCLK              
000019ad  GPIOPinTypeEPI                  
000019d1  GPIOPinTypeEthernetLED          
000019f5  GPIOPinTypeEthernetMII          
00001a19  GPIOPinTypeGPIOInput            
00001a3d  GPIOPinTypeGPIOOutput           
00001a61  GPIOPinTypeGPIOOutputOD         
00001a85  GPIOPinTypeHibernateRTCCLK      
00001aa9  GPIOPinTypeI2C                  
00001acd  GPIOPinTypeI2CSCL               
00001af1  GPIOPinTypeLCD                  
00001b15  GPIOPinTypeOneWire              
00001b39  GPIOPinTypePWM                  
00001b5d  GPIOPinTypeQEI                  
00001b81  GPIOPinTypeSSI                  
00001ba5  GPIOPinTypeTimer                
00001bc9  GPIOPinTypeTrace                
00001bed  GPIOPinTypeUART                 
00001c11  GPIOPinTypeUSBAnalog            
00001c35  GPIOPinTypeUSBDigital           
00001c59  GPIOPinTypeWakeHigh             
00001c7f  GPIOPinTypeWakeLow              
00001ca5  GPIOPinWakeStatus               
00001cb5  GPIOPinConfigure                
00001d13  GPIODMATriggerEnable            
00001d31  GPIODMATriggerDisable           
00001d4f  GPIOADCTriggerEnable            
00001d6d  GPIOADCTriggerDisable           
00001e99  CANInit                         
00001f15  CANEnable                       
00001f29  CANDisable                      
00001f3d  CANBitTimingGet                 
00001fad  CANBitRateSet                   
00002079  CANBitTimingSet                 
00002107  CANIntRegister                  
00002125  CANIntUnregister                
0000213f  CANIntEnable                    
00002155  CANIntDisable                   
0000216b  CANIntStatus                    
000021b5  CANIntClear                     
000021ef  CANRetrySet                     
00002221  CANRetryGet                     
0000223d  CANStatusGet                    
000022c3  CANErrCntrGet                   
000022f9  CANMessageSet                   
0000258b  CANMessageGet                   
00002795  CANMessageClear                 
00002827  UARTParityModeSet               
00002843  UARTParityModeGet               
00002855  UARTFIFOLevelSet                
0000286d  UARTFIFOLevelGet                
00002895  UARTConfigSetExpClk             
0000290b  UARTConfigGetExpClk             
00002957  UARTEnable                      
0000297b  UARTDisable                     
000029a5  UARTFIFOEnable                  
000029bb  UARTFIFODisable                 
000029d1  UARTEnableSIR                   
000029ff  UARTDisableSIR                  
00002a15  UARTSmartCardEnable             
00002a47  UARTSmartCardDisable            
00002a5d  UARTModemControlSet             
00002a9d  UARTModemControlClear           
00002ac1  UARTModemControlGet             
00002ad3  UARTModemStatusGet              
00002ae7  UARTFlowControlSet              
00002b03  UARTFlowControlGet              
00002b15  UARTTxIntModeSet                
00002b31  UARTTxIntModeGet                
00002b43  UARTCharsAvail                  
00002b61  UARTSpaceAvail                  
00002b7f  UARTCharGetNonBlocking          
00002b9b  UARTCharGet                     
00002bb1  UARTCharPutNonBlocking          
00002bd5  UARTCharPut                     
00002bf3  UARTBreakCtl                    
00002c1d  UARTBusy                        
00002c3b  UARTIntRegister                 
00002c5d  UARTIntUnregister               
00002c77  UARTIntEnable                   
00002c8f  UARTIntDisable                  
00002ca7  UARTIntStatus                   
00002cc5  UARTIntClear                    
00002cd7  UARTDMAEnable                   
00002cef  UARTDMADisable                  
00002d07  UARTRxErrorGet                  
00002d19  UARTRxErrorClear                
00002d29  UARTClockSourceSet              
00002d3d  UARTClockSourceGet              
00002d4d  UART9BitEnable                  
00002d63  UART9BitDisable                 
00002d79  UART9BitAddrSet                 
00002d9f  UART9BitAddrSend                
00002de7  UARTLoopbackEnable              
00002dfd  UARTStdioConfig                 
00002e43  UARTwrite                       
00002e89  UARTgets                        
00002f43  UARTgetc                        
00002f69  UARTvprintf                     
00003263  UARTprintf                      
0000329b  IntMasterEnable                 
000032ab  IntMasterDisable                
000032bb  IntRegister                     
0000330d  IntUnregister                   
00003321  IntPriorityGroupingSet          
0000333b  IntPriorityGroupingGet          
00003373  IntPrioritySet                  
000033c3  IntPriorityGet                  
000033e7  IntEnable                       
00003459  IntDisable                      
000034cb  IntIsEnabled                    
00003551  IntPendSet                      
000035c1  IntPendClear                    
0000360f  IntPriorityMaskSet              
0000361b  IntPriorityMaskGet              
00003623  IntTrigger                      
00003659  InitConsole                     
00003695  CANIntHandler                   
000036e1  main                            
000037ed  __aeabi_memcpy                  
000037ed  __aeabi_memcpy4                 
000037ed  __aeabi_memcpy8                 
000037ed  memcpy                          
00003889  __aeabi_memclr                  
00003889  __aeabi_memclr4                 
00003889  __aeabi_memclr8                 
0000388b  __aeabi_memset                  
0000388b  __aeabi_memset4                 
0000388b  __aeabi_memset8                 
00003891  memset                          
00003903  __aeabi_idiv0                   
00003905  __TI_auto_init                  
00003975  __TI_decompress_lzss            
000039dd  _c_int00                        
00003a31  C$$EXIT                         
00003a35  abort                           
00003a3d  exit                            
00003a85  copy_in                         
00003ad1  __aeabi_uidiv                   
00003ad1  __aeabi_uidivmod                
00003b11  CPUcpsid                        
00003b1d  CPUprimask                      
00003b27  CPUcpsie                        
00003b33  CPUwfi                          
00003b37  CPUbasepriSet                   
00003b45  CPUbasepriGet                   
00003b4f  __mpu_init                      
00003b51  _args_main                      
00003b69  _register_unlock                
00003b6f  _register_lock                  
00003b77  _nop                            
00003b7d  __TI_decompress_none            
00003b8b  __TI_zero_init                  
00003b97  ResetISR                        
00003ba3  SysCtlDelay                     
00003ba9  _system_pre_init                
00003bad  _system_post_cinit              
0000422c  __TI_Handler_Table_Base         
00004238  __TI_Handler_Table_Limit        
00004240  __TI_CINIT_Base                 
00004250  __TI_CINIT_Limit                
20000000  g_pfnRAMVectors                 
2000026c  __stack                         
2000046c  __STACK_END                     
2000046c  __STACK_TOP                     
2000046c  __TI_cleanup_ptr                
20000470  __TI_dtors_ptr                  
20000474  __TI_enable_exit_profile_output 
20000478  _lock                           
2000047c  _unlock                         
20000480  g_ui32MsgCount                  
20000484  g_bRXFlag                       
20000485  g_bErrFlag                      
20000490  main_func_sp                    
ffffffff  __TI_pprof_out_hndl             
ffffffff  __TI_prof_data_size             
ffffffff  __TI_prof_data_start            
ffffffff  __binit__                       
ffffffff  __c_args__                      
ffffffff  binit                           
UNDEFED   SHT$$INIT_ARRAY$$Base           
UNDEFED   SHT$$INIT_ARRAY$$Limit          

[260 symbols]
