<?xml version="1.0"?>
<link_info>
   <banner>TI ARM Linker PC v16.9.4.LTS</banner>
   <copyright>Copyright (c) 1996-2017 Texas Instruments Incorporated</copyright>
   <link_time>0x5c900595</link_time>
   <link_errors>0x0</link_errors>
   <output_file>Reception.out</output_file>
   <entry_point>
      <name>_c_int00</name>
      <address>0x3af5</address>
   </entry_point>
   <input_file_list>
      <input_file id="fl-2">
         <path>.\</path>
         <kind>object</kind>
         <file>ecu2.obj</file>
         <name>ecu2.obj</name>
      </input_file>
      <input_file id="fl-3">
         <path>.\</path>
         <kind>object</kind>
         <file>tm4c123gh6pm_startup_ccs.obj</file>
         <name>tm4c123gh6pm_startup_ccs.obj</name>
      </input_file>
      <input_file id="fl-4">
         <path>.\driverlib\</path>
         <kind>object</kind>
         <file>adc.obj</file>
         <name>adc.obj</name>
      </input_file>
      <input_file id="fl-5">
         <path>.\driverlib\</path>
         <kind>object</kind>
         <file>aes.obj</file>
         <name>aes.obj</name>
      </input_file>
      <input_file id="fl-6">
         <path>.\driverlib\</path>
         <kind>object</kind>
         <file>can.obj</file>
         <name>can.obj</name>
      </input_file>
      <input_file id="fl-7">
         <path>.\driverlib\</path>
         <kind>object</kind>
         <file>comp.obj</file>
         <name>comp.obj</name>
      </input_file>
      <input_file id="fl-8">
         <path>.\driverlib\</path>
         <kind>object</kind>
         <file>cpu.obj</file>
         <name>cpu.obj</name>
      </input_file>
      <input_file id="fl-9">
         <path>.\driverlib\</path>
         <kind>object</kind>
         <file>crc.obj</file>
         <name>crc.obj</name>
      </input_file>
      <input_file id="fl-a">
         <path>.\driverlib\</path>
         <kind>object</kind>
         <file>des.obj</file>
         <name>des.obj</name>
      </input_file>
      <input_file id="fl-b">
         <path>.\driverlib\</path>
         <kind>object</kind>
         <file>eeprom.obj</file>
         <name>eeprom.obj</name>
      </input_file>
      <input_file id="fl-c">
         <path>.\driverlib\</path>
         <kind>object</kind>
         <file>emac.obj</file>
         <name>emac.obj</name>
      </input_file>
      <input_file id="fl-d">
         <path>.\driverlib\</path>
         <kind>object</kind>
         <file>epi.obj</file>
         <name>epi.obj</name>
      </input_file>
      <input_file id="fl-e">
         <path>.\driverlib\</path>
         <kind>object</kind>
         <file>epi_workaround_ccs.obj</file>
         <name>epi_workaround_ccs.obj</name>
      </input_file>
      <input_file id="fl-f">
         <path>.\driverlib\</path>
         <kind>object</kind>
         <file>flash.obj</file>
         <name>flash.obj</name>
      </input_file>
      <input_file id="fl-10">
         <path>.\driverlib\</path>
         <kind>object</kind>
         <file>fpu.obj</file>
         <name>fpu.obj</name>
      </input_file>
      <input_file id="fl-11">
         <path>.\driverlib\</path>
         <kind>object</kind>
         <file>gpio.obj</file>
         <name>gpio.obj</name>
      </input_file>
      <input_file id="fl-12">
         <path>.\driverlib\</path>
         <kind>object</kind>
         <file>hibernate.obj</file>
         <name>hibernate.obj</name>
      </input_file>
      <input_file id="fl-13">
         <path>.\driverlib\</path>
         <kind>object</kind>
         <file>i2c.obj</file>
         <name>i2c.obj</name>
      </input_file>
      <input_file id="fl-14">
         <path>.\driverlib\</path>
         <kind>object</kind>
         <file>interrupt.obj</file>
         <name>interrupt.obj</name>
      </input_file>
      <input_file id="fl-15">
         <path>.\driverlib\</path>
         <kind>object</kind>
         <file>lcd.obj</file>
         <name>lcd.obj</name>
      </input_file>
      <input_file id="fl-16">
         <path>.\driverlib\</path>
         <kind>object</kind>
         <file>mpu.obj</file>
         <name>mpu.obj</name>
      </input_file>
      <input_file id="fl-17">
         <path>.\driverlib\</path>
         <kind>object</kind>
         <file>onewire.obj</file>
         <name>onewire.obj</name>
      </input_file>
      <input_file id="fl-18">
         <path>.\driverlib\</path>
         <kind>object</kind>
         <file>pwm.obj</file>
         <name>pwm.obj</name>
      </input_file>
      <input_file id="fl-19">
         <path>.\driverlib\</path>
         <kind>object</kind>
         <file>qei.obj</file>
         <name>qei.obj</name>
      </input_file>
      <input_file id="fl-1a">
         <path>.\driverlib\</path>
         <kind>object</kind>
         <file>shamd5.obj</file>
         <name>shamd5.obj</name>
      </input_file>
      <input_file id="fl-1b">
         <path>.\driverlib\</path>
         <kind>object</kind>
         <file>ssi.obj</file>
         <name>ssi.obj</name>
      </input_file>
      <input_file id="fl-1c">
         <path>.\driverlib\</path>
         <kind>object</kind>
         <file>sw_crc.obj</file>
         <name>sw_crc.obj</name>
      </input_file>
      <input_file id="fl-1d">
         <path>.\driverlib\</path>
         <kind>object</kind>
         <file>sysctl.obj</file>
         <name>sysctl.obj</name>
      </input_file>
      <input_file id="fl-1e">
         <path>.\driverlib\</path>
         <kind>object</kind>
         <file>sysexc.obj</file>
         <name>sysexc.obj</name>
      </input_file>
      <input_file id="fl-1f">
         <path>.\driverlib\</path>
         <kind>object</kind>
         <file>systick.obj</file>
         <name>systick.obj</name>
      </input_file>
      <input_file id="fl-20">
         <path>.\driverlib\</path>
         <kind>object</kind>
         <file>timer.obj</file>
         <name>timer.obj</name>
      </input_file>
      <input_file id="fl-21">
         <path>.\driverlib\</path>
         <kind>object</kind>
         <file>uart.obj</file>
         <name>uart.obj</name>
      </input_file>
      <input_file id="fl-22">
         <path>.\driverlib\</path>
         <kind>object</kind>
         <file>udma.obj</file>
         <name>udma.obj</name>
      </input_file>
      <input_file id="fl-23">
         <path>.\driverlib\</path>
         <kind>object</kind>
         <file>usb.obj</file>
         <name>usb.obj</name>
      </input_file>
      <input_file id="fl-24">
         <path>.\driverlib\</path>
         <kind>object</kind>
         <file>watchdog.obj</file>
         <name>watchdog.obj</name>
      </input_file>
      <input_file id="fl-25">
         <path>.\utils\</path>
         <kind>object</kind>
         <file>uartstdio.obj</file>
         <name>uartstdio.obj</name>
      </input_file>
      <input_file id="fl-26">
         <path>.\utils\</path>
         <kind>object</kind>
         <file>ustdlib.obj</file>
         <name>ustdlib.obj</name>
      </input_file>
      <input_file id="fl-2e">
         <kind>object</kind>
         <file>&lt;internal&gt;</file>
         <name>&lt;internal&gt;</name>
      </input_file>
      <input_file id="fl-e4">
         <path>C:\ti\ccsv7\tools\compiler\ti-cgt-arm_16.9.4.LTS\lib\</path>
         <kind>archive</kind>
         <file>rtsv7M4_T_le_v4SPD16_eabi.lib</file>
         <name>boot.obj</name>
      </input_file>
      <input_file id="fl-e5">
         <path>C:\ti\ccsv7\tools\compiler\ti-cgt-arm_16.9.4.LTS\lib\</path>
         <kind>archive</kind>
         <file>rtsv7M4_T_le_v4SPD16_eabi.lib</file>
         <name>copy_decompress_lzss.obj</name>
      </input_file>
      <input_file id="fl-e6">
         <path>C:\ti\ccsv7\tools\compiler\ti-cgt-arm_16.9.4.LTS\lib\</path>
         <kind>archive</kind>
         <file>rtsv7M4_T_le_v4SPD16_eabi.lib</file>
         <name>copy_decompress_none.obj</name>
      </input_file>
      <input_file id="fl-e7">
         <path>C:\ti\ccsv7\tools\compiler\ti-cgt-arm_16.9.4.LTS\lib\</path>
         <kind>archive</kind>
         <file>rtsv7M4_T_le_v4SPD16_eabi.lib</file>
         <name>copy_zero_init.obj</name>
      </input_file>
      <input_file id="fl-e8">
         <path>C:\ti\ccsv7\tools\compiler\ti-cgt-arm_16.9.4.LTS\lib\</path>
         <kind>archive</kind>
         <file>rtsv7M4_T_le_v4SPD16_eabi.lib</file>
         <name>exit.obj</name>
      </input_file>
      <input_file id="fl-e9">
         <path>C:\ti\ccsv7\tools\compiler\ti-cgt-arm_16.9.4.LTS\lib\</path>
         <kind>archive</kind>
         <file>rtsv7M4_T_le_v4SPD16_eabi.lib</file>
         <name>memcpy_t2.obj</name>
      </input_file>
      <input_file id="fl-ea">
         <path>C:\ti\ccsv7\tools\compiler\ti-cgt-arm_16.9.4.LTS\lib\</path>
         <kind>archive</kind>
         <file>rtsv7M4_T_le_v4SPD16_eabi.lib</file>
         <name>memset_t2.obj</name>
      </input_file>
      <input_file id="fl-eb">
         <path>C:\ti\ccsv7\tools\compiler\ti-cgt-arm_16.9.4.LTS\lib\</path>
         <kind>archive</kind>
         <file>rtsv7M4_T_le_v4SPD16_eabi.lib</file>
         <name>mpu_init.obj</name>
      </input_file>
      <input_file id="fl-ec">
         <path>C:\ti\ccsv7\tools\compiler\ti-cgt-arm_16.9.4.LTS\lib\</path>
         <kind>archive</kind>
         <file>rtsv7M4_T_le_v4SPD16_eabi.lib</file>
         <name>pre_init.obj</name>
      </input_file>
      <input_file id="fl-ed">
         <path>C:\ti\ccsv7\tools\compiler\ti-cgt-arm_16.9.4.LTS\lib\</path>
         <kind>archive</kind>
         <file>rtsv7M4_T_le_v4SPD16_eabi.lib</file>
         <name>stkdepth_vars.obj</name>
      </input_file>
      <input_file id="fl-ee">
         <path>C:\ti\ccsv7\tools\compiler\ti-cgt-arm_16.9.4.LTS\lib\</path>
         <kind>archive</kind>
         <file>rtsv7M4_T_le_v4SPD16_eabi.lib</file>
         <name>u_divt2.obj</name>
      </input_file>
      <input_file id="fl-ef">
         <path>C:\ti\ccsv7\tools\compiler\ti-cgt-arm_16.9.4.LTS\lib\</path>
         <kind>archive</kind>
         <file>rtsv7M4_T_le_v4SPD16_eabi.lib</file>
         <name>_lock.obj</name>
      </input_file>
      <input_file id="fl-f0">
         <path>C:\ti\ccsv7\tools\compiler\ti-cgt-arm_16.9.4.LTS\lib\</path>
         <kind>archive</kind>
         <file>rtsv7M4_T_le_v4SPD16_eabi.lib</file>
         <name>args_main.obj</name>
      </input_file>
      <input_file id="fl-f1">
         <path>C:\ti\ccsv7\tools\compiler\ti-cgt-arm_16.9.4.LTS\lib\</path>
         <kind>archive</kind>
         <file>rtsv7M4_T_le_v4SPD16_eabi.lib</file>
         <name>autoinit.obj</name>
      </input_file>
      <input_file id="fl-f2">
         <path>C:\ti\ccsv7\tools\compiler\ti-cgt-arm_16.9.4.LTS\lib\</path>
         <kind>archive</kind>
         <file>rtsv7M4_T_le_v4SPD16_eabi.lib</file>
         <name>cpy_tbl.obj</name>
      </input_file>
      <input_file id="fl-f3">
         <path>C:\ti\ccsv7\tools\compiler\ti-cgt-arm_16.9.4.LTS\lib\</path>
         <kind>archive</kind>
         <file>rtsv7M4_T_le_v4SPD16_eabi.lib</file>
         <name>i_div0.obj</name>
      </input_file>
      <input_file id="fl-f4">
         <path>C:\ti\ccsv7\tools\compiler\ti-cgt-arm_16.9.4.LTS\lib\</path>
         <kind>archive</kind>
         <file>rtsv7M4_T_le_v4SPD16_eabi.lib</file>
         <name>startup.obj</name>
      </input_file>
   </input_file_list>
   <object_component_list>
      <object_component id="oc-f">
         <name>.intvecs</name>
         <load_address>0x0</load_address>
         <run_address>0x0</run_address>
         <size>0x26c</size>
         <input_file_ref idref="fl-3"/>
      </object_component>
      <object_component id="oc-d0">
         <name>.text</name>
         <load_address>0x26c</load_address>
         <run_address>0x26c</run_address>
         <size>0xf88</size>
         <input_file_ref idref="fl-1d"/>
      </object_component>
      <object_component id="oc-d6">
         <name>.text</name>
         <load_address>0x11f4</load_address>
         <run_address>0x11f4</run_address>
         <size>0xba0</size>
         <input_file_ref idref="fl-11"/>
      </object_component>
      <object_component id="oc-e9">
         <name>.text</name>
         <load_address>0x1d94</load_address>
         <run_address>0x1d94</run_address>
         <size>0xa30</size>
         <input_file_ref idref="fl-6"/>
      </object_component>
      <object_component id="oc-dc">
         <name>.text</name>
         <load_address>0x27c4</load_address>
         <run_address>0x27c4</run_address>
         <size>0x638</size>
         <input_file_ref idref="fl-21"/>
      </object_component>
      <object_component id="oc-e2">
         <name>.text</name>
         <load_address>0x2dfc</load_address>
         <run_address>0x2dfc</run_address>
         <size>0x49c</size>
         <input_file_ref idref="fl-25"/>
      </object_component>
      <object_component id="oc-ef">
         <name>.text</name>
         <load_address>0x3298</load_address>
         <run_address>0x3298</run_address>
         <size>0x3c0</size>
         <input_file_ref idref="fl-14"/>
      </object_component>
      <object_component id="oc-a7">
         <name>.text</name>
         <load_address>0x3658</load_address>
         <run_address>0x3658</run_address>
         <size>0x2ac</size>
         <input_file_ref idref="fl-2"/>
      </object_component>
      <object_component id="oc-3f">
         <name>.text</name>
         <load_address>0x3904</load_address>
         <run_address>0x3904</run_address>
         <size>0x9c</size>
         <input_file_ref idref="fl-e9"/>
      </object_component>
      <object_component id="oc-4b">
         <name>.text</name>
         <load_address>0x39a0</load_address>
         <run_address>0x39a0</run_address>
         <size>0x7a</size>
         <input_file_ref idref="fl-ea"/>
      </object_component>
      <object_component id="oc-1bc">
         <name>.text</name>
         <load_address>0x3a1a</load_address>
         <run_address>0x3a1a</run_address>
         <size>0x2</size>
         <input_file_ref idref="fl-f3"/>
      </object_component>
      <object_component id="oc-63">
         <name>.text</name>
         <load_address>0x3a1c</load_address>
         <run_address>0x3a1c</run_address>
         <size>0x70</size>
         <input_file_ref idref="fl-f1"/>
      </object_component>
      <object_component id="oc-12">
         <name>.text:decompress:lzss</name>
         <load_address>0x3a8c</load_address>
         <run_address>0x3a8c</run_address>
         <size>0x68</size>
         <input_file_ref idref="fl-e5"/>
      </object_component>
      <object_component id="oc-24">
         <name>.text</name>
         <load_address>0x3af4</load_address>
         <run_address>0x3af4</run_address>
         <size>0x54</size>
         <input_file_ref idref="fl-e4"/>
      </object_component>
      <object_component id="oc-6f">
         <name>.text</name>
         <load_address>0x3b48</load_address>
         <run_address>0x3b48</run_address>
         <size>0x54</size>
         <input_file_ref idref="fl-e8"/>
      </object_component>
      <object_component id="oc-99">
         <name>.text</name>
         <load_address>0x3b9c</load_address>
         <run_address>0x3b9c</run_address>
         <size>0x4c</size>
         <input_file_ref idref="fl-f2"/>
      </object_component>
      <object_component id="oc-15a">
         <name>.text</name>
         <load_address>0x3be8</load_address>
         <run_address>0x3be8</run_address>
         <size>0x40</size>
         <input_file_ref idref="fl-ee"/>
      </object_component>
      <object_component id="oc-127">
         <name>.text</name>
         <load_address>0x3c28</load_address>
         <run_address>0x3c28</run_address>
         <size>0x3e</size>
         <input_file_ref idref="fl-8"/>
      </object_component>
      <object_component id="oc-57">
         <name>.text</name>
         <load_address>0x3c66</load_address>
         <run_address>0x3c66</run_address>
         <size>0x2</size>
         <input_file_ref idref="fl-eb"/>
      </object_component>
      <object_component id="oc-69">
         <name>.text</name>
         <load_address>0x3c68</load_address>
         <run_address>0x3c68</run_address>
         <size>0x18</size>
         <input_file_ref idref="fl-f0"/>
      </object_component>
      <object_component id="oc-10c">
         <name>.text</name>
         <load_address>0x3c80</load_address>
         <run_address>0x3c80</run_address>
         <size>0x14</size>
         <input_file_ref idref="fl-ef"/>
      </object_component>
      <object_component id="oc-18">
         <name>.text:decompress:none</name>
         <load_address>0x3c94</load_address>
         <run_address>0x3c94</run_address>
         <size>0xe</size>
         <input_file_ref idref="fl-e6"/>
      </object_component>
      <object_component id="oc-1e">
         <name>.text:decompress:ZI</name>
         <load_address>0x3ca2</load_address>
         <run_address>0x3ca2</run_address>
         <size>0xc</size>
         <input_file_ref idref="fl-e7"/>
      </object_component>
      <object_component id="oc-2b">
         <name>.text</name>
         <load_address>0x3cae</load_address>
         <run_address>0x3cae</run_address>
         <size>0xc</size>
         <input_file_ref idref="fl-3"/>
      </object_component>
      <object_component id="oc-e8">
         <name>.text:SysCtlDelay</name>
         <load_address>0x3cba</load_address>
         <run_address>0x3cba</run_address>
         <size>0x6</size>
         <input_file_ref idref="fl-1d"/>
      </object_component>
      <object_component id="oc-5d">
         <name>.text</name>
         <load_address>0x3cc0</load_address>
         <run_address>0x3cc0</run_address>
         <size>0x4</size>
         <input_file_ref idref="fl-ec"/>
      </object_component>
      <object_component id="oc-9f">
         <name>.text</name>
         <load_address>0x3cc4</load_address>
         <run_address>0x3cc4</run_address>
         <size>0x2</size>
         <input_file_ref idref="fl-f4"/>
      </object_component>
      <object_component id="oc-133">
         <name>.const:g_pppui32XTALtoVCO</name>
         <load_address>0x3cc8</load_address>
         <run_address>0x3cc8</run_address>
         <size>0x1b0</size>
         <input_file_ref idref="fl-1d"/>
      </object_component>
      <object_component id="oc-13e">
         <name>.const:g_ppui32GPIOIntMapSnowflake</name>
         <load_address>0x3e78</load_address>
         <run_address>0x3e78</run_address>
         <size>0xd8</size>
         <input_file_ref idref="fl-11"/>
      </object_component>
      <object_component id="oc-138">
         <name>.const:g_ppui32GPIOIntMapBlizzard</name>
         <load_address>0x3f50</load_address>
         <run_address>0x3f50</run_address>
         <size>0xc0</size>
         <input_file_ref idref="fl-11"/>
      </object_component>
      <object_component id="oc-179">
         <name>.const:g_pui32Regs</name>
         <load_address>0x4010</load_address>
         <run_address>0x4010</run_address>
         <size>0x9c</size>
         <input_file_ref idref="fl-14"/>
      </object_component>
      <object_component id="oc-141">
         <name>.const:g_pui32GPIOBaseAddrs</name>
         <load_address>0x40ac</load_address>
         <run_address>0x40ac</run_address>
         <size>0x90</size>
         <input_file_ref idref="fl-11"/>
      </object_component>
      <object_component id="oc-12d">
         <name>.const:g_pui32Xtals</name>
         <load_address>0x413c</load_address>
         <run_address>0x413c</run_address>
         <size>0x6c</size>
         <input_file_ref idref="fl-1d"/>
      </object_component>
      <object_component id="oc-146">
         <name>.const:g_ppui32UARTIntMap</name>
         <load_address>0x41a8</load_address>
         <run_address>0x41a8</run_address>
         <size>0x40</size>
         <input_file_ref idref="fl-21"/>
      </object_component>
      <object_component id="oc-14c">
         <name>.const:g_ppui32UARTIntMapSnowflake</name>
         <load_address>0x41e8</load_address>
         <run_address>0x41e8</run_address>
         <size>0x40</size>
         <input_file_ref idref="fl-21"/>
      </object_component>
      <object_component id="oc-124">
         <name>.const:g_sXTALtoMEMTIM</name>
         <load_address>0x4228</load_address>
         <run_address>0x4228</run_address>
         <size>0x30</size>
         <input_file_ref idref="fl-1d"/>
      </object_component>
      <object_component id="oc-176">
         <name>.const:g_pui32Priority</name>
         <load_address>0x4258</load_address>
         <run_address>0x4258</run_address>
         <size>0x20</size>
         <input_file_ref idref="fl-14"/>
      </object_component>
      <object_component id="oc-169">
         <name>.const:g_ui16CANBitValues</name>
         <load_address>0x4278</load_address>
         <run_address>0x4278</run_address>
         <size>0x20</size>
         <input_file_ref idref="fl-6"/>
      </object_component>
      <object_component id="oc-17f">
         <name>.const:g_pui32Dii16Regs</name>
         <load_address>0x4298</load_address>
         <run_address>0x4298</run_address>
         <size>0x14</size>
         <input_file_ref idref="fl-14"/>
      </object_component>
      <object_component id="oc-17c">
         <name>.const:g_pui32EnRegs</name>
         <load_address>0x42ac</load_address>
         <run_address>0x42ac</run_address>
         <size>0x14</size>
         <input_file_ref idref="fl-14"/>
      </object_component>
      <object_component id="oc-182">
         <name>.const:g_pui32PendRegs</name>
         <load_address>0x42c0</load_address>
         <run_address>0x42c0</run_address>
         <size>0x14</size>
         <input_file_ref idref="fl-14"/>
      </object_component>
      <object_component id="oc-185">
         <name>.const:g_pui32UnpendRegs</name>
         <load_address>0x42d4</load_address>
         <run_address>0x42d4</run_address>
         <size>0x14</size>
         <input_file_ref idref="fl-14"/>
      </object_component>
      <object_component id="oc-1c3">
         <name>.const:.string</name>
         <load_address>0x42e8</load_address>
         <run_address>0x42e8</run_address>
         <size>0x12</size>
         <input_file_ref idref="fl-25"/>
      </object_component>
      <object_component id="oc-157">
         <name>.const:g_ui32UARTBase</name>
         <load_address>0x42fc</load_address>
         <run_address>0x42fc</run_address>
         <size>0xc</size>
         <input_file_ref idref="fl-25"/>
      </object_component>
      <object_component id="oc-151">
         <name>.const:g_ui32UARTPeriph</name>
         <load_address>0x4308</load_address>
         <run_address>0x4308</run_address>
         <size>0xc</size>
         <input_file_ref idref="fl-25"/>
      </object_component>
      <object_component id="oc-130">
         <name>.const:g_pui32VCOFrequencies</name>
         <load_address>0x4314</load_address>
         <run_address>0x4314</run_address>
         <size>0x8</size>
         <input_file_ref idref="fl-1d"/>
      </object_component>
      <object_component id="oc-13b">
         <name>.const</name>
         <load_address>0x431c</load_address>
         <run_address>0x431c</run_address>
         <size>0x8</size>
         <input_file_ref idref="fl-11"/>
      </object_component>
      <object_component id="oc-149">
         <name>.const</name>
         <load_address>0x4324</load_address>
         <run_address>0x4324</run_address>
         <size>0x8</size>
         <input_file_ref idref="fl-21"/>
      </object_component>
      <object_component id="oc-15f">
         <name>.const</name>
         <load_address>0x432c</load_address>
         <run_address>0x432c</run_address>
         <size>0x4</size>
         <input_file_ref idref="fl-25"/>
      </object_component>
      <object_component id="oc-1ff">
         <name>.cinit..data.load</name>
         <load_address>0x4330</load_address>
         <run_address>0x4330</run_address>
         <size>0x16</size>
      </object_component>
      <object_component id="oc-1fc">
         <name>__TI_handler_table</name>
         <load_address>0x4348</load_address>
         <run_address>0x4348</run_address>
         <size>0xc</size>
      </object_component>
      <object_component id="oc-200">
         <name>.cinit..bss.load</name>
         <load_address>0x4358</load_address>
         <run_address>0x4358</run_address>
         <size>0x8</size>
      </object_component>
      <object_component id="oc-1fe">
         <name>.cinit..vtable.load</name>
         <load_address>0x4360</load_address>
         <run_address>0x4360</run_address>
         <size>0x8</size>
      </object_component>
      <object_component id="oc-1fd">
         <name>__TI_cinit_table</name>
         <load_address>0x4368</load_address>
         <run_address>0x4368</run_address>
         <size>0x18</size>
      </object_component>
      <object_component id="oc-173">
         <name>.vtable</name>
         <uninitialized>true</uninitialized>
         <run_address>0x20000000</run_address>
         <size>0x26c</size>
         <input_file_ref idref="fl-14"/>
      </object_component>
      <object_component id="oc-f5">
         <name>.data</name>
         <load_address>0x2000046c</load_address>
         <run_address>0x2000046c</run_address>
         <size>0x12</size>
         <input_file_ref idref="fl-2"/>
      </object_component>
      <object_component id="oc-fb">
         <name>.data:g_pui8Msg1</name>
         <load_address>0x200004a1</load_address>
         <run_address>0x200004a1</run_address>
         <size>0x4</size>
         <input_file_ref idref="fl-2"/>
      </object_component>
      <object_component id="oc-ff">
         <name>.data:g_pui8Msg2</name>
         <load_address>0x20000494</load_address>
         <run_address>0x20000494</run_address>
         <size>0x5</size>
         <input_file_ref idref="fl-2"/>
      </object_component>
      <object_component id="oc-154">
         <name>.data</name>
         <load_address>0x2000049c</load_address>
         <run_address>0x2000049c</run_address>
         <size>0x5</size>
         <input_file_ref idref="fl-25"/>
      </object_component>
      <object_component id="oc-af">
         <name>.data:$O1$$</name>
         <load_address>0x20000480</load_address>
         <run_address>0x20000480</run_address>
         <size>0xc</size>
         <input_file_ref idref="fl-e8"/>
      </object_component>
      <object_component id="oc-75">
         <name>.data</name>
         <load_address>0x200004a8</load_address>
         <run_address>0x200004a8</run_address>
         <size>0x4</size>
         <input_file_ref idref="fl-ed"/>
      </object_component>
      <object_component id="oc-b2">
         <name>.data:$O1$$</name>
         <load_address>0x2000048c</load_address>
         <run_address>0x2000048c</run_address>
         <size>0x8</size>
         <input_file_ref idref="fl-ef"/>
      </object_component>
      <object_component id="oc-f8">
         <name>.common:g_sCANMsgObject1</name>
         <uninitialized>true</uninitialized>
         <run_address>0x200004ac</run_address>
         <size>0x14</size>
      </object_component>
      <object_component id="oc-fe">
         <name>.common:g_sCANMsgObject2</name>
         <uninitialized>true</uninitialized>
         <run_address>0x200004c0</run_address>
         <size>0x14</size>
      </object_component>
      <object_component id="oc-2a">
         <name>.stack</name>
         <uninitialized>true</uninitialized>
         <run_address>0x2000026c</run_address>
         <size>0x0</size>
         <input_file_ref idref="fl-e4"/>
      </object_component>
      <object_component id="oc-201">
         <name>.stack</name>
         <uninitialized>true</uninitialized>
         <run_address>0x2000026c</run_address>
         <size>0x0</size>
      </object_component>
      <object_component id="oc-f9">
         <name>.debug_info</name>
         <load_address>0x0</load_address>
         <run_address>0x0</run_address>
         <size>0x70a</size>
         <input_file_ref idref="fl-2"/>
      </object_component>
      <object_component id="oc-f6">
         <name>.debug_info</name>
         <load_address>0x70a</load_address>
         <run_address>0x70a</run_address>
         <size>0x1b1</size>
         <input_file_ref idref="fl-2"/>
      </object_component>
      <object_component id="oc-fc">
         <name>.debug_info</name>
         <load_address>0x8bb</load_address>
         <run_address>0x8bb</run_address>
         <size>0xca</size>
         <input_file_ref idref="fl-2"/>
      </object_component>
      <object_component id="oc-100">
         <name>.debug_info</name>
         <load_address>0x985</load_address>
         <run_address>0x985</run_address>
         <size>0xca</size>
         <input_file_ref idref="fl-2"/>
      </object_component>
      <object_component id="oc-aa">
         <name>.debug_info</name>
         <load_address>0xa4f</load_address>
         <run_address>0xa4f</run_address>
         <size>0x5b4</size>
         <input_file_ref idref="fl-2"/>
      </object_component>
      <object_component id="oc-16e">
         <name>.debug_info</name>
         <load_address>0x1003</load_address>
         <run_address>0x1003</run_address>
         <size>0x1b3</size>
         <input_file_ref idref="fl-2"/>
      </object_component>
      <object_component id="oc-ba">
         <name>.debug_info</name>
         <load_address>0x11b6</load_address>
         <run_address>0x11b6</run_address>
         <size>0x8b</size>
         <input_file_ref idref="fl-2"/>
      </object_component>
      <object_component id="oc-7c">
         <name>.debug_info</name>
         <load_address>0x1241</load_address>
         <run_address>0x1241</run_address>
         <size>0x18b</size>
         <input_file_ref idref="fl-2"/>
      </object_component>
      <object_component id="oc-164">
         <name>.debug_info</name>
         <load_address>0x13cc</load_address>
         <run_address>0x13cc</run_address>
         <size>0x4e</size>
         <input_file_ref idref="fl-2"/>
      </object_component>
      <object_component id="oc-33">
         <name>.debug_info</name>
         <load_address>0x141a</load_address>
         <run_address>0x141a</run_address>
         <size>0x291</size>
         <input_file_ref idref="fl-3"/>
      </object_component>
      <object_component id="oc-10">
         <name>.debug_info</name>
         <load_address>0x16ab</load_address>
         <run_address>0x16ab</run_address>
         <size>0xe2</size>
         <input_file_ref idref="fl-3"/>
      </object_component>
      <object_component id="oc-2f">
         <name>.debug_info</name>
         <load_address>0x178d</load_address>
         <run_address>0x178d</run_address>
         <size>0x25e</size>
         <input_file_ref idref="fl-3"/>
      </object_component>
      <object_component id="oc-3a">
         <name>.debug_info</name>
         <load_address>0x19eb</load_address>
         <run_address>0x19eb</run_address>
         <size>0x84</size>
         <input_file_ref idref="fl-3"/>
      </object_component>
      <object_component id="oc-16d">
         <name>.debug_info</name>
         <load_address>0x1a6f</load_address>
         <run_address>0x1a6f</run_address>
         <size>0x31e</size>
         <input_file_ref idref="fl-6"/>
      </object_component>
      <object_component id="oc-16a">
         <name>.debug_info</name>
         <load_address>0x1d8d</load_address>
         <run_address>0x1d8d</run_address>
         <size>0xe2</size>
         <input_file_ref idref="fl-6"/>
      </object_component>
      <object_component id="oc-ea">
         <name>.debug_info</name>
         <load_address>0x1e6f</load_address>
         <run_address>0x1e6f</run_address>
         <size>0x183b</size>
         <input_file_ref idref="fl-6"/>
      </object_component>
      <object_component id="oc-128">
         <name>.debug_info</name>
         <load_address>0x36aa</load_address>
         <run_address>0x36aa</run_address>
         <size>0x32f</size>
         <input_file_ref idref="fl-8"/>
      </object_component>
      <object_component id="oc-145">
         <name>.debug_info</name>
         <load_address>0x39d9</load_address>
         <run_address>0x39d9</run_address>
         <size>0x346</size>
         <input_file_ref idref="fl-11"/>
      </object_component>
      <object_component id="oc-139">
         <name>.debug_info</name>
         <load_address>0x3d1f</load_address>
         <run_address>0x3d1f</run_address>
         <size>0xf3</size>
         <input_file_ref idref="fl-11"/>
      </object_component>
      <object_component id="oc-13c">
         <name>.debug_info</name>
         <load_address>0x3e12</load_address>
         <run_address>0x3e12</run_address>
         <size>0x141</size>
         <input_file_ref idref="fl-11"/>
      </object_component>
      <object_component id="oc-13f">
         <name>.debug_info</name>
         <load_address>0x3f53</load_address>
         <run_address>0x3f53</run_address>
         <size>0xf5</size>
         <input_file_ref idref="fl-11"/>
      </object_component>
      <object_component id="oc-142">
         <name>.debug_info</name>
         <load_address>0x4048</load_address>
         <run_address>0x4048</run_address>
         <size>0xe7</size>
         <input_file_ref idref="fl-11"/>
      </object_component>
      <object_component id="oc-d7">
         <name>.debug_info</name>
         <load_address>0x412f</load_address>
         <run_address>0x412f</run_address>
         <size>0x3116</size>
         <input_file_ref idref="fl-11"/>
      </object_component>
      <object_component id="oc-189">
         <name>.debug_info</name>
         <load_address>0x7245</load_address>
         <run_address>0x7245</run_address>
         <size>0x31e</size>
         <input_file_ref idref="fl-14"/>
      </object_component>
      <object_component id="oc-177">
         <name>.debug_info</name>
         <load_address>0x7563</load_address>
         <run_address>0x7563</run_address>
         <size>0xe2</size>
         <input_file_ref idref="fl-14"/>
      </object_component>
      <object_component id="oc-17a">
         <name>.debug_info</name>
         <load_address>0x7645</load_address>
         <run_address>0x7645</run_address>
         <size>0xda</size>
         <input_file_ref idref="fl-14"/>
      </object_component>
      <object_component id="oc-17d">
         <name>.debug_info</name>
         <load_address>0x771f</load_address>
         <run_address>0x771f</run_address>
         <size>0xde</size>
         <input_file_ref idref="fl-14"/>
      </object_component>
      <object_component id="oc-180">
         <name>.debug_info</name>
         <load_address>0x77fd</load_address>
         <run_address>0x77fd</run_address>
         <size>0xe4</size>
         <input_file_ref idref="fl-14"/>
      </object_component>
      <object_component id="oc-183">
         <name>.debug_info</name>
         <load_address>0x78e1</load_address>
         <run_address>0x78e1</run_address>
         <size>0xe2</size>
         <input_file_ref idref="fl-14"/>
      </object_component>
      <object_component id="oc-186">
         <name>.debug_info</name>
         <load_address>0x79c3</load_address>
         <run_address>0x79c3</run_address>
         <size>0xe6</size>
         <input_file_ref idref="fl-14"/>
      </object_component>
      <object_component id="oc-174">
         <name>.debug_info</name>
         <load_address>0x7aa9</load_address>
         <run_address>0x7aa9</run_address>
         <size>0xe3</size>
         <input_file_ref idref="fl-14"/>
      </object_component>
      <object_component id="oc-f2">
         <name>.debug_info</name>
         <load_address>0x7b8c</load_address>
         <run_address>0x7b8c</run_address>
         <size>0xce3</size>
         <input_file_ref idref="fl-14"/>
      </object_component>
      <object_component id="oc-137">
         <name>.debug_info</name>
         <load_address>0x886f</load_address>
         <run_address>0x886f</run_address>
         <size>0x3a3</size>
         <input_file_ref idref="fl-1d"/>
      </object_component>
      <object_component id="oc-12e">
         <name>.debug_info</name>
         <load_address>0x8c12</load_address>
         <run_address>0x8c12</run_address>
         <size>0xd9</size>
         <input_file_ref idref="fl-1d"/>
      </object_component>
      <object_component id="oc-134">
         <name>.debug_info</name>
         <load_address>0x8ceb</load_address>
         <run_address>0x8ceb</run_address>
         <size>0xe5</size>
         <input_file_ref idref="fl-1d"/>
      </object_component>
      <object_component id="oc-125">
         <name>.debug_info</name>
         <load_address>0x8dd0</load_address>
         <run_address>0x8dd0</run_address>
         <size>0xdf</size>
         <input_file_ref idref="fl-1d"/>
      </object_component>
      <object_component id="oc-131">
         <name>.debug_info</name>
         <load_address>0x8eaf</load_address>
         <run_address>0x8eaf</run_address>
         <size>0xec</size>
         <input_file_ref idref="fl-1d"/>
      </object_component>
      <object_component id="oc-d3">
         <name>.debug_info</name>
         <load_address>0x8f9b</load_address>
         <run_address>0x8f9b</run_address>
         <size>0x2b29</size>
         <input_file_ref idref="fl-1d"/>
      </object_component>
      <object_component id="oc-1a0">
         <name>.debug_info</name>
         <load_address>0xbac4</load_address>
         <run_address>0xbac4</run_address>
         <size>0x51</size>
         <input_file_ref idref="fl-1d"/>
      </object_component>
      <object_component id="oc-150">
         <name>.debug_info</name>
         <load_address>0xbb15</load_address>
         <run_address>0xbb15</run_address>
         <size>0x328</size>
         <input_file_ref idref="fl-21"/>
      </object_component>
      <object_component id="oc-147">
         <name>.debug_info</name>
         <load_address>0xbe3d</load_address>
         <run_address>0xbe3d</run_address>
         <size>0xe3</size>
         <input_file_ref idref="fl-21"/>
      </object_component>
      <object_component id="oc-14a">
         <name>.debug_info</name>
         <load_address>0xbf20</load_address>
         <run_address>0xbf20</run_address>
         <size>0x12d</size>
         <input_file_ref idref="fl-21"/>
      </object_component>
      <object_component id="oc-14d">
         <name>.debug_info</name>
         <load_address>0xc04d</load_address>
         <run_address>0xc04d</run_address>
         <size>0xf5</size>
         <input_file_ref idref="fl-21"/>
      </object_component>
      <object_component id="oc-de">
         <name>.debug_info</name>
         <load_address>0xc142</load_address>
         <run_address>0xc142</run_address>
         <size>0x26f5</size>
         <input_file_ref idref="fl-21"/>
      </object_component>
      <object_component id="oc-163">
         <name>.debug_info</name>
         <load_address>0xe837</load_address>
         <run_address>0xe837</run_address>
         <size>0x3d1</size>
         <input_file_ref idref="fl-25"/>
      </object_component>
      <object_component id="oc-155">
         <name>.debug_info</name>
         <load_address>0xec08</load_address>
         <run_address>0xec08</run_address>
         <size>0xd4</size>
         <input_file_ref idref="fl-25"/>
      </object_component>
      <object_component id="oc-160">
         <name>.debug_info</name>
         <load_address>0xecdc</load_address>
         <run_address>0xecdc</run_address>
         <size>0xce</size>
         <input_file_ref idref="fl-25"/>
      </object_component>
      <object_component id="oc-158">
         <name>.debug_info</name>
         <load_address>0xedaa</load_address>
         <run_address>0xedaa</run_address>
         <size>0xdc</size>
         <input_file_ref idref="fl-25"/>
      </object_component>
      <object_component id="oc-152">
         <name>.debug_info</name>
         <load_address>0xee86</load_address>
         <run_address>0xee86</run_address>
         <size>0xe0</size>
         <input_file_ref idref="fl-25"/>
      </object_component>
      <object_component id="oc-e5">
         <name>.debug_info</name>
         <load_address>0xef66</load_address>
         <run_address>0xef66</run_address>
         <size>0x7c5</size>
         <input_file_ref idref="fl-25"/>
      </object_component>
      <object_component id="oc-27">
         <name>.debug_info</name>
         <load_address>0xf72b</load_address>
         <run_address>0xf72b</run_address>
         <size>0x160</size>
         <input_file_ref idref="fl-e4"/>
      </object_component>
      <object_component id="oc-86">
         <name>.debug_info</name>
         <load_address>0xf88b</load_address>
         <run_address>0xf88b</run_address>
         <size>0x293</size>
         <input_file_ref idref="fl-e5"/>
      </object_component>
      <object_component id="oc-14">
         <name>.debug_info</name>
         <load_address>0xfb1e</load_address>
         <run_address>0xfb1e</run_address>
         <size>0x245</size>
         <input_file_ref idref="fl-e5"/>
      </object_component>
      <object_component id="oc-35">
         <name>.debug_info</name>
         <load_address>0xfd63</load_address>
         <run_address>0xfd63</run_address>
         <size>0x60</size>
         <input_file_ref idref="fl-e5"/>
      </object_component>
      <object_component id="oc-81">
         <name>.debug_info</name>
         <load_address>0xfdc3</load_address>
         <run_address>0xfdc3</run_address>
         <size>0x46</size>
         <input_file_ref idref="fl-e5"/>
      </object_component>
      <object_component id="oc-4a">
         <name>.debug_info</name>
         <load_address>0xfe09</load_address>
         <run_address>0xfe09</run_address>
         <size>0x2da</size>
         <input_file_ref idref="fl-e6"/>
      </object_component>
      <object_component id="oc-1a">
         <name>.debug_info</name>
         <load_address>0x100e3</load_address>
         <run_address>0x100e3</run_address>
         <size>0x1df</size>
         <input_file_ref idref="fl-e6"/>
      </object_component>
      <object_component id="oc-45">
         <name>.debug_info</name>
         <load_address>0x102c2</load_address>
         <run_address>0x102c2</run_address>
         <size>0x46</size>
         <input_file_ref idref="fl-e6"/>
      </object_component>
      <object_component id="oc-88">
         <name>.debug_info</name>
         <load_address>0x10308</load_address>
         <run_address>0x10308</run_address>
         <size>0x2c</size>
         <input_file_ref idref="fl-e6"/>
      </object_component>
      <object_component id="oc-56">
         <name>.debug_info</name>
         <load_address>0x10334</load_address>
         <run_address>0x10334</run_address>
         <size>0x2c9</size>
         <input_file_ref idref="fl-e7"/>
      </object_component>
      <object_component id="oc-1f">
         <name>.debug_info</name>
         <load_address>0x105fd</load_address>
         <run_address>0x105fd</run_address>
         <size>0x1aa</size>
         <input_file_ref idref="fl-e7"/>
      </object_component>
      <object_component id="oc-51">
         <name>.debug_info</name>
         <load_address>0x107a7</load_address>
         <run_address>0x107a7</run_address>
         <size>0x46</size>
         <input_file_ref idref="fl-e7"/>
      </object_component>
      <object_component id="oc-90">
         <name>.debug_info</name>
         <load_address>0x107ed</load_address>
         <run_address>0x107ed</run_address>
         <size>0x2c</size>
         <input_file_ref idref="fl-e7"/>
      </object_component>
      <object_component id="oc-b6">
         <name>.debug_info</name>
         <load_address>0x10819</load_address>
         <run_address>0x10819</run_address>
         <size>0x3ce</size>
         <input_file_ref idref="fl-e8"/>
      </object_component>
      <object_component id="oc-b0">
         <name>.debug_info</name>
         <load_address>0x10be7</load_address>
         <run_address>0x10be7</run_address>
         <size>0x185</size>
         <input_file_ref idref="fl-e8"/>
      </object_component>
      <object_component id="oc-73">
         <name>.debug_info</name>
         <load_address>0x10d6c</load_address>
         <run_address>0x10d6c</run_address>
         <size>0x214</size>
         <input_file_ref idref="fl-e8"/>
      </object_component>
      <object_component id="oc-40">
         <name>.debug_info</name>
         <load_address>0x10f80</load_address>
         <run_address>0x10f80</run_address>
         <size>0x111</size>
         <input_file_ref idref="fl-e9"/>
      </object_component>
      <object_component id="oc-4c">
         <name>.debug_info</name>
         <load_address>0x11091</load_address>
         <run_address>0x11091</run_address>
         <size>0x13f</size>
         <input_file_ref idref="fl-ea"/>
      </object_component>
      <object_component id="oc-59">
         <name>.debug_info</name>
         <load_address>0x111d0</load_address>
         <run_address>0x111d0</run_address>
         <size>0x138</size>
         <input_file_ref idref="fl-eb"/>
      </object_component>
      <object_component id="oc-5e">
         <name>.debug_info</name>
         <load_address>0x11308</load_address>
         <run_address>0x11308</run_address>
         <size>0x148</size>
         <input_file_ref idref="fl-ec"/>
      </object_component>
      <object_component id="oc-76">
         <name>.debug_info</name>
         <load_address>0x11450</load_address>
         <run_address>0x11450</run_address>
         <size>0x109</size>
         <input_file_ref idref="fl-ed"/>
      </object_component>
      <object_component id="oc-15d">
         <name>.debug_info</name>
         <load_address>0x11559</load_address>
         <run_address>0x11559</run_address>
         <size>0x13a</size>
         <input_file_ref idref="fl-ee"/>
      </object_component>
      <object_component id="oc-114">
         <name>.debug_info</name>
         <load_address>0x11693</load_address>
         <run_address>0x11693</run_address>
         <size>0x2be</size>
         <input_file_ref idref="fl-ef"/>
      </object_component>
      <object_component id="oc-b3">
         <name>.debug_info</name>
         <load_address>0x11951</load_address>
         <run_address>0x11951</run_address>
         <size>0x113</size>
         <input_file_ref idref="fl-ef"/>
      </object_component>
      <object_component id="oc-110">
         <name>.debug_info</name>
         <load_address>0x11a64</load_address>
         <run_address>0x11a64</run_address>
         <size>0x21f</size>
         <input_file_ref idref="fl-ef"/>
      </object_component>
      <object_component id="oc-ae">
         <name>.debug_info</name>
         <load_address>0x11c83</load_address>
         <run_address>0x11c83</run_address>
         <size>0x300</size>
         <input_file_ref idref="fl-f0"/>
      </object_component>
      <object_component id="oc-6d">
         <name>.debug_info</name>
         <load_address>0x11f83</load_address>
         <run_address>0x11f83</run_address>
         <size>0x167</size>
         <input_file_ref idref="fl-f0"/>
      </object_component>
      <object_component id="oc-105">
         <name>.debug_info</name>
         <load_address>0x120ea</load_address>
         <run_address>0x120ea</run_address>
         <size>0x5e</size>
         <input_file_ref idref="fl-f0"/>
      </object_component>
      <object_component id="oc-a6">
         <name>.debug_info</name>
         <load_address>0x12148</load_address>
         <run_address>0x12148</run_address>
         <size>0x483</size>
         <input_file_ref idref="fl-f1"/>
      </object_component>
      <object_component id="oc-64">
         <name>.debug_info</name>
         <load_address>0x125cb</load_address>
         <run_address>0x125cb</run_address>
         <size>0x190</size>
         <input_file_ref idref="fl-f1"/>
      </object_component>
      <object_component id="oc-c6">
         <name>.debug_info</name>
         <load_address>0x1275b</load_address>
         <run_address>0x1275b</run_address>
         <size>0x39</size>
         <input_file_ref idref="fl-f1"/>
      </object_component>
      <object_component id="oc-11f">
         <name>.debug_info</name>
         <load_address>0x12794</load_address>
         <run_address>0x12794</run_address>
         <size>0x39</size>
         <input_file_ref idref="fl-f1"/>
      </object_component>
      <object_component id="oc-cb">
         <name>.debug_info</name>
         <load_address>0x127cd</load_address>
         <run_address>0x127cd</run_address>
         <size>0xcd</size>
         <input_file_ref idref="fl-f1"/>
      </object_component>
      <object_component id="oc-c2">
         <name>.debug_info</name>
         <load_address>0x1289a</load_address>
         <run_address>0x1289a</run_address>
         <size>0x37a</size>
         <input_file_ref idref="fl-f2"/>
      </object_component>
      <object_component id="oc-9b">
         <name>.debug_info</name>
         <load_address>0x12c14</load_address>
         <run_address>0x12c14</run_address>
         <size>0x183</size>
         <input_file_ref idref="fl-f2"/>
      </object_component>
      <object_component id="oc-11a">
         <name>.debug_info</name>
         <load_address>0x12d97</load_address>
         <run_address>0x12d97</run_address>
         <size>0x2c</size>
         <input_file_ref idref="fl-f2"/>
      </object_component>
      <object_component id="oc-1be">
         <name>.debug_info</name>
         <load_address>0x12dc3</load_address>
         <run_address>0x12dc3</run_address>
         <size>0x147</size>
         <input_file_ref idref="fl-f3"/>
      </object_component>
      <object_component id="oc-a3">
         <name>.debug_info</name>
         <load_address>0x12f0a</load_address>
         <run_address>0x12f0a</run_address>
         <size>0x145</size>
         <input_file_ref idref="fl-f4"/>
      </object_component>
      <object_component id="oc-202">
         <name>.debug_info</name>
         <load_address>0x1304f</load_address>
         <run_address>0x1304f</run_address>
         <size>0x98</size>
      </object_component>
      <object_component id="oc-18d">
         <name>.debug_line</name>
         <load_address>0x0</load_address>
         <run_address>0x0</run_address>
         <size>0xbe</size>
         <input_file_ref idref="fl-2"/>
      </object_component>
      <object_component id="oc-18b">
         <name>.debug_line</name>
         <load_address>0xbe</load_address>
         <run_address>0xbe</run_address>
         <size>0x2d</size>
         <input_file_ref idref="fl-2"/>
      </object_component>
      <object_component id="oc-18f">
         <name>.debug_line</name>
         <load_address>0xeb</load_address>
         <run_address>0xeb</run_address>
         <size>0x2d</size>
         <input_file_ref idref="fl-2"/>
      </object_component>
      <object_component id="oc-191">
         <name>.debug_line</name>
         <load_address>0x118</load_address>
         <run_address>0x118</run_address>
         <size>0x2d</size>
         <input_file_ref idref="fl-2"/>
      </object_component>
      <object_component id="oc-a8">
         <name>.debug_line</name>
         <load_address>0x145</load_address>
         <run_address>0x145</run_address>
         <size>0x122</size>
         <input_file_ref idref="fl-2"/>
      </object_component>
      <object_component id="oc-171">
         <name>.debug_line</name>
         <load_address>0x267</load_address>
         <run_address>0x267</run_address>
         <size>0x36</size>
         <input_file_ref idref="fl-2"/>
      </object_component>
      <object_component id="oc-bd">
         <name>.debug_line</name>
         <load_address>0x29d</load_address>
         <run_address>0x29d</run_address>
         <size>0x20</size>
         <input_file_ref idref="fl-2"/>
      </object_component>
      <object_component id="oc-7f">
         <name>.debug_line</name>
         <load_address>0x2bd</load_address>
         <run_address>0x2bd</run_address>
         <size>0x65</size>
         <input_file_ref idref="fl-2"/>
      </object_component>
      <object_component id="oc-167">
         <name>.debug_line</name>
         <load_address>0x322</load_address>
         <run_address>0x322</run_address>
         <size>0x65</size>
         <input_file_ref idref="fl-2"/>
      </object_component>
      <object_component id="oc-7b">
         <name>.debug_line</name>
         <load_address>0x387</load_address>
         <run_address>0x387</run_address>
         <size>0x41</size>
         <input_file_ref idref="fl-3"/>
      </object_component>
      <object_component id="oc-32">
         <name>.debug_line</name>
         <load_address>0x3c8</load_address>
         <run_address>0x3c8</run_address>
         <size>0x41</size>
         <input_file_ref idref="fl-3"/>
      </object_component>
      <object_component id="oc-2e">
         <name>.debug_line</name>
         <load_address>0x409</load_address>
         <run_address>0x409</run_address>
         <size>0xa1</size>
         <input_file_ref idref="fl-3"/>
      </object_component>
      <object_component id="oc-3d">
         <name>.debug_line</name>
         <load_address>0x4aa</load_address>
         <run_address>0x4aa</run_address>
         <size>0x20</size>
         <input_file_ref idref="fl-3"/>
      </object_component>
      <object_component id="oc-1cb">
         <name>.debug_line</name>
         <load_address>0x4ca</load_address>
         <run_address>0x4ca</run_address>
         <size>0x5d</size>
         <input_file_ref idref="fl-6"/>
      </object_component>
      <object_component id="oc-1c9">
         <name>.debug_line</name>
         <load_address>0x527</load_address>
         <run_address>0x527</run_address>
         <size>0x36</size>
         <input_file_ref idref="fl-6"/>
      </object_component>
      <object_component id="oc-ee">
         <name>.debug_line</name>
         <load_address>0x55d</load_address>
         <run_address>0x55d</run_address>
         <size>0x662</size>
         <input_file_ref idref="fl-6"/>
      </object_component>
      <object_component id="oc-12b">
         <name>.debug_line</name>
         <load_address>0xbbf</load_address>
         <run_address>0xbbf</run_address>
         <size>0xd9</size>
         <input_file_ref idref="fl-8"/>
      </object_component>
      <object_component id="oc-1ad">
         <name>.debug_line</name>
         <load_address>0xc98</load_address>
         <run_address>0xc98</run_address>
         <size>0x5d</size>
         <input_file_ref idref="fl-11"/>
      </object_component>
      <object_component id="oc-1a5">
         <name>.debug_line</name>
         <load_address>0xcf5</load_address>
         <run_address>0xcf5</run_address>
         <size>0x37</size>
         <input_file_ref idref="fl-11"/>
      </object_component>
      <object_component id="oc-1a7">
         <name>.debug_line</name>
         <load_address>0xd2c</load_address>
         <run_address>0xd2c</run_address>
         <size>0x37</size>
         <input_file_ref idref="fl-11"/>
      </object_component>
      <object_component id="oc-1a9">
         <name>.debug_line</name>
         <load_address>0xd63</load_address>
         <run_address>0xd63</run_address>
         <size>0x37</size>
         <input_file_ref idref="fl-11"/>
      </object_component>
      <object_component id="oc-1ab">
         <name>.debug_line</name>
         <load_address>0xd9a</load_address>
         <run_address>0xd9a</run_address>
         <size>0x37</size>
         <input_file_ref idref="fl-11"/>
      </object_component>
      <object_component id="oc-db">
         <name>.debug_line</name>
         <load_address>0xdd1</load_address>
         <run_address>0xdd1</run_address>
         <size>0x632</size>
         <input_file_ref idref="fl-11"/>
      </object_component>
      <object_component id="oc-1db">
         <name>.debug_line</name>
         <load_address>0x1403</load_address>
         <run_address>0x1403</run_address>
         <size>0x57</size>
         <input_file_ref idref="fl-14"/>
      </object_component>
      <object_component id="oc-1cf">
         <name>.debug_line</name>
         <load_address>0x145a</load_address>
         <run_address>0x145a</run_address>
         <size>0x3c</size>
         <input_file_ref idref="fl-14"/>
      </object_component>
      <object_component id="oc-1d1">
         <name>.debug_line</name>
         <load_address>0x1496</load_address>
         <run_address>0x1496</run_address>
         <size>0x3c</size>
         <input_file_ref idref="fl-14"/>
      </object_component>
      <object_component id="oc-1d3">
         <name>.debug_line</name>
         <load_address>0x14d2</load_address>
         <run_address>0x14d2</run_address>
         <size>0x3c</size>
         <input_file_ref idref="fl-14"/>
      </object_component>
      <object_component id="oc-1d5">
         <name>.debug_line</name>
         <load_address>0x150e</load_address>
         <run_address>0x150e</run_address>
         <size>0x3c</size>
         <input_file_ref idref="fl-14"/>
      </object_component>
      <object_component id="oc-1d7">
         <name>.debug_line</name>
         <load_address>0x154a</load_address>
         <run_address>0x154a</run_address>
         <size>0x3c</size>
         <input_file_ref idref="fl-14"/>
      </object_component>
      <object_component id="oc-1d9">
         <name>.debug_line</name>
         <load_address>0x1586</load_address>
         <run_address>0x1586</run_address>
         <size>0x3c</size>
         <input_file_ref idref="fl-14"/>
      </object_component>
      <object_component id="oc-1cd">
         <name>.debug_line</name>
         <load_address>0x15c2</load_address>
         <run_address>0x15c2</run_address>
         <size>0x3c</size>
         <input_file_ref idref="fl-14"/>
      </object_component>
      <object_component id="oc-f4">
         <name>.debug_line</name>
         <load_address>0x15fe</load_address>
         <run_address>0x15fe</run_address>
         <size>0x2ed</size>
         <input_file_ref idref="fl-14"/>
      </object_component>
      <object_component id="oc-19f">
         <name>.debug_line</name>
         <load_address>0x18eb</load_address>
         <run_address>0x18eb</run_address>
         <size>0xce</size>
         <input_file_ref idref="fl-1d"/>
      </object_component>
      <object_component id="oc-199">
         <name>.debug_line</name>
         <load_address>0x19b9</load_address>
         <run_address>0x19b9</run_address>
         <size>0x39</size>
         <input_file_ref idref="fl-1d"/>
      </object_component>
      <object_component id="oc-19d">
         <name>.debug_line</name>
         <load_address>0x19f2</load_address>
         <run_address>0x19f2</run_address>
         <size>0x39</size>
         <input_file_ref idref="fl-1d"/>
      </object_component>
      <object_component id="oc-196">
         <name>.debug_line</name>
         <load_address>0x1a2b</load_address>
         <run_address>0x1a2b</run_address>
         <size>0x39</size>
         <input_file_ref idref="fl-1d"/>
      </object_component>
      <object_component id="oc-19b">
         <name>.debug_line</name>
         <load_address>0x1a64</load_address>
         <run_address>0x1a64</run_address>
         <size>0x39</size>
         <input_file_ref idref="fl-1d"/>
      </object_component>
      <object_component id="oc-d1">
         <name>.debug_line</name>
         <load_address>0x1a9d</load_address>
         <run_address>0x1a9d</run_address>
         <size>0x9b0</size>
         <input_file_ref idref="fl-1d"/>
      </object_component>
      <object_component id="oc-1a2">
         <name>.debug_line</name>
         <load_address>0x244d</load_address>
         <run_address>0x244d</run_address>
         <size>0x39</size>
         <input_file_ref idref="fl-1d"/>
      </object_component>
      <object_component id="oc-1b5">
         <name>.debug_line</name>
         <load_address>0x2486</load_address>
         <run_address>0x2486</run_address>
         <size>0x5d</size>
         <input_file_ref idref="fl-21"/>
      </object_component>
      <object_component id="oc-1af">
         <name>.debug_line</name>
         <load_address>0x24e3</load_address>
         <run_address>0x24e3</run_address>
         <size>0x37</size>
         <input_file_ref idref="fl-21"/>
      </object_component>
      <object_component id="oc-1b1">
         <name>.debug_line</name>
         <load_address>0x251a</load_address>
         <run_address>0x251a</run_address>
         <size>0x37</size>
         <input_file_ref idref="fl-21"/>
      </object_component>
      <object_component id="oc-1b3">
         <name>.debug_line</name>
         <load_address>0x2551</load_address>
         <run_address>0x2551</run_address>
         <size>0x37</size>
         <input_file_ref idref="fl-21"/>
      </object_component>
      <object_component id="oc-dd">
         <name>.debug_line</name>
         <load_address>0x2588</load_address>
         <run_address>0x2588</run_address>
         <size>0x5b6</size>
         <input_file_ref idref="fl-21"/>
      </object_component>
      <object_component id="oc-1c7">
         <name>.debug_line</name>
         <load_address>0x2b3e</load_address>
         <run_address>0x2b3e</run_address>
         <size>0x92</size>
         <input_file_ref idref="fl-25"/>
      </object_component>
      <object_component id="oc-1b9">
         <name>.debug_line</name>
         <load_address>0x2bd0</load_address>
         <run_address>0x2bd0</run_address>
         <size>0x38</size>
         <input_file_ref idref="fl-25"/>
      </object_component>
      <object_component id="oc-1c5">
         <name>.debug_line</name>
         <load_address>0x2c08</load_address>
         <run_address>0x2c08</run_address>
         <size>0x38</size>
         <input_file_ref idref="fl-25"/>
      </object_component>
      <object_component id="oc-1bb">
         <name>.debug_line</name>
         <load_address>0x2c40</load_address>
         <run_address>0x2c40</run_address>
         <size>0x38</size>
         <input_file_ref idref="fl-25"/>
      </object_component>
      <object_component id="oc-1b7">
         <name>.debug_line</name>
         <load_address>0x2c78</load_address>
         <run_address>0x2c78</run_address>
         <size>0x38</size>
         <input_file_ref idref="fl-25"/>
      </object_component>
      <object_component id="oc-e4">
         <name>.debug_line</name>
         <load_address>0x2cb0</load_address>
         <run_address>0x2cb0</run_address>
         <size>0x289</size>
         <input_file_ref idref="fl-25"/>
      </object_component>
      <object_component id="oc-25">
         <name>.debug_line</name>
         <load_address>0x2f39</load_address>
         <run_address>0x2f39</run_address>
         <size>0x53</size>
         <input_file_ref idref="fl-e4"/>
      </object_component>
      <object_component id="oc-c0">
         <name>.debug_line</name>
         <load_address>0x2f8c</load_address>
         <run_address>0x2f8c</run_address>
         <size>0x20</size>
         <input_file_ref idref="fl-e5"/>
      </object_component>
      <object_component id="oc-13">
         <name>.debug_line</name>
         <load_address>0x2fac</load_address>
         <run_address>0x2fac</run_address>
         <size>0xa9</size>
         <input_file_ref idref="fl-e5"/>
      </object_component>
      <object_component id="oc-38">
         <name>.debug_line</name>
         <load_address>0x3055</load_address>
         <run_address>0x3055</run_address>
         <size>0x3a</size>
         <input_file_ref idref="fl-e5"/>
      </object_component>
      <object_component id="oc-84">
         <name>.debug_line</name>
         <load_address>0x308f</load_address>
         <run_address>0x308f</run_address>
         <size>0x8a</size>
         <input_file_ref idref="fl-e5"/>
      </object_component>
      <object_component id="oc-8e">
         <name>.debug_line</name>
         <load_address>0x3119</load_address>
         <run_address>0x3119</run_address>
         <size>0x8a</size>
         <input_file_ref idref="fl-e6"/>
      </object_component>
      <object_component id="oc-19">
         <name>.debug_line</name>
         <load_address>0x31a3</load_address>
         <run_address>0x31a3</run_address>
         <size>0x55</size>
         <input_file_ref idref="fl-e6"/>
      </object_component>
      <object_component id="oc-48">
         <name>.debug_line</name>
         <load_address>0x31f8</load_address>
         <run_address>0x31f8</run_address>
         <size>0x3a</size>
         <input_file_ref idref="fl-e6"/>
      </object_component>
      <object_component id="oc-8b">
         <name>.debug_line</name>
         <load_address>0x3232</load_address>
         <run_address>0x3232</run_address>
         <size>0x8a</size>
         <input_file_ref idref="fl-e6"/>
      </object_component>
      <object_component id="oc-96">
         <name>.debug_line</name>
         <load_address>0x32bc</load_address>
         <run_address>0x32bc</run_address>
         <size>0x8a</size>
         <input_file_ref idref="fl-e7"/>
      </object_component>
      <object_component id="oc-22">
         <name>.debug_line</name>
         <load_address>0x3346</load_address>
         <run_address>0x3346</run_address>
         <size>0x4f</size>
         <input_file_ref idref="fl-e7"/>
      </object_component>
      <object_component id="oc-54">
         <name>.debug_line</name>
         <load_address>0x3395</load_address>
         <run_address>0x3395</run_address>
         <size>0x34</size>
         <input_file_ref idref="fl-e7"/>
      </object_component>
      <object_component id="oc-93">
         <name>.debug_line</name>
         <load_address>0x33c9</load_address>
         <run_address>0x33c9</run_address>
         <size>0x8a</size>
         <input_file_ref idref="fl-e7"/>
      </object_component>
      <object_component id="oc-117">
         <name>.debug_line</name>
         <load_address>0x3453</load_address>
         <run_address>0x3453</run_address>
         <size>0xf2</size>
         <input_file_ref idref="fl-e8"/>
      </object_component>
      <object_component id="oc-10b">
         <name>.debug_line</name>
         <load_address>0x3545</load_address>
         <run_address>0x3545</run_address>
         <size>0x2a</size>
         <input_file_ref idref="fl-e8"/>
      </object_component>
      <object_component id="oc-70">
         <name>.debug_line</name>
         <load_address>0x356f</load_address>
         <run_address>0x356f</run_address>
         <size>0x86</size>
         <input_file_ref idref="fl-e8"/>
      </object_component>
      <object_component id="oc-43">
         <name>.debug_line</name>
         <load_address>0x35f5</load_address>
         <run_address>0x35f5</run_address>
         <size>0x88</size>
         <input_file_ref idref="fl-e9"/>
      </object_component>
      <object_component id="oc-4f">
         <name>.debug_line</name>
         <load_address>0x367d</load_address>
         <run_address>0x367d</run_address>
         <size>0x79</size>
         <input_file_ref idref="fl-ea"/>
      </object_component>
      <object_component id="oc-58">
         <name>.debug_line</name>
         <load_address>0x36f6</load_address>
         <run_address>0x36f6</run_address>
         <size>0x3d</size>
         <input_file_ref idref="fl-eb"/>
      </object_component>
      <object_component id="oc-62">
         <name>.debug_line</name>
         <load_address>0x3733</load_address>
         <run_address>0x3733</run_address>
         <size>0x40</size>
         <input_file_ref idref="fl-ec"/>
      </object_component>
      <object_component id="oc-b9">
         <name>.debug_line</name>
         <load_address>0x3773</load_address>
         <run_address>0x3773</run_address>
         <size>0x33</size>
         <input_file_ref idref="fl-ed"/>
      </object_component>
      <object_component id="oc-15c">
         <name>.debug_line</name>
         <load_address>0x37a6</load_address>
         <run_address>0x37a6</run_address>
         <size>0x5b</size>
         <input_file_ref idref="fl-ee"/>
      </object_component>
      <object_component id="oc-194">
         <name>.debug_line</name>
         <load_address>0x3801</load_address>
         <run_address>0x3801</run_address>
         <size>0x20</size>
         <input_file_ref idref="fl-ef"/>
      </object_component>
      <object_component id="oc-113">
         <name>.debug_line</name>
         <load_address>0x3821</load_address>
         <run_address>0x3821</run_address>
         <size>0x2b</size>
         <input_file_ref idref="fl-ef"/>
      </object_component>
      <object_component id="oc-10e">
         <name>.debug_line</name>
         <load_address>0x384c</load_address>
         <run_address>0x384c</run_address>
         <size>0x68</size>
         <input_file_ref idref="fl-ef"/>
      </object_component>
      <object_component id="oc-104">
         <name>.debug_line</name>
         <load_address>0x38b4</load_address>
         <run_address>0x38b4</run_address>
         <size>0x2b</size>
         <input_file_ref idref="fl-f0"/>
      </object_component>
      <object_component id="oc-6a">
         <name>.debug_line</name>
         <load_address>0x38df</load_address>
         <run_address>0x38df</run_address>
         <size>0x4a</size>
         <input_file_ref idref="fl-f0"/>
      </object_component>
      <object_component id="oc-108">
         <name>.debug_line</name>
         <load_address>0x3929</load_address>
         <run_address>0x3929</run_address>
         <size>0x2b</size>
         <input_file_ref idref="fl-f0"/>
      </object_component>
      <object_component id="oc-c5">
         <name>.debug_line</name>
         <load_address>0x3954</load_address>
         <run_address>0x3954</run_address>
         <size>0xa9</size>
         <input_file_ref idref="fl-f1"/>
      </object_component>
      <object_component id="oc-67">
         <name>.debug_line</name>
         <load_address>0x39fd</load_address>
         <run_address>0x39fd</run_address>
         <size>0x8b</size>
         <input_file_ref idref="fl-f1"/>
      </object_component>
      <object_component id="oc-c9">
         <name>.debug_line</name>
         <load_address>0x3a88</load_address>
         <run_address>0x3a88</run_address>
         <size>0x2e</size>
         <input_file_ref idref="fl-f1"/>
      </object_component>
      <object_component id="oc-122">
         <name>.debug_line</name>
         <load_address>0x3ab6</load_address>
         <run_address>0x3ab6</run_address>
         <size>0x8a</size>
         <input_file_ref idref="fl-f1"/>
      </object_component>
      <object_component id="oc-ce">
         <name>.debug_line</name>
         <load_address>0x3b40</load_address>
         <run_address>0x3b40</run_address>
         <size>0x8b</size>
         <input_file_ref idref="fl-f1"/>
      </object_component>
      <object_component id="oc-119">
         <name>.debug_line</name>
         <load_address>0x3bcb</load_address>
         <run_address>0x3bcb</run_address>
         <size>0x98</size>
         <input_file_ref idref="fl-f2"/>
      </object_component>
      <object_component id="oc-9d">
         <name>.debug_line</name>
         <load_address>0x3c63</load_address>
         <run_address>0x3c63</run_address>
         <size>0x68</size>
         <input_file_ref idref="fl-f2"/>
      </object_component>
      <object_component id="oc-11d">
         <name>.debug_line</name>
         <load_address>0x3ccb</load_address>
         <run_address>0x3ccb</run_address>
         <size>0x2e</size>
         <input_file_ref idref="fl-f2"/>
      </object_component>
      <object_component id="oc-1c0">
         <name>.debug_line</name>
         <load_address>0x3cf9</load_address>
         <run_address>0x3cf9</run_address>
         <size>0x3b</size>
         <input_file_ref idref="fl-f3"/>
      </object_component>
      <object_component id="oc-a1">
         <name>.debug_line</name>
         <load_address>0x3d34</load_address>
         <run_address>0x3d34</run_address>
         <size>0x3c</size>
         <input_file_ref idref="fl-f4"/>
      </object_component>
      <object_component id="oc-a9">
         <name>.debug_frame</name>
         <load_address>0x0</load_address>
         <run_address>0x0</run_address>
         <size>0xce</size>
         <input_file_ref idref="fl-2"/>
      </object_component>
      <object_component id="oc-2c">
         <name>.debug_frame</name>
         <load_address>0xce</load_address>
         <run_address>0xce</run_address>
         <size>0x84</size>
         <input_file_ref idref="fl-3"/>
      </object_component>
      <object_component id="oc-ed">
         <name>.debug_frame</name>
         <load_address>0x152</load_address>
         <run_address>0x152</run_address>
         <size>0x255</size>
         <input_file_ref idref="fl-6"/>
      </object_component>
      <object_component id="oc-12c">
         <name>.debug_frame</name>
         <load_address>0x3a7</load_address>
         <run_address>0x3a7</run_address>
         <size>0xac</size>
         <input_file_ref idref="fl-8"/>
      </object_component>
      <object_component id="oc-da">
         <name>.debug_frame</name>
         <load_address>0x453</load_address>
         <run_address>0x453</run_address>
         <size>0x553</size>
         <input_file_ref idref="fl-11"/>
      </object_component>
      <object_component id="oc-f1">
         <name>.debug_frame</name>
         <load_address>0x9a6</load_address>
         <run_address>0x9a6</run_address>
         <size>0x1c5</size>
         <input_file_ref idref="fl-14"/>
      </object_component>
      <object_component id="oc-d2">
         <name>.debug_frame</name>
         <load_address>0xb6b</load_address>
         <run_address>0xb6b</run_address>
         <size>0x562</size>
         <input_file_ref idref="fl-1d"/>
      </object_component>
      <object_component id="oc-e1">
         <name>.debug_frame</name>
         <load_address>0x10cd</load_address>
         <run_address>0x10cd</run_address>
         <size>0x49f</size>
         <input_file_ref idref="fl-21"/>
      </object_component>
      <object_component id="oc-e3">
         <name>.debug_frame</name>
         <load_address>0x156c</load_address>
         <run_address>0x156c</run_address>
         <size>0xfb</size>
         <input_file_ref idref="fl-25"/>
      </object_component>
      <object_component id="oc-17">
         <name>.debug_frame</name>
         <load_address>0x1667</load_address>
         <run_address>0x1667</run_address>
         <size>0x60</size>
         <input_file_ref idref="fl-e5"/>
      </object_component>
      <object_component id="oc-1d">
         <name>.debug_frame</name>
         <load_address>0x16c7</load_address>
         <run_address>0x16c7</run_address>
         <size>0x51</size>
         <input_file_ref idref="fl-e6"/>
      </object_component>
      <object_component id="oc-23">
         <name>.debug_frame</name>
         <load_address>0x1718</load_address>
         <run_address>0x1718</run_address>
         <size>0x51</size>
         <input_file_ref idref="fl-e7"/>
      </object_component>
      <object_component id="oc-71">
         <name>.debug_frame</name>
         <load_address>0x1769</load_address>
         <run_address>0x1769</run_address>
         <size>0x85</size>
         <input_file_ref idref="fl-e8"/>
      </object_component>
      <object_component id="oc-5c">
         <name>.debug_frame</name>
         <load_address>0x17ee</load_address>
         <run_address>0x17ee</run_address>
         <size>0x51</size>
         <input_file_ref idref="fl-eb"/>
      </object_component>
      <object_component id="oc-61">
         <name>.debug_frame</name>
         <load_address>0x183f</load_address>
         <run_address>0x183f</run_address>
         <size>0x51</size>
         <input_file_ref idref="fl-ec"/>
      </object_component>
      <object_component id="oc-10f">
         <name>.debug_frame</name>
         <load_address>0x1890</load_address>
         <run_address>0x1890</run_address>
         <size>0x73</size>
         <input_file_ref idref="fl-ef"/>
      </object_component>
      <object_component id="oc-6b">
         <name>.debug_frame</name>
         <load_address>0x1903</load_address>
         <run_address>0x1903</run_address>
         <size>0x51</size>
         <input_file_ref idref="fl-f0"/>
      </object_component>
      <object_component id="oc-68">
         <name>.debug_frame</name>
         <load_address>0x1954</load_address>
         <run_address>0x1954</run_address>
         <size>0x5c</size>
         <input_file_ref idref="fl-f1"/>
      </object_component>
      <object_component id="oc-9e">
         <name>.debug_frame</name>
         <load_address>0x19b0</load_address>
         <run_address>0x19b0</run_address>
         <size>0x60</size>
         <input_file_ref idref="fl-f2"/>
      </object_component>
      <object_component id="oc-1c1">
         <name>.debug_frame</name>
         <load_address>0x1a10</load_address>
         <run_address>0x1a10</run_address>
         <size>0x51</size>
         <input_file_ref idref="fl-f3"/>
      </object_component>
      <object_component id="oc-a0">
         <name>.debug_frame</name>
         <load_address>0x1a61</load_address>
         <run_address>0x1a61</run_address>
         <size>0x51</size>
         <input_file_ref idref="fl-f4"/>
      </object_component>
      <object_component id="oc-18c">
         <name>.debug_abbrev</name>
         <load_address>0x0</load_address>
         <run_address>0x0</run_address>
         <size>0xdc</size>
         <input_file_ref idref="fl-2"/>
      </object_component>
      <object_component id="oc-18a">
         <name>.debug_abbrev</name>
         <load_address>0xdc</load_address>
         <run_address>0xdc</run_address>
         <size>0x29</size>
         <input_file_ref idref="fl-2"/>
      </object_component>
      <object_component id="oc-18e">
         <name>.debug_abbrev</name>
         <load_address>0x105</load_address>
         <run_address>0x105</run_address>
         <size>0x29</size>
         <input_file_ref idref="fl-2"/>
      </object_component>
      <object_component id="oc-190">
         <name>.debug_abbrev</name>
         <load_address>0x12e</load_address>
         <run_address>0x12e</run_address>
         <size>0x29</size>
         <input_file_ref idref="fl-2"/>
      </object_component>
      <object_component id="oc-102">
         <name>.debug_abbrev</name>
         <load_address>0x157</load_address>
         <run_address>0x157</run_address>
         <size>0x103</size>
         <input_file_ref idref="fl-2"/>
      </object_component>
      <object_component id="oc-170">
         <name>.debug_abbrev</name>
         <load_address>0x25a</load_address>
         <run_address>0x25a</run_address>
         <size>0x96</size>
         <input_file_ref idref="fl-2"/>
      </object_component>
      <object_component id="oc-bc">
         <name>.debug_abbrev</name>
         <load_address>0x2f0</load_address>
         <run_address>0x2f0</run_address>
         <size>0x1f</size>
         <input_file_ref idref="fl-2"/>
      </object_component>
      <object_component id="oc-7e">
         <name>.debug_abbrev</name>
         <load_address>0x30f</load_address>
         <run_address>0x30f</run_address>
         <size>0x35</size>
         <input_file_ref idref="fl-2"/>
      </object_component>
      <object_component id="oc-166">
         <name>.debug_abbrev</name>
         <load_address>0x344</load_address>
[...]
         <value>0xf65</value>
         <object_component_ref idref="oc-d0"/>
      </symbol>
      <symbol id="sm-457">
         <name>SysCtlDelay</name>
         <value>0x3cbb</value>
         <object_component_ref idref="oc-e8"/>
      </symbol>
      <symbol id="sm-458">
         <name>SysCtlVoltageEventClear</name>
         <value>0x1095</value>
         <object_component_ref idref="oc-d0"/>
      </symbol>
      <symbol id="sm-459">
         <name>SysCtlLDOSleepSet</name>
         <value>0x779</value>
         <object_component_ref idref="oc-d0"/>
      </symbol>
      <symbol id="sm-45a">
         <name>SysCtlMOSCConfigSet</name>
         <value>0x80f</value>
         <object_component_ref idref="oc-d0"/>
      </symbol>
      <symbol id="sm-45b">
         <name>SysCtlPeripheralEnable</name>
         <value>0x50d</value>
         <object_component_ref idref="oc-d0"/>
      </symbol>
      <symbol id="sm-45c">
         <name>SysCtlIntEnable</name>
         <value>0x721</value>
         <object_component_ref idref="oc-d0"/>
      </symbol>
      <symbol id="sm-45d">
         <name>SysCtlNMIClear</name>
         <value>0x1179</value>
         <object_component_ref idref="oc-d0"/>
      </symbol>
      <symbol id="sm-45e">
         <name>SysCtlPeripheralPowerOff</name>
         <value>0x449</value>
         <object_component_ref idref="oc-d0"/>
      </symbol>
      <symbol id="sm-45f">
         <name>SysCtlSleepPowerSet</name>
         <value>0x7a5</value>
         <object_component_ref idref="oc-d0"/>
      </symbol>
      <symbol id="sm-460">
         <name>SysCtlDeepSleep</name>
         <value>0x7d9</value>
         <object_component_ref idref="oc-d0"/>
      </symbol>
      <symbol id="sm-461">
         <name>SysCtlLDODeepSleepSet</name>
         <value>0x78f</value>
         <object_component_ref idref="oc-d0"/>
      </symbol>
      <symbol id="sm-462">
         <name>SysCtlPeripheralPowerOn</name>
         <value>0x40d</value>
         <object_component_ref idref="oc-d0"/>
      </symbol>
      <symbol id="sm-463">
         <name>SysCtlPeripheralDeepSleepDisable</name>
         <value>0x65d</value>
         <object_component_ref idref="oc-d0"/>
      </symbol>
      <symbol id="sm-464">
         <name>SysCtlPeripheralSleepDisable</name>
         <value>0x5d1</value>
         <object_component_ref idref="oc-d0"/>
      </symbol>
      <symbol id="sm-465">
         <name>SysCtlVCOGet</name>
         <value>0x10a9</value>
         <object_component_ref idref="oc-d0"/>
      </symbol>
      <symbol id="sm-466">
         <name>SysCtlResetBehaviorSet</name>
         <value>0x875</value>
         <object_component_ref idref="oc-d0"/>
      </symbol>
      <symbol id="sm-467">
         <name>SysCtlReset</name>
         <value>0x7c9</value>
         <object_component_ref idref="oc-d0"/>
      </symbol>
      <symbol id="sm-468">
         <name>SysCtlGPIOAHBDisable</name>
         <value>0x103b</value>
         <object_component_ref idref="oc-d0"/>
      </symbol>
      <symbol id="sm-469">
         <name>SysCtlSRAMSizeGet</name>
         <value>0x32f</value>
         <object_component_ref idref="oc-d0"/>
      </symbol>
      <symbol id="sm-46a">
         <name>SysCtlClockGet</name>
         <value>0xd9d</value>
         <object_component_ref idref="oc-d0"/>
      </symbol>
      <symbol id="sm-46b">
         <name>SysCtlPeripheralDisable</name>
         <value>0x549</value>
         <object_component_ref idref="oc-d0"/>
      </symbol>
      <symbol id="sm-46c">
         <name>SysCtlPWMClockSet</name>
         <value>0xfef</value>
         <object_component_ref idref="oc-d0"/>
      </symbol>
      <symbol id="sm-46d">
         <name>SysCtlUSBPLLEnable</name>
         <value>0x1057</value>
         <object_component_ref idref="oc-d0"/>
      </symbol>
      <symbol id="sm-46e">
         <name>SysCtlPeripheralSleepEnable</name>
         <value>0x58d</value>
         <object_component_ref idref="oc-d0"/>
      </symbol>
      <symbol id="sm-46f">
         <name>SysCtlIntUnregister</name>
         <value>0x711</value>
         <object_component_ref idref="oc-d0"/>
      </symbol>
      <symbol id="sm-470">
         <name>SysCtlUSBPLLDisable</name>
         <value>0x1063</value>
         <object_component_ref idref="oc-d0"/>
      </symbol>
      <symbol id="sm-471">
         <name>SysCtlPeripheralReady</name>
         <value>0x3cd</value>
         <object_component_ref idref="oc-d0"/>
      </symbol>
      <symbol id="sm-472">
         <name>SysCtlPIOSCCalibrate</name>
         <value>0x825</value>
         <object_component_ref idref="oc-d0"/>
      </symbol>
      <symbol id="sm-473">
         <name>SysCtlResetCauseClear</name>
         <value>0x7fb</value>
         <object_component_ref idref="oc-d0"/>
      </symbol>
      <symbol id="sm-474">
         <name>SysCtlLDOSleepGet</name>
         <value>0x789</value>
         <object_component_ref idref="oc-d0"/>
      </symbol>
      <symbol id="sm-475">
         <name>SysCtlClockFreqSet</name>
         <value>0x8d5</value>
         <object_component_ref idref="oc-d0"/>
      </symbol>
      <symbol id="sm-476">
         <name>SysCtlPeripheralReset</name>
         <value>0x485</value>
         <object_component_ref idref="oc-d0"/>
      </symbol>
      <symbol id="sm-4f7">
         <name>UARTClockSourceGet</name>
         <value>0x2d3d</value>
         <object_component_ref idref="oc-dc"/>
      </symbol>
      <symbol id="sm-4f8">
         <name>UARTCharPutNonBlocking</name>
         <value>0x2bb1</value>
         <object_component_ref idref="oc-dc"/>
      </symbol>
      <symbol id="sm-4f9">
         <name>UARTDMAEnable</name>
         <value>0x2cd7</value>
         <object_component_ref idref="oc-dc"/>
      </symbol>
      <symbol id="sm-4fa">
         <name>UARTTxIntModeSet</name>
         <value>0x2b15</value>
         <object_component_ref idref="oc-dc"/>
      </symbol>
      <symbol id="sm-4fb">
         <name>UARTFIFODisable</name>
         <value>0x29bb</value>
         <object_component_ref idref="oc-dc"/>
      </symbol>
      <symbol id="sm-4fc">
         <name>UARTIntUnregister</name>
         <value>0x2c5d</value>
         <object_component_ref idref="oc-dc"/>
      </symbol>
      <symbol id="sm-4fd">
         <name>UARTRxErrorClear</name>
         <value>0x2d19</value>
         <object_component_ref idref="oc-dc"/>
      </symbol>
      <symbol id="sm-4fe">
         <name>UARTModemControlSet</name>
         <value>0x2a5d</value>
         <object_component_ref idref="oc-dc"/>
      </symbol>
      <symbol id="sm-4ff">
         <name>UARTFlowControlSet</name>
         <value>0x2ae7</value>
         <object_component_ref idref="oc-dc"/>
      </symbol>
      <symbol id="sm-500">
         <name>UARTConfigSetExpClk</name>
         <value>0x2895</value>
         <object_component_ref idref="oc-dc"/>
      </symbol>
      <symbol id="sm-501">
         <name>UARTSmartCardDisable</name>
         <value>0x2a47</value>
         <object_component_ref idref="oc-dc"/>
      </symbol>
      <symbol id="sm-502">
         <name>UARTDisable</name>
         <value>0x297b</value>
         <object_component_ref idref="oc-dc"/>
      </symbol>
      <symbol id="sm-503">
         <name>UART9BitDisable</name>
         <value>0x2d63</value>
         <object_component_ref idref="oc-dc"/>
      </symbol>
      <symbol id="sm-504">
         <name>UARTFIFOLevelGet</name>
         <value>0x286d</value>
         <object_component_ref idref="oc-dc"/>
      </symbol>
      <symbol id="sm-505">
         <name>UARTBusy</name>
         <value>0x2c1d</value>
         <object_component_ref idref="oc-dc"/>
      </symbol>
      <symbol id="sm-506">
         <name>UARTDisableSIR</name>
         <value>0x29ff</value>
         <object_component_ref idref="oc-dc"/>
      </symbol>
      <symbol id="sm-507">
         <name>UARTLoopbackEnable</name>
         <value>0x2de7</value>
         <object_component_ref idref="oc-dc"/>
      </symbol>
      <symbol id="sm-508">
         <name>UARTIntEnable</name>
         <value>0x2c77</value>
         <object_component_ref idref="oc-dc"/>
      </symbol>
      <symbol id="sm-509">
         <name>UARTCharsAvail</name>
         <value>0x2b43</value>
         <object_component_ref idref="oc-dc"/>
      </symbol>
      <symbol id="sm-50a">
         <name>UARTCharGetNonBlocking</name>
         <value>0x2b7f</value>
         <object_component_ref idref="oc-dc"/>
      </symbol>
      <symbol id="sm-50b">
         <name>UARTClockSourceSet</name>
         <value>0x2d29</value>
         <object_component_ref idref="oc-dc"/>
      </symbol>
      <symbol id="sm-50c">
         <name>UARTTxIntModeGet</name>
         <value>0x2b31</value>
         <object_component_ref idref="oc-dc"/>
      </symbol>
      <symbol id="sm-50d">
         <name>UARTModemStatusGet</name>
         <value>0x2ad3</value>
         <object_component_ref idref="oc-dc"/>
      </symbol>
      <symbol id="sm-50e">
         <name>UARTIntDisable</name>
         <value>0x2c8f</value>
         <object_component_ref idref="oc-dc"/>
      </symbol>
      <symbol id="sm-50f">
         <name>UARTCharPut</name>
         <value>0x2bd5</value>
         <object_component_ref idref="oc-dc"/>
      </symbol>
      <symbol id="sm-510">
         <name>UARTParityModeSet</name>
         <value>0x2827</value>
         <object_component_ref idref="oc-dc"/>
      </symbol>
      <symbol id="sm-511">
         <name>UARTRxErrorGet</name>
         <value>0x2d07</value>
         <object_component_ref idref="oc-dc"/>
      </symbol>
      <symbol id="sm-512">
         <name>UARTConfigGetExpClk</name>
         <value>0x290b</value>
         <object_component_ref idref="oc-dc"/>
      </symbol>
      <symbol id="sm-513">
         <name>UARTEnableSIR</name>
         <value>0x29d1</value>
         <object_component_ref idref="oc-dc"/>
      </symbol>
      <symbol id="sm-514">
         <name>UARTEnable</name>
         <value>0x2957</value>
         <object_component_ref idref="oc-dc"/>
      </symbol>
      <symbol id="sm-515">
         <name>UART9BitAddrSend</name>
         <value>0x2d9f</value>
         <object_component_ref idref="oc-dc"/>
      </symbol>
      <symbol id="sm-516">
         <name>UARTModemControlGet</name>
         <value>0x2ac1</value>
         <object_component_ref idref="oc-dc"/>
      </symbol>
      <symbol id="sm-517">
         <name>UARTSmartCardEnable</name>
         <value>0x2a15</value>
         <object_component_ref idref="oc-dc"/>
      </symbol>
      <symbol id="sm-518">
         <name>UARTFlowControlGet</name>
         <value>0x2b03</value>
         <object_component_ref idref="oc-dc"/>
      </symbol>
      <symbol id="sm-519">
         <name>UARTFIFOEnable</name>
         <value>0x29a5</value>
         <object_component_ref idref="oc-dc"/>
      </symbol>
      <symbol id="sm-51a">
         <name>UARTIntClear</name>
         <value>0x2cc5</value>
         <object_component_ref idref="oc-dc"/>
      </symbol>
      <symbol id="sm-51b">
         <name>UARTIntStatus</name>
         <value>0x2ca7</value>
         <object_component_ref idref="oc-dc"/>
      </symbol>
      <symbol id="sm-51c">
         <name>UARTDMADisable</name>
         <value>0x2cef</value>
         <object_component_ref idref="oc-dc"/>
      </symbol>
      <symbol id="sm-51d">
         <name>UART9BitEnable</name>
         <value>0x2d4d</value>
         <object_component_ref idref="oc-dc"/>
      </symbol>
      <symbol id="sm-51e">
         <name>UARTSpaceAvail</name>
         <value>0x2b61</value>
         <object_component_ref idref="oc-dc"/>
      </symbol>
      <symbol id="sm-51f">
         <name>UARTCharGet</name>
         <value>0x2b9b</value>
         <object_component_ref idref="oc-dc"/>
      </symbol>
      <symbol id="sm-520">
         <name>UARTFIFOLevelSet</name>
         <value>0x2855</value>
         <object_component_ref idref="oc-dc"/>
      </symbol>
      <symbol id="sm-521">
         <name>UARTModemControlClear</name>
         <value>0x2a9d</value>
         <object_component_ref idref="oc-dc"/>
      </symbol>
      <symbol id="sm-522">
         <name>UARTParityModeGet</name>
         <value>0x2843</value>
         <object_component_ref idref="oc-dc"/>
      </symbol>
      <symbol id="sm-523">
         <name>UARTIntRegister</name>
         <value>0x2c3b</value>
         <object_component_ref idref="oc-dc"/>
      </symbol>
      <symbol id="sm-524">
         <name>UARTBreakCtl</name>
         <value>0x2bf3</value>
         <object_component_ref idref="oc-dc"/>
      </symbol>
      <symbol id="sm-525">
         <name>UART9BitAddrSet</name>
         <value>0x2d79</value>
         <object_component_ref idref="oc-dc"/>
      </symbol>
      <symbol id="sm-597">
         <name>UARTgetc</name>
         <value>0x2f43</value>
         <object_component_ref idref="oc-e2"/>
      </symbol>
      <symbol id="sm-598">
         <name>UARTgets</name>
         <value>0x2e89</value>
         <object_component_ref idref="oc-e2"/>
      </symbol>
      <symbol id="sm-599">
         <name>UARTStdioConfig</name>
         <value>0x2dfd</value>
         <object_component_ref idref="oc-e2"/>
      </symbol>
      <symbol id="sm-59a">
         <name>UARTwrite</name>
         <value>0x2e43</value>
         <object_component_ref idref="oc-e2"/>
      </symbol>
      <symbol id="sm-59b">
         <name>UARTprintf</name>
         <value>0x3263</value>
         <object_component_ref idref="oc-e2"/>
      </symbol>
      <symbol id="sm-59c">
         <name>UARTvprintf</name>
         <value>0x2f69</value>
         <object_component_ref idref="oc-e2"/>
      </symbol>
      <symbol id="sm-5ae">
         <name>_c_int00</name>
         <value>0x3af5</value>
         <object_component_ref idref="oc-24"/>
      </symbol>
      <symbol id="sm-5af">
         <name>__stack</name>
         <value>0x2000026c</value>
         <object_component_ref idref="oc-2a"/>
      </symbol>
      <symbol id="sm-5cd">
         <name>__TI_decompress_lzss</name>
         <value>0x3a8d</value>
         <object_component_ref idref="oc-12"/>
      </symbol>
      <symbol id="sm-5e4">
         <name>__TI_decompress_none</name>
         <value>0x3c95</value>
         <object_component_ref idref="oc-18"/>
      </symbol>
      <symbol id="sm-5fb">
         <name>__TI_zero_init</name>
         <value>0x3ca3</value>
         <object_component_ref idref="oc-1e"/>
      </symbol>
      <symbol id="sm-61c">
         <name>C$$EXIT</name>
         <value>0x3b49</value>
         <object_component_ref idref="oc-6f"/>
      </symbol>
      <symbol id="sm-61d">
         <name>abort</name>
         <value>0x3b4d</value>
         <object_component_ref idref="oc-6f"/>
      </symbol>
      <symbol id="sm-61e">
         <name>exit</name>
         <value>0x3b55</value>
         <object_component_ref idref="oc-6f"/>
      </symbol>
      <symbol id="sm-61f">
         <name>__TI_dtors_ptr</name>
         <value>0x20000484</value>
         <object_component_ref idref="oc-af"/>
      </symbol>
      <symbol id="sm-620">
         <name>__TI_cleanup_ptr</name>
         <value>0x20000480</value>
         <object_component_ref idref="oc-af"/>
      </symbol>
      <symbol id="sm-621">
         <name>__TI_enable_exit_profile_output</name>
         <value>0x20000488</value>
         <object_component_ref idref="oc-af"/>
      </symbol>
      <symbol id="sm-63c">
         <name>memcpy</name>
         <value>0x3905</value>
         <object_component_ref idref="oc-3f"/>
      </symbol>
      <symbol id="sm-63d">
         <name>__aeabi_memcpy</name>
         <value>0x3905</value>
         <object_component_ref idref="oc-3f"/>
      </symbol>
      <symbol id="sm-63e">
         <name>__aeabi_memcpy8</name>
         <value>0x3905</value>
         <object_component_ref idref="oc-3f"/>
      </symbol>
      <symbol id="sm-63f">
         <name>__aeabi_memcpy4</name>
         <value>0x3905</value>
         <object_component_ref idref="oc-3f"/>
      </symbol>
      <symbol id="sm-64e">
         <name>__aeabi_memset</name>
         <value>0x39a3</value>
         <object_component_ref idref="oc-4b"/>
      </symbol>
      <symbol id="sm-64f">
         <name>memset</name>
         <value>0x39a9</value>
         <object_component_ref idref="oc-4b"/>
      </symbol>
      <symbol id="sm-650">
         <name>__aeabi_memset8</name>
         <value>0x39a3</value>
         <object_component_ref idref="oc-4b"/>
      </symbol>
      <symbol id="sm-651">
         <name>__aeabi_memset4</name>
         <value>0x39a3</value>
         <object_component_ref idref="oc-4b"/>
      </symbol>
      <symbol id="sm-652">
         <name>__aeabi_memclr8</name>
         <value>0x39a1</value>
         <object_component_ref idref="oc-4b"/>
      </symbol>
      <symbol id="sm-653">
         <name>__aeabi_memclr4</name>
         <value>0x39a1</value>
         <object_component_ref idref="oc-4b"/>
      </symbol>
      <symbol id="sm-654">
         <name>__aeabi_memclr</name>
         <value>0x39a1</value>
         <object_component_ref idref="oc-4b"/>
      </symbol>
      <symbol id="sm-65e">
         <name>__mpu_init</name>
         <value>0x3c67</value>
         <object_component_ref idref="oc-57"/>
      </symbol>
      <symbol id="sm-668">
         <name>_system_pre_init</name>
         <value>0x3cc1</value>
         <object_component_ref idref="oc-5d"/>
      </symbol>
      <symbol id="sm-670">
         <name>main_func_sp</name>
         <value>0x200004a8</value>
         <object_component_ref idref="oc-75"/>
      </symbol>
      <symbol id="sm-67f">
         <name>__aeabi_uidivmod</name>
         <value>0x3be9</value>
         <object_component_ref idref="oc-15a"/>
      </symbol>
      <symbol id="sm-680">
         <name>__aeabi_uidiv</name>
         <value>0x3be9</value>
         <object_component_ref idref="oc-15a"/>
      </symbol>
      <symbol id="sm-699">
         <name>_nop</name>
         <value>0x3c8f</value>
         <object_component_ref idref="oc-10c"/>
      </symbol>
      <symbol id="sm-69a">
         <name>_lock</name>
         <value>0x2000048c</value>
         <object_component_ref idref="oc-b2"/>
      </symbol>
      <symbol id="sm-69b">
         <name>_unlock</name>
         <value>0x20000490</value>
         <object_component_ref idref="oc-b2"/>
      </symbol>
      <symbol id="sm-69c">
         <name>_register_lock</name>
         <value>0x3c87</value>
         <object_component_ref idref="oc-10c"/>
      </symbol>
      <symbol id="sm-69d">
         <name>_register_unlock</name>
         <value>0x3c81</value>
         <object_component_ref idref="oc-10c"/>
      </symbol>
      <symbol id="sm-6b1">
         <name>_args_main</name>
         <value>0x3c69</value>
         <object_component_ref idref="oc-69"/>
      </symbol>
      <symbol id="sm-6db">
         <name>__TI_auto_init</name>
         <value>0x3a1d</value>
         <object_component_ref idref="oc-63"/>
      </symbol>
      <symbol id="sm-6f5">
         <name>copy_in</name>
         <value>0x3b9d</value>
         <object_component_ref idref="oc-99"/>
      </symbol>
      <symbol id="sm-6ff">
         <name>__aeabi_idiv0</name>
         <value>0x3a1b</value>
         <object_component_ref idref="oc-1bc"/>
      </symbol>
      <symbol id="sm-709">
         <name>_system_post_cinit</name>
         <value>0x3cc5</value>
         <object_component_ref idref="oc-9f"/>
      </symbol>
      <symbol id="sm-70a">
         <name>__TI_static_base__</name>
         <value>0x0</value>
      </symbol>
      <symbol id="sm-70d">
         <name>SHT$$INIT_ARRAY$$Limit</name>
         <value>0x0</value>
      </symbol>
      <symbol id="sm-70e">
         <name>SHT$$INIT_ARRAY$$Base</name>
         <value>0x0</value>
      </symbol>
   </symbol_table>
   <title>Link successful</title>
</link_info>
