******************************************************************************
                  TI ARM Linker PC v16.9.4                     
******************************************************************************
>> Linked Mon Jun 03 17:01:03 2019

OUTPUT FILE NAME:   <node1.out>
ENTRY POINT SYMBOL: "_c_int00"  address: 00003465


MEMORY CONFIGURATION

         name            origin    length      used     unused   attr    fill
----------------------  --------  ---------  --------  --------  ----  --------
  FLASH                 00000000   00040000  00003db0  0003c250  R  X
  SRAM                  20000000   00008000  00000533  00007acd  RW X


SEGMENT ALLOCATION MAP

run origin  load origin   length   init length attrs members
----------  ----------- ---------- ----------- ----- -------
00000000    00000000    00003db0   00003db0    r-x
  00000000    00000000    0000026c   0000026c    r-- .intvecs
  0000026c    0000026c    000034b0   000034b0    r-x .text
  0000371c    0000371c    000005f4   000005f4    r-- .const
  00003d10    00003d10    000000a0   000000a0    r-- .cinit
20000000    20000000    00000534   00000000    rw-
  20000000    20000000    0000026c   00000000    rw- .vtable
  2000026c    2000026c    00000200   00000000    rw- .stack
  2000046c    2000046c    000000a7   00000000    rw- .data
  20000514    20000514    00000020   00000000    rw- .bss


SECTION ALLOCATION MAP

 output                                  attributes/
section   page    origin      length       input sections
--------  ----  ----------  ----------   ----------------
.intvecs   0    00000000    0000026c     
                  00000000    0000026c     tm4c123gh6pm_startup_ccs.obj (.intvecs)

.text      0    0000026c    000034b0     
                  0000026c    00000f88     sysctl.obj (.text)
                  000011f4    00000ba0     gpio.obj (.text)
                  00001d94    00000a30     can.obj (.text)
                  000027c4    000003c0     interrupt.obj (.text)
                  00002b84    00000284     diagnostic.obj (.text)
                  00002e08    000001a0     CAN.obj (.text)
                  00002fa8    000000d4     UART.obj (.text)
                  0000307c    000000d4     CAN_TRX.obj (.text)
                  00003150    0000009c     rtsv7M4_T_le_v4SPD16_eabi.lib : memcpy_t2.obj (.text)
                  000031ec    0000009a     pc_uart.obj (.text)
                  00003286    00000002     rtsv7M4_T_le_v4SPD16_eabi.lib : mpu_init.obj (.text)
                  00003288    00000088     systick.obj (.text)
                  00003310    0000007a     rtsv7M4_T_le_v4SPD16_eabi.lib : memset_t2.obj (.text)
                  0000338a    00000002                                   : startup.obj (.text)
                  0000338c    00000070                                   : autoinit.obj (.text)
                  000033fc    00000068                                   : copy_decompress_lzss.obj (.text:decompress:lzss)
                  00003464    00000054                                   : boot.obj (.text)
                  000034b8    00000054                                   : exit.obj (.text)
                  0000350c    00000050     LED.obj (.text)
                  0000355c    0000004c     comm.obj (.text)
                  000035a8    0000004c     rtsv7M4_T_le_v4SPD16_eabi.lib : cpy_tbl.obj (.text)
                  000035f4    0000003e     cpu.obj (.text)
                  00003632    00000002     --HOLE-- [fill = 0]
                  00003634    0000003c     token_ring.obj (.text)
                  00003670    00000038     systick_Timer .obj (.text)
                  000036a8    00000018     Main.obj (.text)
                  000036c0    00000018     rtsv7M4_T_le_v4SPD16_eabi.lib : args_main.obj (.text)
                  000036d8    00000014                                   : _lock.obj (.text)
                  000036ec    0000000e                                   : copy_decompress_none.obj (.text:decompress:none)
                  000036fa    0000000c                                   : copy_zero_init.obj (.text:decompress:ZI)
                  00003706    0000000c     tm4c123gh6pm_startup_ccs.obj (.text)
                  00003712    00000006     sysctl.obj (.text:SysCtlDelay)
                  00003718    00000004     rtsv7M4_T_le_v4SPD16_eabi.lib : pre_init.obj (.text)

.const     0    0000371c    000005f4     
                  0000371c    000001b0     sysctl.obj (.const:g_pppui32XTALtoVCO)
                  000038cc    000000d8     gpio.obj (.const:g_ppui32GPIOIntMapSnowflake)
                  000039a4    000000c0     gpio.obj (.const:g_ppui32GPIOIntMapBlizzard)
                  00003a64    0000009c     interrupt.obj (.const:g_pui32Regs)
                  00003b00    00000090     gpio.obj (.const:g_pui32GPIOBaseAddrs)
                  00003b90    0000006c     sysctl.obj (.const:g_pui32Xtals)
                  00003bfc    00000042     diagnostic.obj (.const:.string)
                  00003c3e    00000002     --HOLE-- [fill = 0]
                  00003c40    00000030     sysctl.obj (.const:g_sXTALtoMEMTIM)
                  00003c70    00000020     interrupt.obj (.const:g_pui32Priority)
                  00003c90    00000020     can.obj (.const:g_ui16CANBitValues)
                  00003cb0    00000014     interrupt.obj (.const:g_pui32Dii16Regs)
                  00003cc4    00000014     interrupt.obj (.const:g_pui32EnRegs)
                  00003cd8    00000014     interrupt.obj (.const:g_pui32PendRegs)
                  00003cec    00000014     interrupt.obj (.const:g_pui32UnpendRegs)
                  00003d00    00000008     sysctl.obj (.const:g_pui32VCOFrequencies)
                  00003d08    00000008     gpio.obj (.const)

.cinit     0    00003d10    000000a0     
                  00003d10    00000065     (.cinit..data.load) [load image, compression = lzss]
                  00003d75    00000003     --HOLE-- [fill = 0]
                  00003d78    0000000c     (__TI_handler_table)
                  00003d84    00000004     --HOLE-- [fill = 0]
                  00003d88    00000008     (.cinit..bss.load) [load image, compression = zero_init]
                  00003d90    00000008     (.cinit..vtable.load) [load image, compression = zero_init]
                  00003d98    00000018     (__TI_cinit_table)

.init_array 
*          0    00000000    00000000     UNINITIALIZED

.vtable    0    20000000    0000026c     UNINITIALIZED
                  20000000    0000026c     interrupt.obj (.vtable)

.stack     0    2000026c    00000200     UNINITIALIZED
                  2000026c    00000200     --HOLE--

.data      0    2000046c    000000a7     UNINITIALIZED
                  2000046c    00000024     CAN_TRX.obj (.data:Tx_MAP)
                  20000490    00000020     CAN.obj (.data:rx_objects)
                  200004b0    00000018     diagnostic.obj (.data:command)
                  200004c8    00000018     CAN.obj (.data:tx_objects)
                  200004e0    00000010     CAN_TRX.obj (.data:Rx_MAP)
                  200004f0    0000000c     rtsv7M4_T_le_v4SPD16_eabi.lib : exit.obj (.data:$O1$$)
                  200004fc    00000008                                   : _lock.obj (.data:$O1$$)
                  20000504    00000004                                   : stkdepth_vars.obj (.data)
                  20000508    00000003     comm.obj (.data:Transmit_PDUs_length)
                  2000050b    00000003     token_ring.obj (.data:passed_data)
                  2000050e    00000002     diagnostic.obj (.data:ecu_adresses)
                  20000510    00000002     diagnostic.obj (.data:ecu_select)
                  20000512    00000001     token_ring.obj (.data)

.bss       0    20000514    00000020     UNINITIALIZED
                  20000514    00000008     (.common:PDU_TX)
                  2000051c    00000008     (.common:buffer)
                  20000524    00000008     (.common:data)
                  2000052c    00000004     (.common:service)
                  20000530    00000004     (.common:string1)

MODULE SUMMARY

       Module                         code    ro data   rw data
       ------                         ----    -------   -------
    .\
       tm4c123gh6pm_startup_ccs.obj   12      620       0      
       Main.obj                       24      0         0      
    +--+------------------------------+-------+---------+---------+
       Total:                         36      620       0      
                                                               
    .\ECU_AL\ECU_CAN\
       CAN_TRX.obj                    212     0         52     
    +--+------------------------------+-------+---------+---------+
       Total:                         212     0         52     
                                                               
    .\ECU_AL\pc_uart\
       pc_uart.obj                    154     0         0      
    +--+------------------------------+-------+---------+---------+
       Total:                         154     0         0      
                                                               
    .\MCAL\CAN\
       CAN.obj                        416     0         64     
    +--+------------------------------+-------+---------+---------+
       Total:                         416     0         64     
                                                               
    .\MCAL\DIO\
       LED.obj                        80      0         0      
    +--+------------------------------+-------+---------+---------+
       Total:                         80      0         0      
                                                               
    .\MCAL\UARTs\
       UART.obj                       212     0         0      
    +--+------------------------------+-------+---------+---------+
       Total:                         212     0         0      
                                                               
    .\MCAL\systick_timer\
       systick_Timer .obj             56      0         0      
    +--+------------------------------+-------+---------+---------+
       Total:                         56      0         0      
                                                               
    .\Servicelayer\comm\
       comm.obj                       76      0         11     
    +--+------------------------------+-------+---------+---------+
       Total:                         76      0         11     
                                                               
    .\Servicelayer\diagnostic_manager\
       diagnostic.obj                 644     66        44     
    +--+------------------------------+-------+---------+---------+
       Total:                         644     66        44     
                                                               
    .\application\token_ring\
       token_ring.obj                 60      0         4      
    +--+------------------------------+-------+---------+---------+
       Total:                         60      0         4      
                                                               
    .\driverlib\
       sysctl.obj                     3982    596       0      
       gpio.obj                       2976    560       0      
       can.obj                        2608    32        0      
       interrupt.obj                  960     268       620    
       systick.obj                    136     0         0      
       cpu.obj                        62      0         0      
    +--+------------------------------+-------+---------+---------+
       Total:                         10724   1456      620    
                                                               
    C:\ti\ccsv7\tools\compiler\ti-cgt-arm_16.9.4.LTS\lib\rtsv7M4_T_le_v4SPD16_eabi.lib
       memcpy_t2.obj                  156     0         0      
       memset_t2.obj                  122     0         0      
       autoinit.obj                   112     0         0      
       copy_decompress_lzss.obj       104     0         0      
       exit.obj                       84      0         12     
       boot.obj                       84      0         0      
       cpy_tbl.obj                    76      0         0      
       _lock.obj                      20      0         8      
       args_main.obj                  24      0         0      
       copy_decompress_none.obj       14      0         0      
       copy_zero_init.obj             12      0         0      
       pre_init.obj                   4       0         0      
       stkdepth_vars.obj              0       0         4      
       mpu_init.obj                   2       0         0      
       startup.obj                    2       0         0      
    +--+------------------------------+-------+---------+---------+
       Total:                         816     0         24     
                                                               
       Stack:                         0       0         512    
       Linker Generated:              0       153       0      
    +--+------------------------------+-------+---------+---------+
       Grand Total:                   13486   2295      1331   


LINKER GENERATED COPY TABLES

__TI_cinit_table @ 00003d98 records: 3, size/record: 8, table size: 24
	.data: load addr=00003d10, load size=00000065 bytes, run addr=2000046c, run size=000000a7 bytes, compression=lzss
	.bss: load addr=00003d88, load size=00000008 bytes, run addr=20000514, run size=00000020 bytes, compression=zero_init
	.vtable: load addr=00003d90, load size=00000008 bytes, run addr=20000000, run size=0000026c bytes, compression=zero_init


LINKER GENERATED HANDLER TABLE

__TI_handler_table @ 00003d78 records: 3, size/record: 4, table size: 12
	index: 0, handler: __TI_zero_init
	index: 1, handler: __TI_decompress_lzss
	index: 2, handler: __TI_decompress_none


GLOBAL SYMBOLS: SORTED ALPHABETICALLY BY Name 

address   name                            
-------   ----                            
000034b9  C$$EXIT                         
00001fad  CANBitRateSet                   
00001f3d  CANBitTimingGet                 
00002079  CANBitTimingSet                 
00001f29  CANDisable                      
00001f15  CANEnable                       
000022c3  CANErrCntrGet                   
00001e99  CANInit                         
000021b5  CANIntClear                     
00002155  CANIntDisable                   
0000213f  CANIntEnable                    
00002e09  CANIntHandler                   
00002107  CANIntRegister                  
0000216b  CANIntStatus                    
00002125  CANIntUnregister                
00002795  CANMessageClear                 
0000258b  CANMessageGet                   
000022f9  CANMessageSet                   
00002221  CANRetryGet                     
000021ef  CANRetrySet                     
0000223d  CANStatusGet                    
00002eb3  CAN_Init                        
00002e6d  CAN_Send                        
00003629  CPUbasepriGet                   
0000361b  CPUbasepriSet                   
000035f5  CPUcpsid                        
0000360b  CPUcpsie                        
00003601  CPUprimask                      
00003617  CPUwfi                          
00002d05  Diag_response                   
00002b85  Diag_service                    
000030f1  ECU_CAN_Receive                 
0000307d  ECU_CAN_Transmit                
00001d6d  GPIOADCTriggerDisable           
00001d4f  GPIOADCTriggerEnable            
00001d31  GPIODMATriggerDisable           
00001d13  GPIODMATriggerEnable            
000012b3  GPIODirModeGet                  
00001257  GPIODirModeSet                  
00001823  GPIOIntClear                    
000017e7  GPIOIntDisable                  
000017cd  GPIOIntEnable                   
00001837  GPIOIntRegister                 
0000186f  GPIOIntRegisterPin              
00001801  GPIOIntStatus                   
000013a3  GPIOIntTypeGet                  
000012ff  GPIOIntTypeSet                  
00001855  GPIOIntUnregister               
0000189d  GPIOIntUnregisterPin            
0000167b  GPIOPadConfigGet                
00001441  GPIOPadConfigSet                
00001cb5  GPIOPinConfigure                
000018c1  GPIOPinRead                     
000018f9  GPIOPinTypeADC                  
0000191d  GPIOPinTypeCAN                  
00001941  GPIOPinTypeComparator           
00001965  GPIOPinTypeComparatorOutput     
00001989  GPIOPinTypeDIVSCLK              
000019ad  GPIOPinTypeEPI                  
000019d1  GPIOPinTypeEthernetLED          
000019f5  GPIOPinTypeEthernetMII          
00001a19  GPIOPinTypeGPIOInput            
00001a3d  GPIOPinTypeGPIOOutput           
00001a61  GPIOPinTypeGPIOOutputOD         
00001a85  GPIOPinTypeHibernateRTCCLK      
00001aa9  GPIOPinTypeI2C                  
00001acd  GPIOPinTypeI2CSCL               
00001af1  GPIOPinTypeLCD                  
00001b15  GPIOPinTypeOneWire              
00001b39  GPIOPinTypePWM                  
00001b5d  GPIOPinTypeQEI                  
00001b81  GPIOPinTypeSSI                  
00001ba5  GPIOPinTypeTimer                
00001bc9  GPIOPinTypeTrace                
00001bed  GPIOPinTypeUART                 
00001c11  GPIOPinTypeUSBAnalog            
00001c35  GPIOPinTypeUSBDigital           
00001c59  GPIOPinTypeWakeHigh             
00001c7f  GPIOPinTypeWakeLow              
00001ca5  GPIOPinWakeStatus               
000018d9  GPIOPinWrite                    
00002985  IntDisable                      
00002913  IntEnable                       
000029f7  IntIsEnabled                    
000027d7  IntMasterDisable                
000027c7  IntMasterEnable                 
00002aed  IntPendClear                    
00002a7d  IntPendSet                      
000028ef  IntPriorityGet                  
00002867  IntPriorityGroupingGet          
0000284d  IntPriorityGroupingSet          
00002b47  IntPriorityMaskGet              
00002b3b  IntPriorityMaskSet              
0000289f  IntPrioritySet                  
000027e7  IntRegister                     
00002b4f  IntTrigger                      
00002839  IntUnregister                   
0000350d  LED_Init                        
00003545  LED_OFF                         
00003531  LED_ON                          
20000514  PDU_TX                          
00003707  ResetISR                        
200004e0  Rx_MAP                          
UNDEFED   SHT$$INIT_ARRAY$$Base           
UNDEFED   SHT$$INIT_ARRAY$$Limit          
000011b1  SysCtlAltClkConfig              
000008d5  SysCtlClockFreqSet              
00000d9d  SysCtlClockGet                  
00001195  SysCtlClockOutConfig            
00000bcd  SysCtlClockSet                  
000007d9  SysCtlDeepSleep                 
00000f65  SysCtlDeepSleepClockConfigSet   
00000f49  SysCtlDeepSleepClockSet         
000007b9  SysCtlDeepSleepPowerSet         
00003713  SysCtlDelay                     
00000365  SysCtlFlashSectorSizeGet        
00000339  SysCtlFlashSizeGet              
0000103b  SysCtlGPIOAHBDisable            
0000101f  SysCtlGPIOAHBEnable             
0000074d  SysCtlIntClear                  
00000735  SysCtlIntDisable                
00000721  SysCtlIntEnable                 
000006f9  SysCtlIntRegister               
0000075d  SysCtlIntStatus                 
00000711  SysCtlIntUnregister             
0000079f  SysCtlLDODeepSleepGet           
0000078f  SysCtlLDODeepSleepSet           
00000789  SysCtlLDOSleepGet               
00000779  SysCtlLDOSleepSet               
0000080f  SysCtlMOSCConfigSet             
00001179  SysCtlNMIClear                  
00001169  SysCtlNMIStatus                 
00000825  SysCtlPIOSCCalibrate            
00001009  SysCtlPWMClockGet               
00000fef  SysCtlPWMClockSet               
000006a5  SysCtlPeripheralClockGating     
0000065d  SysCtlPeripheralDeepSleepDisable
0000060d  SysCtlPeripheralDeepSleepEnable 
00000549  SysCtlPeripheralDisable         
0000050d  SysCtlPeripheralEnable          
00000449  SysCtlPeripheralPowerOff        
0000040d  SysCtlPeripheralPowerOn         
0000038d  SysCtlPeripheralPresent         
000003cd  SysCtlPeripheralReady           
00000485  SysCtlPeripheralReset           
000005d1  SysCtlPeripheralSleepDisable    
0000058d  SysCtlPeripheralSleepEnable     
000007c9  SysCtlReset                     
00000885  SysCtlResetBehaviorGet          
00000875  SysCtlResetBehaviorSet          
000007fb  SysCtlResetCauseClear           
000007f5  SysCtlResetCauseGet             
0000032f  SysCtlSRAMSizeGet               
000007d1  SysCtlSleep                     
000007a5  SysCtlSleepPowerSet             
00001063  SysCtlUSBPLLDisable             
00001057  SysCtlUSBPLLEnable              
000010a9  SysCtlVCOGet                    
00001095  SysCtlVoltageEventClear         
00001075  SysCtlVoltageEventConfig        
00001089  SysCtlVoltageEventStatus        
00003295  SysTickDisable                  
00003289  SysTickEnable                   
000032d9  SysTickIntDisable               
000032cd  SysTickIntEnable                
00003671  SysTickIntHandler               
000032a1  SysTickIntRegister              
000032b9  SysTickIntUnregister            
000032f7  SysTickPeriodGet                
000032e5  SysTickPeriodSet                
000032ff  SysTickValueGet                 
00003679  Timer_Init                      
20000508  Transmit_PDUs_length            
2000046c  Tx_MAP                          
00003019  UART_InChar                     
0000320b  UART_InString                   
00002fa9  UART_Init                       
0000302d  UART_OutChar                    
000031ed  UART_OutString                  
2000046c  __STACK_END                     
00000200  __STACK_SIZE                    
2000046c  __STACK_TOP                     
00003d98  __TI_CINIT_Base                 
00003db0  __TI_CINIT_Limit                
00003d78  __TI_Handler_Table_Base         
00003d84  __TI_Handler_Table_Limit        
0000338d  __TI_auto_init                  
200004f0  __TI_cleanup_ptr                
000033fd  __TI_decompress_lzss            
000036ed  __TI_decompress_none            
200004f4  __TI_dtors_ptr                  
200004f8  __TI_enable_exit_profile_output 
ffffffff  __TI_pprof_out_hndl             
ffffffff  __TI_prof_data_size             
ffffffff  __TI_prof_data_start            
00000000  __TI_static_base__              
000036fb  __TI_zero_init                  
00003311  __aeabi_memclr                  
00003311  __aeabi_memclr4                 
00003311  __aeabi_memclr8                 
00003151  __aeabi_memcpy                  
00003151  __aeabi_memcpy4                 
00003151  __aeabi_memcpy8                 
00003313  __aeabi_memset                  
00003313  __aeabi_memset4                 
00003313  __aeabi_memset8                 
ffffffff  __binit__                       
ffffffff  __c_args__                      
00003287  __mpu_init                      
2000026c  __stack                         
000036c1  _args_main                      
00003465  _c_int00                        
200004fc  _lock                           
000036e7  _nop                            
000036df  _register_lock                  
000036d9  _register_unlock                
0000338b  _system_post_cinit              
00003719  _system_pre_init                
20000500  _unlock                         
000034bd  abort                           
ffffffff  binit                           
2000051c  buffer                          
0000357d  comm_receive                    
0000355d  comm_send                       
200004b0  command                         
000035a9  copy_in                         
20000524  data                            
2000050e  ecu_adresses                    
20000510  ecu_select                      
000034c5  exit                            
20000000  g_pfnRAMVectors                 
00000000  g_pfnVectors                    
000036a9  main                            
20000504  main_func_sp                    
00003151  memcpy                          
00003319  memset                          
00003649  pass_token                      
2000050b  passed_data                     
00003635  receivetoken                    
20000490  rx_objects                      
2000052c  service                         
20000530  string1                         
20000512  token_flag                      
200004c8  tx_objects                      


GLOBAL SYMBOLS: SORTED BY Symbol Address 

address   name                            
-------   ----                            
00000000  __TI_static_base__              
00000000  g_pfnVectors                    
00000200  __STACK_SIZE                    
0000032f  SysCtlSRAMSizeGet               
00000339  SysCtlFlashSizeGet              
00000365  SysCtlFlashSectorSizeGet        
0000038d  SysCtlPeripheralPresent         
000003cd  SysCtlPeripheralReady           
0000040d  SysCtlPeripheralPowerOn         
00000449  SysCtlPeripheralPowerOff        
00000485  SysCtlPeripheralReset           
0000050d  SysCtlPeripheralEnable          
00000549  SysCtlPeripheralDisable         
0000058d  SysCtlPeripheralSleepEnable     
000005d1  SysCtlPeripheralSleepDisable    
0000060d  SysCtlPeripheralDeepSleepEnable 
0000065d  SysCtlPeripheralDeepSleepDisable
000006a5  SysCtlPeripheralClockGating     
000006f9  SysCtlIntRegister               
00000711  SysCtlIntUnregister             
00000721  SysCtlIntEnable                 
00000735  SysCtlIntDisable                
0000074d  SysCtlIntClear                  
0000075d  SysCtlIntStatus                 
00000779  SysCtlLDOSleepSet               
00000789  SysCtlLDOSleepGet               
0000078f  SysCtlLDODeepSleepSet           
0000079f  SysCtlLDODeepSleepGet           
000007a5  SysCtlSleepPowerSet             
000007b9  SysCtlDeepSleepPowerSet         
000007c9  SysCtlReset                     
000007d1  SysCtlSleep                     
000007d9  SysCtlDeepSleep                 
000007f5  SysCtlResetCauseGet             
000007fb  SysCtlResetCauseClear           
0000080f  SysCtlMOSCConfigSet             
00000825  SysCtlPIOSCCalibrate            
00000875  SysCtlResetBehaviorSet          
00000885  SysCtlResetBehaviorGet          
000008d5  SysCtlClockFreqSet              
00000bcd  SysCtlClockSet                  
00000d9d  SysCtlClockGet                  
00000f49  SysCtlDeepSleepClockSet         
00000f65  SysCtlDeepSleepClockConfigSet   
00000fef  SysCtlPWMClockSet               
00001009  SysCtlPWMClockGet               
0000101f  SysCtlGPIOAHBEnable             
0000103b  SysCtlGPIOAHBDisable            
00001057  SysCtlUSBPLLEnable              
00001063  SysCtlUSBPLLDisable             
00001075  SysCtlVoltageEventConfig        
00001089  SysCtlVoltageEventStatus        
00001095  SysCtlVoltageEventClear         
000010a9  SysCtlVCOGet                    
00001169  SysCtlNMIStatus                 
00001179  SysCtlNMIClear                  
00001195  SysCtlClockOutConfig            
000011b1  SysCtlAltClkConfig              
00001257  GPIODirModeSet                  
000012b3  GPIODirModeGet                  
000012ff  GPIOIntTypeSet                  
000013a3  GPIOIntTypeGet                  
00001441  GPIOPadConfigSet                
0000167b  GPIOPadConfigGet                
000017cd  GPIOIntEnable                   
000017e7  GPIOIntDisable                  
00001801  GPIOIntStatus                   
00001823  GPIOIntClear                    
00001837  GPIOIntRegister                 
00001855  GPIOIntUnregister               
0000186f  GPIOIntRegisterPin              
0000189d  GPIOIntUnregisterPin            
000018c1  GPIOPinRead                     
000018d9  GPIOPinWrite                    
000018f9  GPIOPinTypeADC                  
0000191d  GPIOPinTypeCAN                  
00001941  GPIOPinTypeComparator           
00001965  GPIOPinTypeComparatorOutput     
00001989  GPIOPinTypeDIVSCLK              
000019ad  GPIOPinTypeEPI                  
000019d1  GPIOPinTypeEthernetLED          
000019f5  GPIOPinTypeEthernetMII          
00001a19  GPIOPinTypeGPIOInput            
00001a3d  GPIOPinTypeGPIOOutput           
00001a61  GPIOPinTypeGPIOOutputOD         
00001a85  GPIOPinTypeHibernateRTCCLK      
00001aa9  GPIOPinTypeI2C                  
00001acd  GPIOPinTypeI2CSCL               
00001af1  GPIOPinTypeLCD                  
00001b15  GPIOPinTypeOneWire              
00001b39  GPIOPinTypePWM                  
00001b5d  GPIOPinTypeQEI                  
00001b81  GPIOPinTypeSSI                  
00001ba5  GPIOPinTypeTimer                
00001bc9  GPIOPinTypeTrace                
00001bed  GPIOPinTypeUART                 
00001c11  GPIOPinTypeUSBAnalog            
00001c35  GPIOPinTypeUSBDigital           
00001c59  GPIOPinTypeWakeHigh             
00001c7f  GPIOPinTypeWakeLow              
00001ca5  GPIOPinWakeStatus               
00001cb5  GPIOPinConfigure                
00001d13  GPIODMATriggerEnable            
00001d31  GPIODMATriggerDisable           
00001d4f  GPIOADCTriggerEnable            
00001d6d  GPIOADCTriggerDisable           
00001e99  CANInit                         
00001f15  CANEnable                       
00001f29  CANDisable                      
00001f3d  CANBitTimingGet                 
00001fad  CANBitRateSet                   
00002079  CANBitTimingSet                 
00002107  CANIntRegister                  
00002125  CANIntUnregister                
0000213f  CANIntEnable                    
00002155  CANIntDisable                   
0000216b  CANIntStatus                    
000021b5  CANIntClear                     
000021ef  CANRetrySet                     
00002221  CANRetryGet                     
0000223d  CANStatusGet                    
000022c3  CANErrCntrGet                   
000022f9  CANMessageSet                   
0000258b  CANMessageGet                   
00002795  CANMessageClear                 
000027c7  IntMasterEnable                 
000027d7  IntMasterDisable                
000027e7  IntRegister                     
00002839  IntUnregister                   
0000284d  IntPriorityGroupingSet          
00002867  IntPriorityGroupingGet          
0000289f  IntPrioritySet                  
000028ef  IntPriorityGet                  
00002913  IntEnable                       
00002985  IntDisable                      
000029f7  IntIsEnabled                    
00002a7d  IntPendSet                      
00002aed  IntPendClear                    
00002b3b  IntPriorityMaskSet              
00002b47  IntPriorityMaskGet              
00002b4f  IntTrigger                      
00002b85  Diag_service                    
00002d05  Diag_response                   
00002e09  CANIntHandler                   
00002e6d  CAN_Send                        
00002eb3  CAN_Init                        
00002fa9  UART_Init                       
00003019  UART_InChar                     
0000302d  UART_OutChar                    
0000307d  ECU_CAN_Transmit                
000030f1  ECU_CAN_Receive                 
00003151  __aeabi_memcpy                  
00003151  __aeabi_memcpy4                 
00003151  __aeabi_memcpy8                 
00003151  memcpy                          
000031ed  UART_OutString                  
0000320b  UART_InString                   
00003287  __mpu_init                      
00003289  SysTickEnable                   
00003295  SysTickDisable                  
000032a1  SysTickIntRegister              
000032b9  SysTickIntUnregister            
000032cd  SysTickIntEnable                
000032d9  SysTickIntDisable               
000032e5  SysTickPeriodSet                
000032f7  SysTickPeriodGet                
000032ff  SysTickValueGet                 
00003311  __aeabi_memclr                  
00003311  __aeabi_memclr4                 
00003311  __aeabi_memclr8                 
00003313  __aeabi_memset                  
00003313  __aeabi_memset4                 
00003313  __aeabi_memset8                 
00003319  memset                          
0000338b  _system_post_cinit              
0000338d  __TI_auto_init                  
000033fd  __TI_decompress_lzss            
00003465  _c_int00                        
000034b9  C$$EXIT                         
000034bd  abort                           
000034c5  exit                            
0000350d  LED_Init                        
00003531  LED_ON                          
00003545  LED_OFF                         
0000355d  comm_send                       
0000357d  comm_receive                    
000035a9  copy_in                         
000035f5  CPUcpsid                        
00003601  CPUprimask                      
0000360b  CPUcpsie                        
00003617  CPUwfi                          
0000361b  CPUbasepriSet                   
00003629  CPUbasepriGet                   
00003635  receivetoken                    
00003649  pass_token                      
00003671  SysTickIntHandler               
00003679  Timer_Init                      
000036a9  main                            
000036c1  _args_main                      
000036d9  _register_unlock                
000036df  _register_lock                  
000036e7  _nop                            
000036ed  __TI_decompress_none            
000036fb  __TI_zero_init                  
00003707  ResetISR                        
00003713  SysCtlDelay                     
00003719  _system_pre_init                
00003d78  __TI_Handler_Table_Base         
00003d84  __TI_Handler_Table_Limit        
00003d98  __TI_CINIT_Base                 
00003db0  __TI_CINIT_Limit                
20000000  g_pfnRAMVectors                 
2000026c  __stack                         
2000046c  Tx_MAP                          
2000046c  __STACK_END                     
2000046c  __STACK_TOP                     
20000490  rx_objects                      
200004b0  command                         
200004c8  tx_objects                      
200004e0  Rx_MAP                          
200004f0  __TI_cleanup_ptr                
200004f4  __TI_dtors_ptr                  
200004f8  __TI_enable_exit_profile_output 
200004fc  _lock                           
20000500  _unlock                         
20000504  main_func_sp                    
20000508  Transmit_PDUs_length            
2000050b  passed_data                     
2000050e  ecu_adresses                    
20000510  ecu_select                      
20000512  token_flag                      
20000514  PDU_TX                          
2000051c  buffer                          
20000524  data                            
2000052c  service                         
20000530  string1                         
ffffffff  __TI_pprof_out_hndl             
ffffffff  __TI_prof_data_size             
ffffffff  __TI_prof_data_start            
ffffffff  __binit__                       
ffffffff  __c_args__                      
ffffffff  binit                           
UNDEFED   SHT$$INIT_ARRAY$$Base           
UNDEFED   SHT$$INIT_ARRAY$$Limit          

[244 symbols]
