<html>
<body>
<pre>
<h1>µVision Build Log</h1>
<h2>Project:</h2>
C:\embedded systems\source-code-for-Cortex-M3-examples-using-the Keil-MDK-simulator_shammad\source-code-for-Cortex-M3-examples-using-the Keil-MDK-Simulator\Examples\inversion\Example015.uvproj
Project File Date:  05/19/2018

<h2>Output:</h2>
Build target 'Source'
compiling inversion_main.c...
linking...
Program Size: Code=8588 RO-data=224 RW-data=72 ZI-data=4872  
".\Output\Example015.axf" - 0 Error(s), 0 Warning(s).
</pre>
</body>
</html>
ze: Code=8588 RO-data=224 RW-data=72 ZI-data=4872  
".\Output\Example015.axf" - 0 Error(s), 0 Warning(s).
