<html>
<body>
<pre>
<h1>µVision Build Log</h1>
<h2>Project:</h2>
C:\embedded systems\source-code-for-Cortex-M3-examples-using-the Keil-MDK-simulator_shammad\source-code-for-Cortex-M3-examples-using-the Keil-MDK-Simulator\Examples\priority inheritance - Copy\Example015.uvproj
Project File Date:  05/19/2018

<h2>Output:</h2>
Build target 'Source'
compiling main.c...
main.c(157): warning:  #550-D: variable "uxPriority" was set but never used
  unsigned portBASE_TYPE uxPriority;
main.c: 1 warning, 0 errors
linking...
Program Size: Code=9016 RO-data=224 RW-data=80 ZI-data=4952  
".\Output\Example015.axf" - 0 Error(s), 1 Warning(s).
</pre>
</body>
</html>
rror messages.
".\Output\Example015.axf" - 2 Error(s), 0 Warning(s).
Target not created
