******************************************************************************
                  TI ARM Linker PC v16.9.4                     
******************************************************************************
>> Linked Mon Jun 03 23:13:15 2019

OUTPUT FILE NAME:   <node2.out>
ENTRY POINT SYMBOL: "_c_int00"  address: 000038c5


MEMORY CONFIGURATION

         name            origin    length      used     unused   attr    fill
----------------------  --------  ---------  --------  --------  ----  --------
  FLASH                 00000000   00040000  0000422a  0003bdd6  R  X
  SRAM                  20000000   00008000  000005ab  00007a55  RW X


SEGMENT ALLOCATION MAP

run origin  load origin   length   init length attrs members
----------  ----------- ---------- ----------- ----- -------
00000000    00000000    00004230   00004230    r-x
  00000000    00000000    0000026c   0000026c    r-- .intvecs
  0000026c    0000026c    0000395e   0000395e    r-x .text
  00003bcc    00003bcc    000005b0   000005b0    r-- .const
  00004180    00004180    000000b0   000000b0    r-- .cinit
20000000    20000000    000005ae   00000000    rw-
  20000000    20000000    0000026c   00000000    rw- .vtable
  2000026c    2000026c    00000200   00000000    rw- .stack
  2000046c    2000046c    0000010d   00000000    rw- .data
  2000057c    2000057c    00000032   00000000    rw- .bss


SECTION ALLOCATION MAP

 output                                  attributes/
section   page    origin      length       input sections
--------  ----  ----------  ----------   ----------------
.intvecs   0    00000000    0000026c     
                  00000000    0000026c     tm4c123gh6pm_startup_ccs.obj (.intvecs)

.text      0    0000026c    0000395e     
                  0000026c    00000f88     sysctl.obj (.text)
                  000011f4    00000ba0     gpio.obj (.text)
                  00001d94    00000a30     can.obj (.text)
                  000027c4    000003c0     interrupt.obj (.text)
                  00002b84    000003a8     UART.obj (.text)
                  00002f2c    000001b6     rtsv7M4_T_le_v4SPD16_eabi.lib : fd_add_t2.obj (.text)
                  000030e2    00000002                                   : mpu_init.obj (.text)
                  000030e4    000001a0     CAN.obj (.text)
                  00003284    000000fc     rtsv7M4_T_le_v4SPD16_eabi.lib : fd_mul_t2.obj (.text)
                  00003380    000000f8     ADAS.obj (.text)
                  00003478    000000d4     CAN_TRX.obj (.text)
                  0000354c    0000009c     rtsv7M4_T_le_v4SPD16_eabi.lib : memcpy_t2.obj (.text)
                  000035e8    00000090     diagnostic.obj (.text)
                  00003678    00000088     systick.obj (.text)
                  00003700    0000007a     rtsv7M4_T_le_v4SPD16_eabi.lib : memset_t2.obj (.text)
                  0000377a    00000002                                   : startup.obj (.text)
                  0000377c    00000070                                   : autoinit.obj (.text)
                  000037ec    0000006e                                   : fd_tos_t2.obj (.text)
                  0000385a    00000068                                   : copy_decompress_lzss.obj (.text:decompress:lzss)
                  000038c2    00000002     --HOLE-- [fill = 0]
                  000038c4    00000054                                   : boot.obj (.text)
                  00003918    00000054                                   : exit.obj (.text)
                  0000396c    00000050     LED.obj (.text)
                  000039bc    0000004c     comm.obj (.text)
                  00003a08    0000004c     rtsv7M4_T_le_v4SPD16_eabi.lib : cpy_tbl.obj (.text)
                  00003a54    0000003e     cpu.obj (.text)
                  00003a92    00000002     --HOLE-- [fill = 0]
                  00003a94    0000003c     token_ring.obj (.text)
                  00003ad0    00000038     rtsv7M4_T_le_v4SPD16_eabi.lib : fs_tod_t2.obj (.text)
                  00003b08    00000034     systick_Timer .obj (.text)
                  00003b3c    00000018     Main.obj (.text)
                  00003b54    00000018     rtsv7M4_T_le_v4SPD16_eabi.lib : args_main.obj (.text)
                  00003b6c    00000014                                   : _lock.obj (.text)
                  00003b80    0000000e                                   : copy_decompress_none.obj (.text:decompress:none)
                  00003b8e    0000000e     read_distance.obj (.text)
                  00003b9c    0000000c     Dist_sensor.obj (.text)
                  00003ba8    0000000c     rtsv7M4_T_le_v4SPD16_eabi.lib : copy_zero_init.obj (.text:decompress:ZI)
                  00003bb4    0000000c     tm4c123gh6pm_startup_ccs.obj (.text)
                  00003bc0    00000006     sysctl.obj (.text:SysCtlDelay)
                  00003bc6    00000004     rtsv7M4_T_le_v4SPD16_eabi.lib : pre_init.obj (.text)

.const     0    00003bcc    000005b0     
                  00003bcc    000001b0     sysctl.obj (.const:g_pppui32XTALtoVCO)
                  00003d7c    000000d8     gpio.obj (.const:g_ppui32GPIOIntMapSnowflake)
                  00003e54    000000c0     gpio.obj (.const:g_ppui32GPIOIntMapBlizzard)
                  00003f14    0000009c     interrupt.obj (.const:g_pui32Regs)
                  00003fb0    00000090     gpio.obj (.const:g_pui32GPIOBaseAddrs)
                  00004040    0000006c     sysctl.obj (.const:g_pui32Xtals)
                  000040ac    00000030     sysctl.obj (.const:g_sXTALtoMEMTIM)
                  000040dc    00000020     interrupt.obj (.const:g_pui32Priority)
                  000040fc    00000020     can.obj (.const:g_ui16CANBitValues)
                  0000411c    00000014     interrupt.obj (.const:g_pui32Dii16Regs)
                  00004130    00000014     interrupt.obj (.const:g_pui32EnRegs)
                  00004144    00000014     interrupt.obj (.const:g_pui32PendRegs)
                  00004158    00000014     interrupt.obj (.const:g_pui32UnpendRegs)
                  0000416c    00000008     sysctl.obj (.const:g_pui32VCOFrequencies)
                  00004174    00000008     gpio.obj (.const)

.cinit     0    00004180    000000b0     
                  00004180    00000077     (.cinit..data.load) [load image, compression = lzss]
                  000041f7    00000001     --HOLE-- [fill = 0]
                  000041f8    0000000c     (__TI_handler_table)
                  00004204    00000004     --HOLE-- [fill = 0]
                  00004208    00000008     (.cinit..bss.load) [load image, compression = zero_init]
                  00004210    00000008     (.cinit..vtable.load) [load image, compression = zero_init]
                  00004218    00000018     (__TI_cinit_table)

.init_array 
*          0    00000000    00000000     UNINITIALIZED

.vtable    0    20000000    0000026c     UNINITIALIZED
                  20000000    0000026c     interrupt.obj (.vtable)

.stack     0    2000026c    00000200     UNINITIALIZED
                  2000026c    00000200     --HOLE--

.data      0    2000046c    0000010d     UNINITIALIZED
                  2000046c    00000078     STM.obj (.data:ADAS_states)
                  200004e4    00000024     CAN_TRX.obj (.data:Tx_MAP)
                  20000508    00000020     CAN.obj (.data:rx_objects)
                  20000528    00000018     CAN.obj (.data:tx_objects)
                  20000540    00000010     CAN_TRX.obj (.data:Rx_MAP)
                  20000550    0000000c     rtsv7M4_T_le_v4SPD16_eabi.lib : exit.obj (.data:$O1$$)
                  2000055c    00000008                                   : _lock.obj (.data:$O1$$)
                  20000564    00000008     ADAS.obj (.data)
                  2000056c    00000004     rtsv7M4_T_le_v4SPD16_eabi.lib : stkdepth_vars.obj (.data)
                  20000570    00000003     comm.obj (.data:Transmit_PDUs_length)
                  20000573    00000003     token_ring.obj (.data:passed_data)
                  20000576    00000002     ADAS.obj (.data:reading)
                  20000578    00000001     token_ring.obj (.data)

.bss       0    2000057c    00000032     UNINITIALIZED
                  2000057c    00000014     (.common:string)
                  20000590    00000008     (.common:PDU_TX)
                  20000598    00000008     (.common:buffer1)
                  200005a0    00000004     ADAS.obj (.bss:array$3)
                  200005a4    00000004     (.common:letter)
                  200005a8    00000004     (.common:response)
                  200005ac    00000001     ADAS.obj (.bss)
                  200005ad    00000001     (.common:data)

MODULE SUMMARY

       Module                         code    ro data   rw data
       ------                         ----    -------   -------
    .\
       tm4c123gh6pm_startup_ccs.obj   12      620       0      
       Main.obj                       24      0         0      
    +--+------------------------------+-------+---------+---------+
       Total:                         36      620       0      
                                                               
    .\ECU_AL\Distance_sensor\
       Dist_sensor.obj                12      0         0      
    +--+------------------------------+-------+---------+---------+
       Total:                         12      0         0      
                                                               
    .\ECU_AL\ECU_CAN\
       CAN_TRX.obj                    212     0         52     
    +--+------------------------------+-------+---------+---------+
       Total:                         212     0         52     
                                                               
    .\MCAL\CAN\
       CAN.obj                        416     0         64     
    +--+------------------------------+-------+---------+---------+
       Total:                         416     0         64     
                                                               
    .\MCAL\DIO\
       LED.obj                        80      0         0      
    +--+------------------------------+-------+---------+---------+
       Total:                         80      0         0      
                                                               
    .\MCAL\UARTs\
       UART.obj                       936     0         25     
    +--+------------------------------+-------+---------+---------+
       Total:                         936     0         25     
                                                               
    .\MCAL\systick_timer\
       systick_Timer .obj             52      0         0      
    +--+------------------------------+-------+---------+---------+
       Total:                         52      0         0      
                                                               
    .\Servicelayer\Distance_read\
       read_distance.obj              14      0         0      
    +--+------------------------------+-------+---------+---------+
       Total:                         14      0         0      
                                                               
    .\Servicelayer\comm\
       comm.obj                       76      0         11     
    +--+------------------------------+-------+---------+---------+
       Total:                         76      0         11     
                                                               
    .\Servicelayer\diagnostic_manager\
       diagnostic.obj                 144     0         4      
    +--+------------------------------+-------+---------+---------+
       Total:                         144     0         4      
                                                               
    .\application\ADAS\
       ADAS.obj                       248     0         15     
    +--+------------------------------+-------+---------+---------+
       Total:                         248     0         15     
                                                               
    .\application\STM\
       STM.obj                        0       0         120    
    +--+------------------------------+-------+---------+---------+
       Total:                         0       0         120    
                                                               
    .\application\token_ring\
       token_ring.obj                 60      0         4      
    +--+------------------------------+-------+---------+---------+
       Total:                         60      0         4      
                                                               
    .\driverlib\
       sysctl.obj                     3982    596       0      
       gpio.obj                       2976    560       0      
       can.obj                        2608    32        0      
       interrupt.obj                  960     268       620    
       systick.obj                    136     0         0      
       cpu.obj                        62      0         0      
    +--+------------------------------+-------+---------+---------+
       Total:                         10724   1456      620    
                                                               
    C:\ti\ccsv7\tools\compiler\ti-cgt-arm_16.9.4.LTS\lib\rtsv7M4_T_le_v4SPD16_eabi.lib
       fd_add_t2.obj                  438     0         0      
       fd_mul_t2.obj                  252     0         0      
       memcpy_t2.obj                  156     0         0      
       memset_t2.obj                  122     0         0      
       autoinit.obj                   112     0         0      
       fd_tos_t2.obj                  110     0         0      
       copy_decompress_lzss.obj       104     0         0      
       exit.obj                       84      0         12     
       boot.obj                       84      0         0      
       cpy_tbl.obj                    76      0         0      
       fs_tod_t2.obj                  56      0         0      
       _lock.obj                      20      0         8      
       args_main.obj                  24      0         0      
       copy_decompress_none.obj       14      0         0      
       copy_zero_init.obj             12      0         0      
       pre_init.obj                   4       0         0      
       stkdepth_vars.obj              0       0         4      
       mpu_init.obj                   2       0         0      
       startup.obj                    2       0         0      
    +--+------------------------------+-------+---------+---------+
       Total:                         1672    0         24     
                                                               
       Stack:                         0       0         512    
       Linker Generated:              0       171       0      
    +--+------------------------------+-------+---------+---------+
       Grand Total:                   14682   2247      1451   


LINKER GENERATED COPY TABLES

__TI_cinit_table @ 00004218 records: 3, size/record: 8, table size: 24
	.data: load addr=00004180, load size=00000077 bytes, run addr=2000046c, run size=0000010d bytes, compression=lzss
	.bss: load addr=00004208, load size=00000008 bytes, run addr=2000057c, run size=00000032 bytes, compression=zero_init
	.vtable: load addr=00004210, load size=00000008 bytes, run addr=20000000, run size=0000026c bytes, compression=zero_init


LINKER GENERATED HANDLER TABLE

__TI_handler_table @ 000041f8 records: 3, size/record: 4, table size: 12
	index: 0, handler: __TI_zero_init
	index: 1, handler: __TI_decompress_lzss
	index: 2, handler: __TI_decompress_none


GLOBAL SYMBOLS: SORTED ALPHABETICALLY BY Name 

address   name                            
-------   ----                            
2000046c  ADAS_states                     
00003919  C$$EXIT                         
00001fad  CANBitRateSet                   
00001f3d  CANBitTimingGet                 
00002079  CANBitTimingSet                 
00001f29  CANDisable                      
00001f15  CANEnable                       
000022c3  CANErrCntrGet                   
00001e99  CANInit                         
000021b5  CANIntClear                     
00002155  CANIntDisable                   
0000213f  CANIntEnable                    
000030e5  CANIntHandler                   
00002107  CANIntRegister                  
0000216b  CANIntStatus                    
00002125  CANIntUnregister                
00002795  CANMessageClear                 
0000258b  CANMessageGet                   
000022f9  CANMessageSet                   
00002221  CANRetryGet                     
000021ef  CANRetrySet                     
0000223d  CANStatusGet                    
0000318f  CAN_Init                        
00003149  CAN_Send                        
00003a89  CPUbasepriGet                   
00003a7b  CPUbasepriSet                   
00003a55  CPUcpsid                        
00003a6b  CPUcpsie                        
00003a61  CPUprimask                      
00003a77  CPUwfi                          
000035e9  Diag_service                    
00003b9d  Dist_sensor_reading             
000034ed  ECU_CAN_Receive                 
00003479  ECU_CAN_Transmit                
00001d6d  GPIOADCTriggerDisable           
00001d4f  GPIOADCTriggerEnable            
00001d31  GPIODMATriggerDisable           
00001d13  GPIODMATriggerEnable            
000012b3  GPIODirModeGet                  
00001257  GPIODirModeSet                  
00001823  GPIOIntClear                    
000017e7  GPIOIntDisable                  
000017cd  GPIOIntEnable                   
00001837  GPIOIntRegister                 
0000186f  GPIOIntRegisterPin              
00001801  GPIOIntStatus                   
000013a3  GPIOIntTypeGet                  
000012ff  GPIOIntTypeSet                  
00001855  GPIOIntUnregister               
0000189d  GPIOIntUnregisterPin            
0000167b  GPIOPadConfigGet                
00001441  GPIOPadConfigSet                
00001cb5  GPIOPinConfigure                
000018c1  GPIOPinRead                     
000018f9  GPIOPinTypeADC                  
0000191d  GPIOPinTypeCAN                  
00001941  GPIOPinTypeComparator           
00001965  GPIOPinTypeComparatorOutput     
00001989  GPIOPinTypeDIVSCLK              
000019ad  GPIOPinTypeEPI                  
000019d1  GPIOPinTypeEthernetLED          
000019f5  GPIOPinTypeEthernetMII          
00001a19  GPIOPinTypeGPIOInput            
00001a3d  GPIOPinTypeGPIOOutput           
00001a61  GPIOPinTypeGPIOOutputOD         
00001a85  GPIOPinTypeHibernateRTCCLK      
00001aa9  GPIOPinTypeI2C                  
00001acd  GPIOPinTypeI2CSCL               
00001af1  GPIOPinTypeLCD                  
00001b15  GPIOPinTypeOneWire              
00001b39  GPIOPinTypePWM                  
00001b5d  GPIOPinTypeQEI                  
00001b81  GPIOPinTypeSSI                  
00001ba5  GPIOPinTypeTimer                
00001bc9  GPIOPinTypeTrace                
00001bed  GPIOPinTypeUART                 
00001c11  GPIOPinTypeUSBAnalog            
00001c35  GPIOPinTypeUSBDigital           
00001c59  GPIOPinTypeWakeHigh             
00001c7f  GPIOPinTypeWakeLow              
00001ca5  GPIOPinWakeStatus               
000018d9  GPIOPinWrite                    
00002985  IntDisable                      
00002913  IntEnable                       
000029f7  IntIsEnabled                    
000027d7  IntMasterDisable                
000027c7  IntMasterEnable                 
00002aed  IntPendClear                    
00002a7d  IntPendSet                      
000028ef  IntPriorityGet                  
00002867  IntPriorityGroupingGet          
0000284d  IntPriorityGroupingSet          
00002b47  IntPriorityMaskGet              
00002b3b  IntPriorityMaskSet              
0000289f  IntPrioritySet                  
000027e7  IntRegister                     
00002b4f  IntTrigger                      
00002839  IntUnregister                   
0000396d  LED_Init                        
000039a5  LED_OFF                         
00003991  LED_ON                          
20000590  PDU_TX                          
00003bb5  ResetISR                        
20000540  Rx_MAP                          
UNDEFED   SHT$$INIT_ARRAY$$Base           
UNDEFED   SHT$$INIT_ARRAY$$Limit          
000011b1  SysCtlAltClkConfig              
000008d5  SysCtlClockFreqSet              
00000d9d  SysCtlClockGet                  
00001195  SysCtlClockOutConfig            
00000bcd  SysCtlClockSet                  
000007d9  SysCtlDeepSleep                 
00000f65  SysCtlDeepSleepClockConfigSet   
00000f49  SysCtlDeepSleepClockSet         
000007b9  SysCtlDeepSleepPowerSet         
00003bc1  SysCtlDelay                     
00000365  SysCtlFlashSectorSizeGet        
00000339  SysCtlFlashSizeGet              
0000103b  SysCtlGPIOAHBDisable            
0000101f  SysCtlGPIOAHBEnable             
0000074d  SysCtlIntClear                  
00000735  SysCtlIntDisable                
00000721  SysCtlIntEnable                 
000006f9  SysCtlIntRegister               
0000075d  SysCtlIntStatus                 
00000711  SysCtlIntUnregister             
0000079f  SysCtlLDODeepSleepGet           
0000078f  SysCtlLDODeepSleepSet           
00000789  SysCtlLDOSleepGet               
00000779  SysCtlLDOSleepSet               
0000080f  SysCtlMOSCConfigSet             
00001179  SysCtlNMIClear                  
00001169  SysCtlNMIStatus                 
00000825  SysCtlPIOSCCalibrate            
00001009  SysCtlPWMClockGet               
00000fef  SysCtlPWMClockSet               
000006a5  SysCtlPeripheralClockGating     
0000065d  SysCtlPeripheralDeepSleepDisable
0000060d  SysCtlPeripheralDeepSleepEnable 
00000549  SysCtlPeripheralDisable         
0000050d  SysCtlPeripheralEnable          
00000449  SysCtlPeripheralPowerOff        
0000040d  SysCtlPeripheralPowerOn         
0000038d  SysCtlPeripheralPresent         
000003cd  SysCtlPeripheralReady           
00000485  SysCtlPeripheralReset           
000005d1  SysCtlPeripheralSleepDisable    
0000058d  SysCtlPeripheralSleepEnable     
000007c9  SysCtlReset                     
00000885  SysCtlResetBehaviorGet          
00000875  SysCtlResetBehaviorSet          
000007fb  SysCtlResetCauseClear           
000007f5  SysCtlResetCauseGet             
0000032f  SysCtlSRAMSizeGet               
000007d1  SysCtlSleep                     
000007a5  SysCtlSleepPowerSet             
00001063  SysCtlUSBPLLDisable             
00001057  SysCtlUSBPLLEnable              
000010a9  SysCtlVCOGet                    
00001095  SysCtlVoltageEventClear         
00001075  SysCtlVoltageEventConfig        
00001089  SysCtlVoltageEventStatus        
00003685  SysTickDisable                  
00003679  SysTickEnable                   
000036c9  SysTickIntDisable               
000036bd  SysTickIntEnable                
00003b09  SysTickIntHandler               
00003691  SysTickIntRegister              
000036a9  SysTickIntUnregister            
000036e7  SysTickPeriodGet                
000036d5  SysTickPeriodSet                
000036ef  SysTickValueGet                 
00003b11  Timer_Init                      
20000570  Transmit_PDUs_length            
200004e4  Tx_MAP                          
00002bf5  UART_InChar                     
00002e05  UART_InString                   
00002c43  UART_InUDec                     
00002cf7  UART_InUHex                     
00002b85  UART_Init                       
00002c09  UART_OutChar                    
00002c25  UART_OutString                  
00002cc7  UART_OutUDec                    
00002dbb  UART_OutUHex                    
00002ea9  UART_POLLING                    
2000046c  __STACK_END                     
00000200  __STACK_SIZE                    
2000046c  __STACK_TOP                     
00004218  __TI_CINIT_Base                 
00004230  __TI_CINIT_Limit                
000041f8  __TI_Handler_Table_Base         
00004204  __TI_Handler_Table_Limit        
0000377d  __TI_auto_init                  
20000550  __TI_cleanup_ptr                
0000385b  __TI_decompress_lzss            
00003b81  __TI_decompress_none            
20000554  __TI_dtors_ptr                  
20000558  __TI_enable_exit_profile_output 
ffffffff  __TI_pprof_out_hndl             
ffffffff  __TI_prof_data_size             
ffffffff  __TI_prof_data_start            
00000000  __TI_static_base__              
00003ba9  __TI_zero_init                  
000037ed  __aeabi_d2f                     
00002f37  __aeabi_dadd                    
00003285  __aeabi_dmul                    
00002f2d  __aeabi_dsub                    
00003ad1  __aeabi_f2d                     
00003701  __aeabi_memclr                  
00003701  __aeabi_memclr4                 
00003701  __aeabi_memclr8                 
0000354d  __aeabi_memcpy                  
0000354d  __aeabi_memcpy4                 
0000354d  __aeabi_memcpy8                 
00003703  __aeabi_memset                  
00003703  __aeabi_memset4                 
00003703  __aeabi_memset8                 
ffffffff  __binit__                       
ffffffff  __c_args__                      
000030e3  __mpu_init                      
2000026c  __stack                         
00003b55  _args_main                      
000038c5  _c_int00                        
2000055c  _lock                           
00003b7b  _nop                            
00003b73  _register_lock                  
00003b6d  _register_unlock                
0000377b  _system_post_cinit              
00003bc7  _system_pre_init                
20000560  _unlock                         
0000391d  abort                           
00003381  app_exec                        
ffffffff  binit                           
20000598  buffer1                         
000039dd  comm_receive                    
000039bd  comm_send                       
00003a09  copy_in                         
200005ad  data                            
20000564  error                           
00003925  exit                            
20000000  g_pfnRAMVectors                 
00000000  g_pfnVectors                    
200005a4  letter                          
00003b3d  main                            
2000056c  main_func_sp                    
0000354d  memcpy                          
00003709  memset                          
00003aa9  pass_token                      
20000573  passed_data                     
00003b8f  read_distance                   
20000576  reading                         
00003a95  receivetoken                    
200005a8  response                        
20000508  rx_objects                      
2000057c  string                          
20000578  token_flag                      
20000528  tx_objects                      


GLOBAL SYMBOLS: SORTED BY Symbol Address 

address   name                            
-------   ----                            
00000000  __TI_static_base__              
00000000  g_pfnVectors                    
00000200  __STACK_SIZE                    
0000032f  SysCtlSRAMSizeGet               
00000339  SysCtlFlashSizeGet              
00000365  SysCtlFlashSectorSizeGet        
0000038d  SysCtlPeripheralPresent         
000003cd  SysCtlPeripheralReady           
0000040d  SysCtlPeripheralPowerOn         
00000449  SysCtlPeripheralPowerOff        
00000485  SysCtlPeripheralReset           
0000050d  SysCtlPeripheralEnable          
00000549  SysCtlPeripheralDisable         
0000058d  SysCtlPeripheralSleepEnable     
000005d1  SysCtlPeripheralSleepDisable    
0000060d  SysCtlPeripheralDeepSleepEnable 
0000065d  SysCtlPeripheralDeepSleepDisable
000006a5  SysCtlPeripheralClockGating     
000006f9  SysCtlIntRegister               
00000711  SysCtlIntUnregister             
00000721  SysCtlIntEnable                 
00000735  SysCtlIntDisable                
0000074d  SysCtlIntClear                  
0000075d  SysCtlIntStatus                 
00000779  SysCtlLDOSleepSet               
00000789  SysCtlLDOSleepGet               
0000078f  SysCtlLDODeepSleepSet           
0000079f  SysCtlLDODeepSleepGet           
000007a5  SysCtlSleepPowerSet             
000007b9  SysCtlDeepSleepPowerSet         
000007c9  SysCtlReset                     
000007d1  SysCtlSleep                     
000007d9  SysCtlDeepSleep                 
000007f5  SysCtlResetCauseGet             
000007fb  SysCtlResetCauseClear           
0000080f  SysCtlMOSCConfigSet             
00000825  SysCtlPIOSCCalibrate            
00000875  SysCtlResetBehaviorSet          
00000885  SysCtlResetBehaviorGet          
000008d5  SysCtlClockFreqSet              
00000bcd  SysCtlClockSet                  
00000d9d  SysCtlClockGet                  
00000f49  SysCtlDeepSleepClockSet         
00000f65  SysCtlDeepSleepClockConfigSet   
00000fef  SysCtlPWMClockSet               
00001009  SysCtlPWMClockGet               
0000101f  SysCtlGPIOAHBEnable             
0000103b  SysCtlGPIOAHBDisable            
00001057  SysCtlUSBPLLEnable              
00001063  SysCtlUSBPLLDisable             
00001075  SysCtlVoltageEventConfig        
00001089  SysCtlVoltageEventStatus        
00001095  SysCtlVoltageEventClear         
000010a9  SysCtlVCOGet                    
00001169  SysCtlNMIStatus                 
00001179  SysCtlNMIClear                  
00001195  SysCtlClockOutConfig            
000011b1  SysCtlAltClkConfig              
00001257  GPIODirModeSet                  
000012b3  GPIODirModeGet                  
000012ff  GPIOIntTypeSet                  
000013a3  GPIOIntTypeGet                  
00001441  GPIOPadConfigSet                
0000167b  GPIOPadConfigGet                
000017cd  GPIOIntEnable                   
000017e7  GPIOIntDisable                  
00001801  GPIOIntStatus                   
00001823  GPIOIntClear                    
00001837  GPIOIntRegister                 
00001855  GPIOIntUnregister               
0000186f  GPIOIntRegisterPin              
0000189d  GPIOIntUnregisterPin            
000018c1  GPIOPinRead                     
000018d9  GPIOPinWrite                    
000018f9  GPIOPinTypeADC                  
0000191d  GPIOPinTypeCAN                  
00001941  GPIOPinTypeComparator           
00001965  GPIOPinTypeComparatorOutput     
00001989  GPIOPinTypeDIVSCLK              
000019ad  GPIOPinTypeEPI                  
000019d1  GPIOPinTypeEthernetLED          
000019f5  GPIOPinTypeEthernetMII          
00001a19  GPIOPinTypeGPIOInput            
00001a3d  GPIOPinTypeGPIOOutput           
00001a61  GPIOPinTypeGPIOOutputOD         
00001a85  GPIOPinTypeHibernateRTCCLK      
00001aa9  GPIOPinTypeI2C                  
00001acd  GPIOPinTypeI2CSCL               
00001af1  GPIOPinTypeLCD                  
00001b15  GPIOPinTypeOneWire              
00001b39  GPIOPinTypePWM                  
00001b5d  GPIOPinTypeQEI                  
00001b81  GPIOPinTypeSSI                  
00001ba5  GPIOPinTypeTimer                
00001bc9  GPIOPinTypeTrace                
00001bed  GPIOPinTypeUART                 
00001c11  GPIOPinTypeUSBAnalog            
00001c35  GPIOPinTypeUSBDigital           
00001c59  GPIOPinTypeWakeHigh             
00001c7f  GPIOPinTypeWakeLow              
00001ca5  GPIOPinWakeStatus               
00001cb5  GPIOPinConfigure                
00001d13  GPIODMATriggerEnable            
00001d31  GPIODMATriggerDisable           
00001d4f  GPIOADCTriggerEnable            
00001d6d  GPIOADCTriggerDisable           
00001e99  CANInit                         
00001f15  CANEnable                       
00001f29  CANDisable                      
00001f3d  CANBitTimingGet                 
00001fad  CANBitRateSet                   
00002079  CANBitTimingSet                 
00002107  CANIntRegister                  
00002125  CANIntUnregister                
0000213f  CANIntEnable                    
00002155  CANIntDisable                   
0000216b  CANIntStatus                    
000021b5  CANIntClear                     
000021ef  CANRetrySet                     
00002221  CANRetryGet                     
0000223d  CANStatusGet                    
000022c3  CANErrCntrGet                   
000022f9  CANMessageSet                   
0000258b  CANMessageGet                   
00002795  CANMessageClear                 
000027c7  IntMasterEnable                 
000027d7  IntMasterDisable                
000027e7  IntRegister                     
00002839  IntUnregister                   
0000284d  IntPriorityGroupingSet          
00002867  IntPriorityGroupingGet          
0000289f  IntPrioritySet                  
000028ef  IntPriorityGet                  
00002913  IntEnable                       
00002985  IntDisable                      
000029f7  IntIsEnabled                    
00002a7d  IntPendSet                      
00002aed  IntPendClear                    
00002b3b  IntPriorityMaskSet              
00002b47  IntPriorityMaskGet              
00002b4f  IntTrigger                      
00002b85  UART_Init                       
00002bf5  UART_InChar                     
00002c09  UART_OutChar                    
00002c25  UART_OutString                  
00002c43  UART_InUDec                     
00002cc7  UART_OutUDec                    
00002cf7  UART_InUHex                     
00002dbb  UART_OutUHex                    
00002e05  UART_InString                   
00002ea9  UART_POLLING                    
00002f2d  __aeabi_dsub                    
00002f37  __aeabi_dadd                    
000030e3  __mpu_init                      
000030e5  CANIntHandler                   
00003149  CAN_Send                        
0000318f  CAN_Init                        
00003285  __aeabi_dmul                    
00003381  app_exec                        
00003479  ECU_CAN_Transmit                
000034ed  ECU_CAN_Receive                 
0000354d  __aeabi_memcpy                  
0000354d  __aeabi_memcpy4                 
0000354d  __aeabi_memcpy8                 
0000354d  memcpy                          
000035e9  Diag_service                    
00003679  SysTickEnable                   
00003685  SysTickDisable                  
00003691  SysTickIntRegister              
000036a9  SysTickIntUnregister            
000036bd  SysTickIntEnable                
000036c9  SysTickIntDisable               
000036d5  SysTickPeriodSet                
000036e7  SysTickPeriodGet                
000036ef  SysTickValueGet                 
00003701  __aeabi_memclr                  
00003701  __aeabi_memclr4                 
00003701  __aeabi_memclr8                 
00003703  __aeabi_memset                  
00003703  __aeabi_memset4                 
00003703  __aeabi_memset8                 
00003709  memset                          
0000377b  _system_post_cinit              
0000377d  __TI_auto_init                  
000037ed  __aeabi_d2f                     
0000385b  __TI_decompress_lzss            
000038c5  _c_int00                        
00003919  C$$EXIT                         
0000391d  abort                           
00003925  exit                            
0000396d  LED_Init                        
00003991  LED_ON                          
000039a5  LED_OFF                         
000039bd  comm_send                       
000039dd  comm_receive                    
00003a09  copy_in                         
00003a55  CPUcpsid                        
00003a61  CPUprimask                      
00003a6b  CPUcpsie                        
00003a77  CPUwfi                          
00003a7b  CPUbasepriSet                   
00003a89  CPUbasepriGet                   
00003a95  receivetoken                    
00003aa9  pass_token                      
00003ad1  __aeabi_f2d                     
00003b09  SysTickIntHandler               
00003b11  Timer_Init                      
00003b3d  main                            
00003b55  _args_main                      
00003b6d  _register_unlock                
00003b73  _register_lock                  
00003b7b  _nop                            
00003b81  __TI_decompress_none            
00003b8f  read_distance                   
00003b9d  Dist_sensor_reading             
00003ba9  __TI_zero_init                  
00003bb5  ResetISR                        
00003bc1  SysCtlDelay                     
00003bc7  _system_pre_init                
000041f8  __TI_Handler_Table_Base         
00004204  __TI_Handler_Table_Limit        
00004218  __TI_CINIT_Base                 
00004230  __TI_CINIT_Limit                
20000000  g_pfnRAMVectors                 
2000026c  __stack                         
2000046c  ADAS_states                     
2000046c  __STACK_END                     
2000046c  __STACK_TOP                     
200004e4  Tx_MAP                          
20000508  rx_objects                      
20000528  tx_objects                      
20000540  Rx_MAP                          
20000550  __TI_cleanup_ptr                
20000554  __TI_dtors_ptr                  
20000558  __TI_enable_exit_profile_output 
2000055c  _lock                           
20000560  _unlock                         
20000564  error                           
2000056c  main_func_sp                    
20000570  Transmit_PDUs_length            
20000573  passed_data                     
20000576  reading                         
20000578  token_flag                      
2000057c  string                          
20000590  PDU_TX                          
20000598  buffer1                         
200005a4  letter                          
200005a8  response                        
200005ad  data                            
ffffffff  __TI_pprof_out_hndl             
ffffffff  __TI_prof_data_size             
ffffffff  __TI_prof_data_start            
ffffffff  __binit__                       
ffffffff  __c_args__                      
ffffffff  binit                           
UNDEFED   SHT$$INIT_ARRAY$$Base           
UNDEFED   SHT$$INIT_ARRAY$$Limit          

[257 symbols]
