******************************************************************************
                  TI ARM Linker PC v16.9.4                     
******************************************************************************
>> Linked Thu Jul 11 02:53:31 2019

OUTPUT FILE NAME:   <gptm.out>
ENTRY POINT SYMBOL: "_c_int00"  address: 0000088d


MEMORY CONFIGURATION

         name            origin    length      used     unused   attr    fill
----------------------  --------  ---------  --------  --------  ----  --------
  FLASH                 00000000   00040000  00000a72  0003f58e  R  X
  SRAM                  20000000   00008000  00000218  00007de8  RW X


SEGMENT ALLOCATION MAP

run origin  load origin   length   init length attrs members
----------  ----------- ---------- ----------- ----- -------
00000000    00000000    00000a74   00000a74    r-x
  00000000    00000000    0000026c   0000026c    r-- .intvecs
  0000026c    0000026c    000007e2   000007e2    r-x .text
  00000a50    00000a50    00000024   00000024    r-- .cinit
20000000    20000000    00000218   00000000    rw-
  20000000    20000000    00000200   00000000    rw- .stack
  20000200    20000200    00000018   00000000    rw- .data


SECTION ALLOCATION MAP

 output                                  attributes/
section   page    origin      length       input sections
--------  ----  ----------  ----------   ----------------
.intvecs   0    00000000    0000026c     
                  00000000    0000026c     tm4c123gh6pm_startup_ccs.obj (.intvecs)

.text      0    0000026c    000007e2     
                  0000026c    00000208     init.obj (.text)
                  00000474    00000136     rtsv7M4_T_le_v4SPD16_eabi.lib : fd_div_t2.obj (.text)
                  000005aa    000000fc                                   : fd_mul_t2.obj (.text)
                  000006a6    0000009c                                   : memcpy_t2.obj (.text)
                  00000742    00000002                                   : mpu_init.obj (.text)
                  00000744    00000070                                   : autoinit.obj (.text)
                  000007b4    0000006e                                   : fd_tos_t2.obj (.text)
                  00000822    00000068                                   : copy_decompress_lzss.obj (.text:decompress:lzss)
                  0000088a    00000002                                   : startup.obj (.text)
                  0000088c    00000054                                   : boot.obj (.text)
                  000008e0    00000054                                   : exit.obj (.text)
                  00000934    0000004c                                   : cpy_tbl.obj (.text)
                  00000980    00000038                                   : fs_tod_t2.obj (.text)
                  000009b8    0000002e                                   : i_tofd_t2.obj (.text)
                  000009e6    0000001c     main.obj (.text)
                  00000a02    00000002     --HOLE-- [fill = 0]
                  00000a04    00000018     rtsv7M4_T_le_v4SPD16_eabi.lib : args_main.obj (.text)
                  00000a1c    00000014                                   : _lock.obj (.text)
                  00000a30    0000000e                                   : copy_decompress_none.obj (.text:decompress:none)
                  00000a3e    0000000c     tm4c123gh6pm_startup_ccs.obj (.text)
                  00000a4a    00000004     rtsv7M4_T_le_v4SPD16_eabi.lib : pre_init.obj (.text)

.cinit     0    00000a50    00000024     
                  00000a50    00000011     (.cinit..data.load) [load image, compression = lzss]
                  00000a61    00000003     --HOLE-- [fill = 0]
                  00000a64    00000008     (__TI_handler_table)
                  00000a6c    00000008     (__TI_cinit_table)

.init_array 
*          0    00000000    00000000     UNINITIALIZED

.stack     0    20000000    00000200     UNINITIALIZED
                  20000000    00000200     --HOLE--

.data      0    20000200    00000018     UNINITIALIZED
                  20000200    0000000c     rtsv7M4_T_le_v4SPD16_eabi.lib : exit.obj (.data:$O1$$)
                  2000020c    00000008                                   : _lock.obj (.data:$O1$$)
                  20000214    00000004                                   : stkdepth_vars.obj (.data)

MODULE SUMMARY

       Module                         code   ro data   rw data
       ------                         ----   -------   -------
    .\
       tm4c123gh6pm_startup_ccs.obj   12     620       0      
       init.obj                       520    0         0      
       main.obj                       28     0         0      
    +--+------------------------------+------+---------+---------+
       Total:                         560    620       0      
                                                              
    C:\ti\ccsv7\tools\compiler\ti-cgt-arm_16.9.4.LTS\lib\rtsv7M4_T_le_v4SPD16_eabi.lib
       fd_div_t2.obj                  310    0         0      
       fd_mul_t2.obj                  252    0         0      
       memcpy_t2.obj                  156    0         0      
       autoinit.obj                   112    0         0      
       fd_tos_t2.obj                  110    0         0      
       copy_decompress_lzss.obj       104    0         0      
       exit.obj                       84     0         12     
       boot.obj                       84     0         0      
       cpy_tbl.obj                    76     0         0      
       fs_tod_t2.obj                  56     0         0      
       i_tofd_t2.obj                  46     0         0      
       _lock.obj                      20     0         8      
       args_main.obj                  24     0         0      
       copy_decompress_none.obj       14     0         0      
       pre_init.obj                   4      0         0      
       stkdepth_vars.obj              0      0         4      
       mpu_init.obj                   2      0         0      
       startup.obj                    2      0         0      
    +--+------------------------------+------+---------+---------+
       Total:                         1456   0         24     
                                                              
       Stack:                         0      0         512    
       Linker Generated:              0      33        0      
    +--+------------------------------+------+---------+---------+
       Grand Total:                   2016   653       536    


LINKER GENERATED COPY TABLES

__TI_cinit_table @ 00000a6c records: 1, size/record: 8, table size: 8
	.data: load addr=00000a50, load size=00000011 bytes, run addr=20000200, run size=00000018 bytes, compression=lzss


LINKER GENERATED HANDLER TABLE

__TI_handler_table @ 00000a64 records: 2, size/record: 4, table size: 8
	index: 0, handler: __TI_decompress_lzss
	index: 1, handler: __TI_decompress_none


GLOBAL SYMBOLS: SORTED ALPHABETICALLY BY Name 

address   name                           
-------   ----                           
000008e1  C$$EXIT                        
00000a3f  ResetISR                       
UNDEFED   SHT$$INIT_ARRAY$$Base          
UNDEFED   SHT$$INIT_ARRAY$$Limit         
20000200  __STACK_END                    
00000200  __STACK_SIZE                   
20000200  __STACK_TOP                    
00000a6c  __TI_CINIT_Base                
00000a74  __TI_CINIT_Limit               
00000a64  __TI_Handler_Table_Base        
00000a6c  __TI_Handler_Table_Limit       
00000745  __TI_auto_init                 
20000200  __TI_cleanup_ptr               
00000823  __TI_decompress_lzss           
00000a31  __TI_decompress_none           
20000204  __TI_dtors_ptr                 
20000208  __TI_enable_exit_profile_output
ffffffff  __TI_pprof_out_hndl            
ffffffff  __TI_prof_data_size            
ffffffff  __TI_prof_data_start           
00000000  __TI_static_base__             
000007b5  __aeabi_d2f                    
00000475  __aeabi_ddiv                   
000005ab  __aeabi_dmul                   
00000981  __aeabi_f2d                    
000009b9  __aeabi_i2d                    
000006a7  __aeabi_memcpy                 
000006a7  __aeabi_memcpy4                
000006a7  __aeabi_memcpy8                
ffffffff  __binit__                      
ffffffff  __c_args__                     
00000743  __mpu_init                     
20000000  __stack                        
00000a05  _args_main                     
0000088d  _c_int00                       
2000020c  _lock                          
00000a2b  _nop                           
00000a23  _register_lock                 
00000a1d  _register_unlock               
0000088b  _system_post_cinit             
00000a4b  _system_pre_init               
20000210  _unlock                        
000008e5  abort                          
ffffffff  binit                          
0000031b  calc_frequency                 
00000935  copy_in                        
000008ed  exit                           
00000000  g_pfnVectors                   
0000029f  gptm0_init                     
000003a1  gptm1_init                     
000009e7  main                           
20000214  main_func_sp                   
000006a7  memcpy                         
000003d3  portA_init                     
0000026d  portb_init                     
000002d5  power                          
000003f3  sqr_wave                       


GLOBAL SYMBOLS: SORTED BY Symbol Address 

address   name                           
-------   ----                           
00000000  __TI_static_base__             
00000000  g_pfnVectors                   
00000200  __STACK_SIZE                   
0000026d  portb_init                     
0000029f  gptm0_init                     
000002d5  power                          
0000031b  calc_frequency                 
000003a1  gptm1_init                     
000003d3  portA_init                     
000003f3  sqr_wave                       
00000475  __aeabi_ddiv                   
000005ab  __aeabi_dmul                   
000006a7  __aeabi_memcpy                 
000006a7  __aeabi_memcpy4                
000006a7  __aeabi_memcpy8                
000006a7  memcpy                         
00000743  __mpu_init                     
00000745  __TI_auto_init                 
000007b5  __aeabi_d2f                    
00000823  __TI_decompress_lzss           
0000088b  _system_post_cinit             
0000088d  _c_int00                       
000008e1  C$$EXIT                        
000008e5  abort                          
000008ed  exit                           
00000935  copy_in                        
00000981  __aeabi_f2d                    
000009b9  __aeabi_i2d                    
000009e7  main                           
00000a05  _args_main                     
00000a1d  _register_unlock               
00000a23  _register_lock                 
00000a2b  _nop                           
00000a31  __TI_decompress_none           
00000a3f  ResetISR                       
00000a4b  _system_pre_init               
00000a64  __TI_Handler_Table_Base        
00000a6c  __TI_CINIT_Base                
00000a6c  __TI_Handler_Table_Limit       
00000a74  __TI_CINIT_Limit               
20000000  __stack                        
20000200  __STACK_END                    
20000200  __STACK_TOP                    
20000200  __TI_cleanup_ptr               
20000204  __TI_dtors_ptr                 
20000208  __TI_enable_exit_profile_output
2000020c  _lock                          
20000210  _unlock                        
20000214  main_func_sp                   
ffffffff  __TI_pprof_out_hndl            
ffffffff  __TI_prof_data_size            
ffffffff  __TI_prof_data_start           
ffffffff  __binit__                      
ffffffff  __c_args__                     
ffffffff  binit                          
UNDEFED   SHT$$INIT_ARRAY$$Base          
UNDEFED   SHT$$INIT_ARRAY$$Limit         

[57 symbols]
