******************************************************************************
                  TI ARM Linker PC v16.9.4                     
******************************************************************************
>> Linked Wed Mar 27 20:35:40 2019

OUTPUT FILE NAME:   <ecu1_____.out>
ENTRY POINT SYMBOL: "_c_int00"  address: 00003035


MEMORY CONFIGURATION

         name            origin    length      used     unused   attr    fill
----------------------  --------  ---------  --------  --------  ----  --------
  FLASH                 00000000   00040000  00003804  0003c7fc  R  X
  SRAM                  20000000   00008000  000004c4  00007b3c  RW X


SEGMENT ALLOCATION MAP

run origin  load origin   length   init length attrs members
----------  ----------- ---------- ----------- ----- -------
00000000    00000000    00003808   00003808    r-x
  00000000    00000000    0000026c   0000026c    r-- .intvecs
  0000026c    0000026c    00002f98   00002f98    r-x .text
  00003204    00003204    000005b0   000005b0    r-- .const
  000037b8    000037b8    00000050   00000050    r-- .cinit
20000000    20000000    000004c4   00000000    rw-
  20000000    20000000    0000026c   00000000    rw- .vtable
  2000026c    2000026c    00000200   00000000    rw- .stack
  2000046c    2000046c    00000038   00000000    rw- .bss
  200004a4    200004a4    00000020   00000000    rw- .data


SECTION ALLOCATION MAP

 output                                  attributes/
section   page    origin      length       input sections
--------  ----  ----------  ----------   ----------------
.intvecs   0    00000000    0000026c     
                  00000000    0000026c     tm4c123gh6pm_startup_ccs.obj (.intvecs)

.text      0    0000026c    00002f98     
                  0000026c    00000f88     sysctl.obj (.text)
                  000011f4    00000ba0     gpio.obj (.text)
                  00001d94    00000a30     can.obj (.text)
                  000027c4    000003c0     interrupt.obj (.text)
                  00002b84    00000130     CAN.obj (.text)
                  00002cb4    000000e4     APP.obj (.text)
                  00002d98    000000ac     DIO.obj (.text)
                  00002e44    0000009c     rtsv7M4_T_le_v4SPD16_eabi.lib : memcpy_t2.obj (.text)
                  00002ee0    0000007a                                   : memset_t2.obj (.text)
                  00002f5a    00000002                                   : mpu_init.obj (.text)
                  00002f5c    00000070                                   : autoinit.obj (.text)
                  00002fcc    00000068                                   : copy_decompress_lzss.obj (.text:decompress:lzss)
                  00003034    00000054                                   : boot.obj (.text)
                  00003088    00000054                                   : exit.obj (.text)
                  000030dc    0000004c                                   : cpy_tbl.obj (.text)
                  00003128    0000003e     cpu.obj (.text)
                  00003166    00000002     rtsv7M4_T_le_v4SPD16_eabi.lib : startup.obj (.text)
                  00003168    00000028     delay.obj (.text)
                  00003190    00000018     rtsv7M4_T_le_v4SPD16_eabi.lib : args_main.obj (.text)
                  000031a8    00000016     ecu1.obj (.text)
                  000031be    00000002     --HOLE-- [fill = 0]
                  000031c0    00000014     rtsv7M4_T_le_v4SPD16_eabi.lib : _lock.obj (.text)
                  000031d4    0000000e                                   : copy_decompress_none.obj (.text:decompress:none)
                  000031e2    0000000c                                   : copy_zero_init.obj (.text:decompress:ZI)
                  000031ee    0000000c     tm4c123gh6pm_startup_ccs.obj (.text)
                  000031fa    00000006     sysctl.obj (.text:SysCtlDelay)
                  00003200    00000004     rtsv7M4_T_le_v4SPD16_eabi.lib : pre_init.obj (.text)

.const     0    00003204    000005b0     
                  00003204    000001b0     sysctl.obj (.const:g_pppui32XTALtoVCO)
                  000033b4    000000d8     gpio.obj (.const:g_ppui32GPIOIntMapSnowflake)
                  0000348c    000000c0     gpio.obj (.const:g_ppui32GPIOIntMapBlizzard)
                  0000354c    0000009c     interrupt.obj (.const:g_pui32Regs)
                  000035e8    00000090     gpio.obj (.const:g_pui32GPIOBaseAddrs)
                  00003678    0000006c     sysctl.obj (.const:g_pui32Xtals)
                  000036e4    00000030     sysctl.obj (.const:g_sXTALtoMEMTIM)
                  00003714    00000020     interrupt.obj (.const:g_pui32Priority)
                  00003734    00000020     can.obj (.const:g_ui16CANBitValues)
                  00003754    00000014     interrupt.obj (.const:g_pui32Dii16Regs)
                  00003768    00000014     interrupt.obj (.const:g_pui32EnRegs)
                  0000377c    00000014     interrupt.obj (.const:g_pui32PendRegs)
                  00003790    00000014     interrupt.obj (.const:g_pui32UnpendRegs)
                  000037a4    00000008     sysctl.obj (.const:g_pui32VCOFrequencies)
                  000037ac    00000008     gpio.obj (.const)

.cinit     0    000037b8    00000050     
                  000037b8    00000018     (.cinit..data.load) [load image, compression = lzss]
                  000037d0    0000000c     (__TI_handler_table)
                  000037dc    00000004     --HOLE-- [fill = 0]
                  000037e0    00000008     (.cinit..bss.load) [load image, compression = zero_init]
                  000037e8    00000008     (.cinit..vtable.load) [load image, compression = zero_init]
                  000037f0    00000018     (__TI_cinit_table)

.init_array 
*          0    00000000    00000000     UNINITIALIZED

.vtable    0    20000000    0000026c     UNINITIALIZED
                  20000000    0000026c     interrupt.obj (.vtable)

.stack     0    2000026c    00000200     UNINITIALIZED
                  2000026c    00000200     --HOLE--

.bss       0    2000046c    00000038     UNINITIALIZED
                  2000046c    00000014     (.common:g_sCANMsgObject1)
                  20000480    00000014     (.common:g_sCANMsgObject2)
                  20000494    00000008     (.common:g_pui8Msg1)
                  2000049c    00000008     (.common:g_pui8Msg2)

.data      0    200004a4    00000020     UNINITIALIZED
                  200004a4    0000000c     rtsv7M4_T_le_v4SPD16_eabi.lib : exit.obj (.data:$O1$$)
                  200004b0    00000008                                   : _lock.obj (.data:$O1$$)
                  200004b8    00000004     delay.obj (.data)
                  200004bc    00000004     rtsv7M4_T_le_v4SPD16_eabi.lib : stkdepth_vars.obj (.data)
                  200004c0    00000002     APP.obj (.data:ID)
                  200004c2    00000001     CAN.obj (.data)
                  200004c3    00000001     DIO.obj (.data)

MODULE SUMMARY

       Module                         code    ro data   rw data
       ------                         ----    -------   -------
    .\
       tm4c123gh6pm_startup_ccs.obj   12      620       0      
       CAN.obj                        304     0         57     
       APP.obj                        228     0         2      
       DIO.obj                        172     0         1      
       delay.obj                      40      0         4      
       ecu1.obj                       22      0         0      
    +--+------------------------------+-------+---------+---------+
       Total:                         778     620       64     
                                                               
    .\driverlib\
       sysctl.obj                     3982    596       0      
       gpio.obj                       2976    560       0      
       can.obj                        2608    32        0      
       interrupt.obj                  960     268       620    
       cpu.obj                        62      0         0      
    +--+------------------------------+-------+---------+---------+
       Total:                         10588   1456      620    
                                                               
    C:\ti\ccsv7\tools\compiler\ti-cgt-arm_16.9.4.LTS\lib\rtsv7M4_T_le_v4SPD16_eabi.lib
       memcpy_t2.obj                  156     0         0      
       memset_t2.obj                  122     0         0      
       autoinit.obj                   112     0         0      
       copy_decompress_lzss.obj       104     0         0      
       exit.obj                       84      0         12     
       boot.obj                       84      0         0      
       cpy_tbl.obj                    76      0         0      
       _lock.obj                      20      0         8      
       args_main.obj                  24      0         0      
       copy_decompress_none.obj       14      0         0      
       copy_zero_init.obj             12      0         0      
       pre_init.obj                   4       0         0      
       stkdepth_vars.obj              0       0         4      
       mpu_init.obj                   2       0         0      
       startup.obj                    2       0         0      
    +--+------------------------------+-------+---------+---------+
       Total:                         816     0         24     
                                                               
       Stack:                         0       0         512    
       Linker Generated:              0       76        0      
    +--+------------------------------+-------+---------+---------+
       Grand Total:                   12182   2152      1220   


LINKER GENERATED COPY TABLES

__TI_cinit_table @ 000037f0 records: 3, size/record: 8, table size: 24
	.data: load addr=000037b8, load size=00000018 bytes, run addr=200004a4, run size=00000020 bytes, compression=lzss
	.bss: load addr=000037e0, load size=00000008 bytes, run addr=2000046c, run size=00000038 bytes, compression=zero_init
	.vtable: load addr=000037e8, load size=00000008 bytes, run addr=20000000, run size=0000026c bytes, compression=zero_init


LINKER GENERATED HANDLER TABLE

__TI_handler_table @ 000037d0 records: 3, size/record: 4, table size: 12
	index: 0, handler: __TI_zero_init
	index: 1, handler: __TI_decompress_lzss
	index: 2, handler: __TI_decompress_none


GLOBAL SYMBOLS: SORTED ALPHABETICALLY BY Name 

address   name                            
-------   ----                            
00002cb5  APP                             
00003089  C$$EXIT                         
00001fad  CANBitRateSet                   
00001f3d  CANBitTimingGet                 
00002079  CANBitTimingSet                 
00001f29  CANDisable                      
00001f15  CANEnable                       
000022c3  CANErrCntrGet                   
00001e99  CANInit                         
000021b5  CANIntClear                     
00002155  CANIntDisable                   
0000213f  CANIntEnable                    
00002b85  CANIntHandler                   
00002107  CANIntRegister                  
0000216b  CANIntStatus                    
00002125  CANIntUnregister                
00002795  CANMessageClear                 
0000258b  CANMessageGet                   
000022f9  CANMessageSet                   
00002221  CANRetryGet                     
000021ef  CANRetrySet                     
0000223d  CANStatusGet                    
00002bcd  CAN_Init                        
0000315d  CPUbasepriGet                   
0000314f  CPUbasepriSet                   
00003129  CPUcpsid                        
0000313f  CPUcpsie                        
00003135  CPUprimask                      
0000314b  CPUwfi                          
00001d6d  GPIOADCTriggerDisable           
00001d4f  GPIOADCTriggerEnable            
00001d31  GPIODMATriggerDisable           
00001d13  GPIODMATriggerEnable            
000012b3  GPIODirModeGet                  
00001257  GPIODirModeSet                  
00002d99  GPIOF_Handler                   
00001823  GPIOIntClear                    
000017e7  GPIOIntDisable                  
000017cd  GPIOIntEnable                   
00001837  GPIOIntRegister                 
0000186f  GPIOIntRegisterPin              
00001801  GPIOIntStatus                   
000013a3  GPIOIntTypeGet                  
000012ff  GPIOIntTypeSet                  
00001855  GPIOIntUnregister               
0000189d  GPIOIntUnregisterPin            
0000167b  GPIOPadConfigGet                
00001441  GPIOPadConfigSet                
00001cb5  GPIOPinConfigure                
000018c1  GPIOPinRead                     
000018f9  GPIOPinTypeADC                  
0000191d  GPIOPinTypeCAN                  
00001941  GPIOPinTypeComparator           
00001965  GPIOPinTypeComparatorOutput     
00001989  GPIOPinTypeDIVSCLK              
000019ad  GPIOPinTypeEPI                  
000019d1  GPIOPinTypeEthernetLED          
000019f5  GPIOPinTypeEthernetMII          
00001a19  GPIOPinTypeGPIOInput            
00001a3d  GPIOPinTypeGPIOOutput           
00001a61  GPIOPinTypeGPIOOutputOD         
00001a85  GPIOPinTypeHibernateRTCCLK      
00001aa9  GPIOPinTypeI2C                  
00001acd  GPIOPinTypeI2CSCL               
00001af1  GPIOPinTypeLCD                  
00001b15  GPIOPinTypeOneWire              
00001b39  GPIOPinTypePWM                  
00001b5d  GPIOPinTypeQEI                  
00001b81  GPIOPinTypeSSI                  
00001ba5  GPIOPinTypeTimer                
00001bc9  GPIOPinTypeTrace                
00001bed  GPIOPinTypeUART                 
00001c11  GPIOPinTypeUSBAnalog            
00001c35  GPIOPinTypeUSBDigital           
00001c59  GPIOPinTypeWakeHigh             
00001c7f  GPIOPinTypeWakeLow              
00001ca5  GPIOPinWakeStatus               
000018d9  GPIOPinWrite                    
200004c0  ID                              
00002985  IntDisable                      
00002913  IntEnable                       
000029f7  IntIsEnabled                    
000027d7  IntMasterDisable                
000027c7  IntMasterEnable                 
00002aed  IntPendClear                    
00002a7d  IntPendSet                      
000028ef  IntPriorityGet                  
00002867  IntPriorityGroupingGet          
0000284d  IntPriorityGroupingSet          
00002b47  IntPriorityMaskGet              
00002b3b  IntPriorityMaskSet              
0000289f  IntPrioritySet                  
000027e7  IntRegister                     
00002b4f  IntTrigger                      
00002839  IntUnregister                   
00002e15  LED_OFF                         
00002e01  LED_ON                          
00002dab  PORTF_init                      
000031ef  ResetISR                        
UNDEFED   SHT$$INIT_ARRAY$$Base           
UNDEFED   SHT$$INIT_ARRAY$$Limit          
00003173  SimpleDelay                     
000011b1  SysCtlAltClkConfig              
000008d5  SysCtlClockFreqSet              
00000d9d  SysCtlClockGet                  
00001195  SysCtlClockOutConfig            
00000bcd  SysCtlClockSet                  
000007d9  SysCtlDeepSleep                 
00000f65  SysCtlDeepSleepClockConfigSet   
00000f49  SysCtlDeepSleepClockSet         
000007b9  SysCtlDeepSleepPowerSet         
000031fb  SysCtlDelay                     
00000365  SysCtlFlashSectorSizeGet        
00000339  SysCtlFlashSizeGet              
0000103b  SysCtlGPIOAHBDisable            
0000101f  SysCtlGPIOAHBEnable             
0000074d  SysCtlIntClear                  
00000735  SysCtlIntDisable                
00000721  SysCtlIntEnable                 
000006f9  SysCtlIntRegister               
0000075d  SysCtlIntStatus                 
00000711  SysCtlIntUnregister             
0000079f  SysCtlLDODeepSleepGet           
0000078f  SysCtlLDODeepSleepSet           
00000789  SysCtlLDOSleepGet               
00000779  SysCtlLDOSleepSet               
0000080f  SysCtlMOSCConfigSet             
00001179  SysCtlNMIClear                  
00001169  SysCtlNMIStatus                 
00000825  SysCtlPIOSCCalibrate            
00001009  SysCtlPWMClockGet               
00000fef  SysCtlPWMClockSet               
000006a5  SysCtlPeripheralClockGating     
0000065d  SysCtlPeripheralDeepSleepDisable
0000060d  SysCtlPeripheralDeepSleepEnable 
00000549  SysCtlPeripheralDisable         
0000050d  SysCtlPeripheralEnable          
00000449  SysCtlPeripheralPowerOff        
0000040d  SysCtlPeripheralPowerOn         
0000038d  SysCtlPeripheralPresent         
000003cd  SysCtlPeripheralReady           
00000485  SysCtlPeripheralReset           
000005d1  SysCtlPeripheralSleepDisable    
0000058d  SysCtlPeripheralSleepEnable     
000007c9  SysCtlReset                     
00000885  SysCtlResetBehaviorGet          
00000875  SysCtlResetBehaviorSet          
000007fb  SysCtlResetCauseClear           
000007f5  SysCtlResetCauseGet             
0000032f  SysCtlSRAMSizeGet               
000007d1  SysCtlSleep                     
000007a5  SysCtlSleepPowerSet             
00001063  SysCtlUSBPLLDisable             
00001057  SysCtlUSBPLLEnable              
000010a9  SysCtlVCOGet                    
00001095  SysCtlVoltageEventClear         
00001075  SysCtlVoltageEventConfig        
00001089  SysCtlVoltageEventStatus        
200004c3  Toggle_flag                     
2000046c  __STACK_END                     
00000200  __STACK_SIZE                    
2000046c  __STACK_TOP                     
000037f0  __TI_CINIT_Base                 
00003808  __TI_CINIT_Limit                
000037d0  __TI_Handler_Table_Base         
000037dc  __TI_Handler_Table_Limit        
00002f5d  __TI_auto_init                  
200004a4  __TI_cleanup_ptr                
00002fcd  __TI_decompress_lzss            
000031d5  __TI_decompress_none            
200004a8  __TI_dtors_ptr                  
200004ac  __TI_enable_exit_profile_output 
ffffffff  __TI_pprof_out_hndl             
ffffffff  __TI_prof_data_size             
ffffffff  __TI_prof_data_start            
00000000  __TI_static_base__              
000031e3  __TI_zero_init                  
00002ee1  __aeabi_memclr                  
00002ee1  __aeabi_memclr4                 
00002ee1  __aeabi_memclr8                 
00002e45  __aeabi_memcpy                  
00002e45  __aeabi_memcpy4                 
00002e45  __aeabi_memcpy8                 
00002ee3  __aeabi_memset                  
00002ee3  __aeabi_memset4                 
00002ee3  __aeabi_memset8                 
ffffffff  __binit__                       
ffffffff  __c_args__                      
00002f5b  __mpu_init                      
2000026c  __stack                         
00003191  _args_main                      
00003035  _c_int00                        
200004b0  _lock                           
000031cf  _nop                            
000031c7  _register_lock                  
000031c1  _register_unlock                
00003167  _system_post_cinit              
00003201  _system_pre_init                
200004b4  _unlock                         
0000308d  abort                           
ffffffff  binit                           
000030dd  copy_in                         
00003095  exit                            
20000000  g_pfnRAMVectors                 
00000000  g_pfnVectors                    
20000494  g_pui8Msg1                      
2000049c  g_pui8Msg2                      
2000046c  g_sCANMsgObject1                
20000480  g_sCANMsgObject2                
000031a9  main                            
200004bc  main_func_sp                    
00002e45  memcpy                          
00002ee9  memset                          
200004c2  message_received                
00003169  sysctl_init                     


GLOBAL SYMBOLS: SORTED BY Symbol Address 

address   name                            
-------   ----                            
00000000  __TI_static_base__              
00000000  g_pfnVectors                    
00000200  __STACK_SIZE                    
0000032f  SysCtlSRAMSizeGet               
00000339  SysCtlFlashSizeGet              
00000365  SysCtlFlashSectorSizeGet        
0000038d  SysCtlPeripheralPresent         
000003cd  SysCtlPeripheralReady           
0000040d  SysCtlPeripheralPowerOn         
00000449  SysCtlPeripheralPowerOff        
00000485  SysCtlPeripheralReset           
0000050d  SysCtlPeripheralEnable          
00000549  SysCtlPeripheralDisable         
0000058d  SysCtlPeripheralSleepEnable     
000005d1  SysCtlPeripheralSleepDisable    
0000060d  SysCtlPeripheralDeepSleepEnable 
0000065d  SysCtlPeripheralDeepSleepDisable
000006a5  SysCtlPeripheralClockGating     
000006f9  SysCtlIntRegister               
00000711  SysCtlIntUnregister             
00000721  SysCtlIntEnable                 
00000735  SysCtlIntDisable                
0000074d  SysCtlIntClear                  
0000075d  SysCtlIntStatus                 
00000779  SysCtlLDOSleepSet               
00000789  SysCtlLDOSleepGet               
0000078f  SysCtlLDODeepSleepSet           
0000079f  SysCtlLDODeepSleepGet           
000007a5  SysCtlSleepPowerSet             
000007b9  SysCtlDeepSleepPowerSet         
000007c9  SysCtlReset                     
000007d1  SysCtlSleep                     
000007d9  SysCtlDeepSleep                 
000007f5  SysCtlResetCauseGet             
000007fb  SysCtlResetCauseClear           
0000080f  SysCtlMOSCConfigSet             
00000825  SysCtlPIOSCCalibrate            
00000875  SysCtlResetBehaviorSet          
00000885  SysCtlResetBehaviorGet          
000008d5  SysCtlClockFreqSet              
00000bcd  SysCtlClockSet                  
00000d9d  SysCtlClockGet                  
00000f49  SysCtlDeepSleepClockSet         
00000f65  SysCtlDeepSleepClockConfigSet   
00000fef  SysCtlPWMClockSet               
00001009  SysCtlPWMClockGet               
0000101f  SysCtlGPIOAHBEnable             
0000103b  SysCtlGPIOAHBDisable            
00001057  SysCtlUSBPLLEnable              
00001063  SysCtlUSBPLLDisable             
00001075  SysCtlVoltageEventConfig        
00001089  SysCtlVoltageEventStatus        
00001095  SysCtlVoltageEventClear         
000010a9  SysCtlVCOGet                    
00001169  SysCtlNMIStatus                 
00001179  SysCtlNMIClear                  
00001195  SysCtlClockOutConfig            
000011b1  SysCtlAltClkConfig              
00001257  GPIODirModeSet                  
000012b3  GPIODirModeGet                  
000012ff  GPIOIntTypeSet                  
000013a3  GPIOIntTypeGet                  
00001441  GPIOPadConfigSet                
0000167b  GPIOPadConfigGet                
000017cd  GPIOIntEnable                   
000017e7  GPIOIntDisable                  
00001801  GPIOIntStatus                   
00001823  GPIOIntClear                    
00001837  GPIOIntRegister                 
00001855  GPIOIntUnregister               
0000186f  GPIOIntRegisterPin              
0000189d  GPIOIntUnregisterPin            
000018c1  GPIOPinRead                     
000018d9  GPIOPinWrite                    
000018f9  GPIOPinTypeADC                  
0000191d  GPIOPinTypeCAN                  
00001941  GPIOPinTypeComparator           
00001965  GPIOPinTypeComparatorOutput     
00001989  GPIOPinTypeDIVSCLK              
000019ad  GPIOPinTypeEPI                  
000019d1  GPIOPinTypeEthernetLED          
000019f5  GPIOPinTypeEthernetMII          
00001a19  GPIOPinTypeGPIOInput            
00001a3d  GPIOPinTypeGPIOOutput           
00001a61  GPIOPinTypeGPIOOutputOD         
00001a85  GPIOPinTypeHibernateRTCCLK      
00001aa9  GPIOPinTypeI2C                  
00001acd  GPIOPinTypeI2CSCL               
00001af1  GPIOPinTypeLCD                  
00001b15  GPIOPinTypeOneWire              
00001b39  GPIOPinTypePWM                  
00001b5d  GPIOPinTypeQEI                  
00001b81  GPIOPinTypeSSI                  
00001ba5  GPIOPinTypeTimer                
00001bc9  GPIOPinTypeTrace                
00001bed  GPIOPinTypeUART                 
00001c11  GPIOPinTypeUSBAnalog            
00001c35  GPIOPinTypeUSBDigital           
00001c59  GPIOPinTypeWakeHigh             
00001c7f  GPIOPinTypeWakeLow              
00001ca5  GPIOPinWakeStatus               
00001cb5  GPIOPinConfigure                
00001d13  GPIODMATriggerEnable            
00001d31  GPIODMATriggerDisable           
00001d4f  GPIOADCTriggerEnable            
00001d6d  GPIOADCTriggerDisable           
00001e99  CANInit                         
00001f15  CANEnable                       
00001f29  CANDisable                      
00001f3d  CANBitTimingGet                 
00001fad  CANBitRateSet                   
00002079  CANBitTimingSet                 
00002107  CANIntRegister                  
00002125  CANIntUnregister                
0000213f  CANIntEnable                    
00002155  CANIntDisable                   
0000216b  CANIntStatus                    
000021b5  CANIntClear                     
000021ef  CANRetrySet                     
00002221  CANRetryGet                     
0000223d  CANStatusGet                    
000022c3  CANErrCntrGet                   
000022f9  CANMessageSet                   
0000258b  CANMessageGet                   
00002795  CANMessageClear                 
000027c7  IntMasterEnable                 
000027d7  IntMasterDisable                
000027e7  IntRegister                     
00002839  IntUnregister                   
0000284d  IntPriorityGroupingSet          
00002867  IntPriorityGroupingGet          
0000289f  IntPrioritySet                  
000028ef  IntPriorityGet                  
00002913  IntEnable                       
00002985  IntDisable                      
000029f7  IntIsEnabled                    
00002a7d  IntPendSet                      
00002aed  IntPendClear                    
00002b3b  IntPriorityMaskSet              
00002b47  IntPriorityMaskGet              
00002b4f  IntTrigger                      
00002b85  CANIntHandler                   
00002bcd  CAN_Init                        
00002cb5  APP                             
00002d99  GPIOF_Handler                   
00002dab  PORTF_init                      
00002e01  LED_ON                          
00002e15  LED_OFF                         
00002e45  __aeabi_memcpy                  
00002e45  __aeabi_memcpy4                 
00002e45  __aeabi_memcpy8                 
00002e45  memcpy                          
00002ee1  __aeabi_memclr                  
00002ee1  __aeabi_memclr4                 
00002ee1  __aeabi_memclr8                 
00002ee3  __aeabi_memset                  
00002ee3  __aeabi_memset4                 
00002ee3  __aeabi_memset8                 
00002ee9  memset                          
00002f5b  __mpu_init                      
00002f5d  __TI_auto_init                  
00002fcd  __TI_decompress_lzss            
00003035  _c_int00                        
00003089  C$$EXIT                         
0000308d  abort                           
00003095  exit                            
000030dd  copy_in                         
00003129  CPUcpsid                        
00003135  CPUprimask                      
0000313f  CPUcpsie                        
0000314b  CPUwfi                          
0000314f  CPUbasepriSet                   
0000315d  CPUbasepriGet                   
00003167  _system_post_cinit              
00003169  sysctl_init                     
00003173  SimpleDelay                     
00003191  _args_main                      
000031a9  main                            
000031c1  _register_unlock                
000031c7  _register_lock                  
000031cf  _nop                            
000031d5  __TI_decompress_none            
000031e3  __TI_zero_init                  
000031ef  ResetISR                        
000031fb  SysCtlDelay                     
00003201  _system_pre_init                
000037d0  __TI_Handler_Table_Base         
000037dc  __TI_Handler_Table_Limit        
000037f0  __TI_CINIT_Base                 
00003808  __TI_CINIT_Limit                
20000000  g_pfnRAMVectors                 
2000026c  __stack                         
2000046c  __STACK_END                     
2000046c  __STACK_TOP                     
2000046c  g_sCANMsgObject1                
20000480  g_sCANMsgObject2                
20000494  g_pui8Msg1                      
2000049c  g_pui8Msg2                      
200004a4  __TI_cleanup_ptr                
200004a8  __TI_dtors_ptr                  
200004ac  __TI_enable_exit_profile_output 
200004b0  _lock                           
200004b4  _unlock                         
200004bc  main_func_sp                    
200004c0  ID                              
200004c2  message_received                
200004c3  Toggle_flag                     
ffffffff  __TI_pprof_out_hndl             
ffffffff  __TI_prof_data_size             
ffffffff  __TI_prof_data_start            
ffffffff  __binit__                       
ffffffff  __c_args__                      
ffffffff  binit                           
UNDEFED   SHT$$INIT_ARRAY$$Base           
UNDEFED   SHT$$INIT_ARRAY$$Limit          

[215 symbols]
